******************************************************************************
                  TI ARM Linker PC v5.0.1                      
******************************************************************************
>> Linked Sat Feb 09 19:35:56 2013

OUTPUT FILE NAME:   <szimetestio.out>
ENTRY POINT SYMBOL: "_c_int00"  address: 00007ac9


MEMORY CONFIGURATION

         name            origin    length      used     unused   attr    fill
----------------------  --------  ---------  --------  --------  ----  --------
  FLASH                 00000000   00040000  0000c729  000338d7  R  X
  SRAM                  20000000   00008000  000052e6  00002d1a  RW X


SEGMENT ALLOCATION MAP

run origin  load origin   length   init length attrs members
----------  ----------- ---------- ----------- ----- -------
00000000    00000000    0000c730   0000c730    r-x
  00000000    00000000    00000354   00000354    r-- .resetVecs
  00000354    00000354    000095b8   000095b8    r-x .text
  0000990c    0000990c    000028b5   000028b5    r-- .const
  0000c1c8    0000c1c8    00000568   00000568    r-- .cinit
20000000    20000000    000046d8   00000000    rw-
  20000000    20000000    00000354   00000000    rw- .vecs
  20000358    20000358    00003380   00000000    rw- .bss
  200036d8    200036d8    00001000   00000000    rw- .stack
200046d8    200046d8    00000c12   00000c12    rw-
  200046d8    200046d8    00000c12   00000c12    rw- .data


SECTION ALLOCATION MAP

 output                                  attributes/
section   page    origin      length       input sections
--------  ----  ----------  ----------   ----------------
.bootVecs 
*          0    00000000    00000008     DSECT
                  00000000    00000008     boot.aem4f : boot.oem4f (.bootVecs)

.resetVecs 
*          0    00000000    00000354     
                  00000000    00000354     testio_pem4f.oem4f (.resetVecs)

xdc.meta   0    00000000    000000e8     COPY SECTION
                  00000000    000000e8     testio_pem4f.oem4f (xdc.meta)

.text      0    00000354    000095b8     
                  00000354    0000043c     uart_stellarisware.aem4f : UART.oem4f (.text:UART_hwiIntFxn)
                  00000790    0000042c                              : UART.oem4f (.text:UART_open)
                  00000bbc    000003d8     sysbios.lib : BIOS.obj (.text:ti_sysbios_family_arm_m3_Hwi_excDumpRegs__I)
                  00000f94    00000378     rtsv7M4_T_le_v4SPD16_eabi.lib : lowlev.obj (.text)
                  0000130c    00000370     uart_stellarisware.aem4f : UART.oem4f (.text:UART_write)
                  0000167c    00000314     ti.targets.arm.rtsarm.aem4f : System.oem4f (.text:xdc_runtime_System_doPrint__I)
                  00001990    000002ec     ti.sysbios.fatfs.aem4f : ff.oem4f (.text:chk_mounted)
                  00001c7c    000002e4     rtsv7M4_T_le_v4SPD16_eabi.lib : trgdrv.obj (.text)
                  00001f60    00000250     sysbios.lib : BIOS.obj (.text:ti_sysbios_heaps_HeapMem_free__E)
                  000021b0    0000023c                 : BIOS.obj (.text:ti_sysbios_utils_Load_update__E)
                  000023ec    00000238                 : BIOS.obj (.text:ti_sysbios_heaps_HeapMem_alloc__E)
                  00002624    000001de     ti.sysbios.fatfs.aem4f : ff.oem4f (.text:f_write)
                  00002802    00000002     sysbios.lib : BIOS.obj (.text:nullFunc$0)
                  00002804    000001d8     driverlib-cm4f.lib : sysctl.obj (.text:SysCtlClockGet)
                  000029dc    000001d8     sysbios.lib : BIOS.obj (.text:ti_sysbios_utils_Load_logLoads__I)
                  00002bb4    000001c8                 : BIOS.obj (.text:ti_sysbios_knl_Semaphore_pend__E)
                  00002d7c    000001a4     ti.sysbios.fatfs.aem4f : ff.oem4f (.text:f_read)
                  00002f20    000001a4     ti.uia.runtime.aem4f : LoggerStopMode.oem4f (.text:ti_uia_runtime_LoggerStopMode_write8__E)
                  000030c4    00000190     sysbios.lib : BIOS.obj (.text:ti_sysbios_family_arm_m3_Hwi_excHandlerMax__I)
                  00003254    0000018a     ti.sysbios.fatfs.aem4f : ff.oem4f (.text:f_lseek)
                  000033de    00000002     sysbios.lib : BIOS.obj (.text:ti_sysbios_family_arm_lm3_Timer_setNextTick__E)
                  000033e0    0000015c     ti.uia.runtime.aem4f : LoggerStopMode.oem4f (.text:ti_uia_runtime_LoggerStopMode_writeMemoryRange__E)
                  0000353c    00000152     ti.sysbios.fatfs.aem4f : ff.oem4f (.text:f_open)
                  0000368e    00000002     sysbios.lib : BIOS.obj (.text:ti_sysbios_gates_GateHwi_Instance_init__F)
                  00003690    00000150     ti.targets.arm.rtsarm.aem4f : Core-mem.oem4f (.text:xdc_runtime_Core_createObject__I)
                  000037e0    0000014c     EKS_LM4F232.obj (.text:EKS_LM4F232_initGPIO)
                  0000392c    00000148     ti.uia.runtime.aem4f : LoggerStopMode.oem4f (.text:ti_uia_runtime_LoggerStopMode_write4__E)
                  00003a74    0000013c     ti.targets.arm.rtsarm.aem4f : Error.oem4f (.text:xdc_runtime_Error_raiseX__F)
                  00003bb0    00000134     sysbios.lib : m3_Hwi_asm.obj (.text:ti_sysbios_family_arm_m3_Hwi_dispatch__I)
                  00003ce4    00000130                 : BIOS.obj (.text:ti_sysbios_knl_Task_exit__E)
                  00003e14    0000012c                 : BIOS.obj (.text:ti_sysbios_family_arm_m3_Hwi_dispatchC__I)
                  00003f40    0000012c                 : BIOS.obj (.text:ti_sysbios_knl_Clock_workFunc__E)
                  0000406c    00000126     ti.sysbios.fatfs.aem4f : ff.oem4f (.text:f_rename)
                  00004192    00000002     --HOLE-- [fill = 0]
                  00004194    00000124     sysbios.lib : BIOS.obj (.text:ti_sysbios_knl_Clock_Instance_init__F)
                  000042b8    00000120                 : BIOS.obj (.text:ti_sysbios_family_arm_m3_Hwi_Module_startup__F)
                  000043d8    0000011c     EKS_LM4F232.obj (.text:EKS_LM4F232_initUART)
                  000044f4    0000011c     gpio_stellarisware.aem4f : GPIO.oem4f (.text:GPIO_toggle)
                  00004610    00000118     sysbios.lib : BIOS.obj (.text:ti_sysbios_knl_Task_schedule__I)
                  00004728    00000114     Boot.aem4f : Boot.oem4f (.text:.bootCodeSection)
                  0000483c    00000114     sysbios.lib : BIOS.obj (.text:ti_sysbios_knl_Swi_run__I)
                  00004950    00000113     ti.sysbios.fatfs.aem4f : ff.oem4f (.text:create_name)
                  00004a63    00000001     --HOLE-- [fill = 0]
                  00004a64    0000010c     gpio_stellarisware.aem4f : GPIO.oem4f (.text:GPIO_write)
                  00004b70    00000104     testio.obj (.text:GPIOTicker)
                  00004c74    000000fc     ti.targets.arm.rtsarm.aem4f : Startup.oem4f (.text:xdc_runtime_Startup_startMods__I)
                  00004d70    000000f8     sysbios.lib : BIOS.obj (.text:ti_sysbios_knl_Task_postInit__I)
                  00004e68    000000f8                 : BIOS.obj (.text:ti_sysbios_knl_Task_startup__E)
                  00004f60    000000f2     ti.sysbios.fatfs.aem4f : ff.oem4f (.text:dir_next)
                  00005052    000000ee                            : ff.oem4f (.text:put_fat)
                  00005140    000000ee     testio_pem4f.oem4f (.text:xdc_runtime_System_printfExtend__I)
                  0000522e    00000002     --HOLE-- [fill = 0]
                  00005230    000000ec     gpio_stellarisware.aem4f : GPIO.oem4f (.text:GPIO_read)
                  0000531c    000000ec     rtsv7M4_T_le_v4SPD16_eabi.lib : dtor_list.obj (.text)
                  00005408    000000dc     sysbios.lib : BIOS.obj (.text:ti_sysbios_family_arm_lm3_Timer_enableTimers__I)
                  000054e4    000000d0                 : BIOS.obj (.text:ti_sysbios_family_arm_m3_Hwi_excUsageFault__I)
                  000055b4    000000ce     ti.sysbios.fatfs.aem4f : ff.oem4f (.text:get_fat)
                  00005682    000000c8     driverlib-cm4f.lib : gpio.obj (.text:GPIOPadConfigSet)
                  0000574a    00000002     --HOLE-- [fill = 0]
                  0000574c    000000c4     sysbios.lib : BIOS.obj (.text:ti_sysbios_family_arm_lm3_Timer_startup__E)
                  00005810    000000c0     testio.obj (.text:main)
                  000058d0    000000c0     ti.sysbios.fatfs.aem4f : ff.oem4f (.text:sync)
                  00005990    000000c0     sysbios.lib : BIOS.obj (.text:ti_sysbios_heaps_HeapMem_Instance_init__F)
                  00005a50    000000c0                 : BIOS.obj (.text:ti_sysbios_knl_Semaphore_post__E)
                  00005b10    000000be     ti.sysbios.fatfs.aem4f : ff.oem4f (.text:f_sync)
                  00005bce    000000be                            : ff.oem4f (.text:f_unlink)
                  00005c8c    000000bc     sysbios.lib : BIOS.obj (.text:ti_sysbios_knl_Task_unblockI__E)
                  00005d48    000000b8                 : BIOS.obj (.text:ti_sysbios_family_arm_m3_Hwi_excBusFault__I)
                  00005e00    000000b8                 : BIOS.obj (.text:ti_sysbios_utils_Load_idleFxn__E)
                  00005eb8    000000b4                 : BIOS.obj (.text:ti_sysbios_family_arm_m3_Hwi_excHardFault__I)
                  00005f6c    000000b4                 : BIOS.obj (.text:ti_sysbios_gates_GateMutex_enter__E)
                  00006020    000000b0                 : BIOS.obj (.text:ti_sysbios_family_arm_m3_Hwi_excDebugMon__I)
                  000060d0    000000ac     ti.sysbios.fatfs.aem4f : ffcio.oem4f (.text:ffcio_open)
                  0000617c    000000ac     sysbios.lib : BIOS.obj (.text:ti_sysbios_knl_Clock_Instance_finalize__F)
                  00006228    000000ac                 : BIOS.obj (.text:ti_sysbios_knl_Swi_post__E)
                  000062d4    000000ac                 : BIOS.obj (.text:ti_sysbios_knl_Task_checkStacks__E)
                  00006380    000000a8     testio.obj (.text:UartTask)
                  00006428    000000a8     sysbios.lib : BIOS.obj (.text:ti_sysbios_knl_Semaphore_Instance_init__F)
                  000064d0    000000a8                 : BIOS.obj (.text:ti_sysbios_knl_Swi_schedule__I)
                  00006578    000000a8                 : BIOS.obj (.text:ti_sysbios_utils_Load_addTask__E)
                  00006620    000000a4                 : BIOS.obj (.text:ti_sysbios_family_arm_lm3_TimestampProvider_get64__E)
                  000066c4    000000a4                 : BIOS.obj (.text:ti_sysbios_family_arm_m3_Hwi_excMemFault__I)
                  00006768    000000a0     auto_init.aem4f : auto_init.oem4f (.text)
                  00006808    000000a0     sysbios.lib : BIOS.obj (.text:ti_sysbios_knl_Task_blockI__E)
                  000068a8    0000009c     rtsv7M4_T_le_v4SPD16_eabi.lib : memcpy_t2.obj (.text)
                  00006944    00000096     ti.sysbios.fatfs.aem4f : ff.oem4f (.text:create_chain)
                  000069da    00000002     --HOLE-- [fill = 0]
                  000069dc    00000094     sysbios.lib : BIOS.obj (.text:ti_sysbios_family_arm_m3_Hwi_Instance_init__F)
                  00006a70    00000092     ti.targets.arm.rtsarm.aem4f : Text.oem4f (.text:xdc_runtime_Text_putSite__F)
                  00006b02    00000002     --HOLE-- [fill = 0]
                  00006b04    00000090     EKS_LM4F232.obj (.text:EKS_LM4F232_initGeneral)
                  00006b94    00000090     ti.targets.arm.rtsarm.aem4f : Text.oem4f (.text:xdc_runtime_Text_putMod__F)
                  00006c24    0000008c     sysbios.lib : m3_TaskSupport_asm.obj (.text:_ti_sysbios_family_arm_m3_TaskSupport_buildTaskStack)
                  00006cb0    0000008c                 : BIOS.obj (.text:ti_sysbios_utils_Load_taskCreateHook__E)
                  00006d3c    00000084                 : BIOS.obj (.text:ti_sysbios_family_arm_lm3_Timer_Module_startup__F)
                  00006dc0    00000082     ti.sysbios.fatfs.aem4f : ff.oem4f (.text:dir_sdi)
                  00006e42    00000002     --HOLE-- [fill = 0]
                  00006e44    00000080     sysbios.lib : BIOS.obj (.text:ti_sysbios_family_arm_lm3_Timer_start__E)
                  00006ec4    00000080                 : BIOS.obj (.text:ti_sysbios_family_arm_m3_Hwi_reconfig__E)
                  00006f44    00000080                 : BIOS.obj (.text:ti_sysbios_knl_Task_Module_startup__F)
                  00006fc4    00000080     ti.uia.runtime.aem4f : LoggerStopMode.oem4f (.text:ti_uia_runtime_LoggerStopMode_getContents__E)
                  00007044    00000080                          : LoggerStopMode.oem4f (.text:ti_uia_runtime_LoggerStopMode_setFilterLevel__E)
                  000070c4    00000078     ti.sysbios.fatfs.aem4f : ff.oem4f (.text:follow_path)
                  0000713c    00000078     rtsv7M4_T_le_v4SPD16_eabi.lib : memset_t2.obj (.text)
                  000071b4    00000078     sysbios.lib : BIOS.obj (.text:ti_sysbios_utils_Load_taskDeleteHook__E)
                  0000722c    00000074     ti.uia.runtime.aem4f : LoggerStopMode.oem4f (.text:ti_uia_runtime_LoggerStopMode_getFilterLevel__E)
                  000072a0    00000070     ti.sysbios.fatfs.aem4f : ff.oem4f (.text:check_fs)
                  00007310    00000070     sysbios.lib : BIOS.obj (.text:rtsUnlock$0)
                  00007380    00000070                 : BIOS.obj (.text:ti_sysbios_family_arm_lm3_TimestampProvider_get32__E)
                  000073f0    00000070                 : BIOS.obj (.text:ti_sysbios_utils_Load_removeTask__E)
                  00007460    00000070     ti.targets.arm.rtsarm.aem4f : Memory.oem4f (.text:xdc_runtime_Memory_alloc__F)
                  000074d0    0000006c     ti.sysbios.fatfs.aem4f : ff.oem4f (.text:move_window)
                  0000753c    0000006c     testio_pem4f.oem4f (.text:ti_sysbios_family_arm_m3_Hwi_Object__create__S)
                  000075a8    0000006c     testio_pem4f.oem4f (.text:ti_sysbios_hal_Hwi_Object__create__S)
                  00007614    0000006c     sysbios.lib : BIOS.obj (.text:ti_sysbios_knl_Clock_start__E)
                  00007680    0000006c     ti.uia.runtime.aem4f : LoggerStopMode.oem4f (.text:ti_uia_runtime_LoggerStopMode_writeBlockOfMemory__I)
                  000076ec    0000006c     ti.targets.arm.rtsarm.aem4f : Error.oem4f (.text:xdc_runtime_Error_print__F)
                  00007758    00000066                                 : Core-mem.oem4f (.text:xdc_runtime_Core_deleteObject__I)
                  000077be    00000064     ti.sysbios.fatfs.aem4f : ff.oem4f (.text:remove_chain)
                  00007822    00000002     --HOLE-- [fill = 0]
                  00007824    00000064     sysbios.lib : BIOS.obj (.text:ti_sysbios_knl_Clock_startI__E)
                  00007888    00000062     ti.sysbios.fatfs.aem4f : ff.oem4f (.text:dir_register)
                  000078ea    00000002     --HOLE-- [fill = 0]
                  000078ec    00000060     rtsv7M4_T_le_v4SPD16_eabi.lib : trgmsg.obj (.text)
                  0000794c    00000060     sysbios.lib : BIOS.obj (.text:ti_sysbios_knl_Clock_logTick__E)
                  000079ac    00000060     testio_pem4f.oem4f (.text:ti_uia_runtime_LoggerStopMode_Object__create__S)
                  00007a0c    0000005e     rtsv7M4_T_le_v4SPD16_eabi.lib : copy_decompress_rle.obj (.text)
                  00007a6a    0000005e     ti.uia.runtime.aem4f : LoggerStopMode.oem4f (.text:ti_uia_runtime_LoggerStopMode_readBlockOfMemory__I)
                  00007ac8    00000058     boot.aem4f : boot.oem4f (.text)
                  00007b20    00000058     driverlib-cm4f.lib : sysctl.obj (.text:SysCtlPeripheralEnable)
                  00007b78    00000057     ti.targets.arm.rtsarm.aem4f : Text.oem4f (.text:xdc_runtime_Text_putLab__F)
                  00007bcf    00000001     --HOLE-- [fill = 0]
                  00007bd0    00000054     sysbios.lib : BIOS.obj (.text:ti_sysbios_knl_Swi_restoreHwi__E)
                  00007c24    00000050                 : BIOS.obj (.text:ti_sysbios_utils_Load_taskSwitchHook__E)
                  00007c74    00000050     ti.targets.arm.rtsarm.aem4f : Startup.oem4f (.text:xdc_runtime_Startup_exec__F)
                  00007cc4    00000050                                 : System.oem4f (.text:xdc_runtime_System_formatNum__I)
                  00007d14    00000050                                 : Text.oem4f (.text:xdc_runtime_Text_visitRope2__I)
                  00007d64    0000004c     sysbios.lib : m3_Hwi_asm_switch.obj (.text:_ti_sysbios_family_xxx_Hwi_switchToIsrStack)
                  00007db0    0000004c     testio_pem4f.oem4f (.text:ti_sysbios_fatfs_startup)
                  00007dfc    0000004c     sysbios.lib : BIOS.obj (.text:ti_sysbios_knl_Clock_getTicks__E)
                  00007e48    0000004c     ti.uia.runtime.aem4f : LoggerStopMode.oem4f (.text:ti_uia_runtime_LoggerStopMode_filterOutEvent__I)
                  00007e94    0000004c                          : QueueDescriptor.oem4f (.text:ti_uia_runtime_QueueDescriptor_removeFromList__E)
                  00007ee0    00000048     driverlib-cm4f.lib : gpio.obj (.text:GPIOPinConfigure)
                  00007f28    00000048     sysbios.lib : BIOS.obj (.text:ti_sysbios_family_arm_m3_Hwi_excReserved__I)
                  00007f70    00000048                 : BIOS.obj (.text:ti_sysbios_heaps_HeapMem_getStats__E)
                  00007fb8    00000048     ti.targets.arm.rtsarm.aem4f : Assert.oem4f (.text:xdc_runtime_Assert_raise__I)
                  00008000    00000048                                 : Core-params.oem4f (.text:xdc_runtime_Core_assignParams__I)
                  00008048    00000046     ti.uia.runtime.aem4f : LoggerStopMode.oem4f (.text:ti_uia_runtime_LoggerStopMode_Instance_init__F)
                  0000808e    00000044     driverlib-cm4f.lib : ssi.obj (.text:SSIConfigSetExpClk)
                  000080d2    00000002     --HOLE-- [fill = 0]
                  000080d4    00000044     uart_stellarisware.aem4f : UART.oem4f (.text:UART_init)
                  00008118    00000044     ti.sysbios.fatfs.aem4f : ff.oem4f (.text:dir_find)
                  0000815c    00000044     rtsv7M4_T_le_v4SPD16_eabi.lib : cpy_tbl.obj (.text)
                  000081a0    00000044     sysbios.lib : BIOS.obj (.text:ti_sysbios_BIOS_errorRaiseHook__I)
                  000081e4    00000044     ti.uia.runtime.aem4f : LoggerStopMode.oem4f (.text:ti_uia_runtime_LoggerStopMode_reset__F)
                  00008228    00000044                          : QueueDescriptor.oem4f (.text:ti_uia_runtime_QueueDescriptor_addToList__E)
                  0000826c    00000044     ti.targets.arm.rtsarm.aem4f : SysMin.oem4f (.text:xdc_runtime_SysMin_flush__F)
                  000082b0    00000042     driverlib-cm4f.lib : uart.obj (.text:UARTConfigSetExpClk)
                  000082f2    00000040     ti.sysbios.fatfs.aem4f : ff.oem4f (.text:dir_read)
                  00008332    00000002     --HOLE-- [fill = 0]
                  00008334    00000040     rtsv7M4_T_le_v4SPD16_eabi.lib : exit.obj (.text)
                  00008374    00000040     sysbios.lib : BIOS.obj (.text:ti_sysbios_knl_Idle_loop__E)
                  000083b4    00000040                 : BIOS.obj (.text:ti_sysbios_knl_Swi_startup__E)
                  000083f4    00000040     ti.targets.arm.rtsarm.aem4f : System.oem4f (.text:xdc_runtime_System_atexit__F)
                  00008434    0000003c     testio_pem4f.oem4f (.text:ti_sysbios_family_arm_m3_Hwi_disableInterrupt__E)
                  00008470    0000003c     testio_pem4f.oem4f (.text:ti_sysbios_family_arm_m3_Hwi_enableInterrupt__E)
                  000084ac    0000003c     sysbios.lib : BIOS.obj (.text:ti_sysbios_family_arm_m3_Hwi_excSvCall__I)
                  000084e8    0000003c                 : BIOS.obj (.text:ti_sysbios_heaps_HeapMem_init__I)
                  00008524    0000003c     testio_pem4f.oem4f (.text:ti_sysbios_knl_Clock_Object__create__S)
                  00008560    00000038     sysbios.lib : BIOS.obj (.text:ti_sysbios_family_arm_m3_Hwi_excNoIsr__I)
                  00008598    00000038                 : BIOS.obj (.text:ti_sysbios_family_arm_m3_Hwi_initVTOR__I)
                  000085d0    00000038                 : BIOS.obj (.text:ti_sysbios_family_arm_m3_TaskSupport_start__E)
                  00008608    00000038     testio_pem4f.oem4f (.text:ti_sysbios_knl_Semaphore_Object__create__S)
                  00008640    00000038     sysbios.lib : BIOS.obj (.text:ti_sysbios_knl_Semaphore_pendTimeout__I)
                  00008678    00000038     ti.targets.arm.rtsarm.aem4f : SysMin.oem4f (.text:xdc_runtime_SysMin_putch__F)
                  000086b0    00000034     ti.sysbios.fatfs.aem4f : ffcio.oem4f (.text:ffcio_lseek)
                  000086e4    00000034     sysbios.lib : BIOS.obj (.text:ti_sysbios_family_arm_m3_Hwi_excNmi__I)
                  00008718    00000034     testio_pem4f.oem4f (.text:ti_sysbios_gates_GateHwi_Object__create__S)
                  0000874c    00000034     testio_pem4f.oem4f (.text:ti_sysbios_gates_GateMutex_Object__create__S)
                  00008780    00000034     testio_pem4f.oem4f (.text:ti_sysbios_heaps_HeapMem_Object__create__S)
                  000087b4    00000034     testio_pem4f.oem4f (.text:ti_sysbios_knl_Queue_Object__create__S)
                  000087e8    00000034     sysbios.lib : BIOS.obj (.text:ti_sysbios_knl_Task_restore__E)
                  0000881c    00000032                 : BIOS.obj (.text:ti_sysbios_hal_Hwi_Instance_init__F)
                  0000884e    00000032     ti.sysbios.fatfs.aem4f : ff.oem4f (.text:validate)
                  00008880    00000031     ti.targets.arm.rtsarm.aem4f : Text.oem4f (.text:xdc_runtime_Text_printVisFxn__I)
                  000088b1    00000001     --HOLE-- [fill = 0]
                  000088b2    00000030     rtsv7M4_T_le_v4SPD16_eabi.lib : strncpy.obj (.text)
                  000088e2    00000002     --HOLE-- [fill = 0]
                  000088e4    00000030     testio_pem4f.oem4f (.text:ti_sysbios_BIOS_exitFunc__I)
                  00008914    00000030     sysbios.lib : BIOS.obj (.text:ti_sysbios_family_arm_lm3_Timer_getExpiredCounts__E)
                  00008944    00000030                 : BIOS.obj (.text:ti_sysbios_hal_Hwi_checkStack:ti_sysbios_hal_Hwi_checkStack)
                  00008974    00000030                 : BIOS.obj (.text:ti_sysbios_knl_Clock_Module_startup__F)
                  000089a4    00000030     ti.targets.arm.rtsarm.aem4f : Core-label.oem4f (.text:xdc_runtime_Core_assignLabel__I)
                  000089d4    00000030                                 : SysMin.oem4f (.text:xdc_runtime_SysMin_abort__F)
                  00008a04    00000030                                 : Text.oem4f (.text:xdc_runtime_Text_xprintf__I)
                  00008a34    0000002e     driverlib-cm4f.lib : gpio.obj (.text:GPIODirModeSet)
                  00008a62    0000002e     testio_pem4f.oem4f (.text:malloc)
                  00008a90    0000002c     gpio_stellarisware.aem4f : GPIO.oem4f (.text:GPIO_init)
                  00008abc    0000002c     uart_stellarisware.aem4f : UART.oem4f (.text:UART_Params_init)
                  00008ae8    0000002c     sysbios.lib : BIOS.obj (.text:ti_sysbios_hal_Hwi_initStack:ti_sysbios_hal_Hwi_initStack)
                  00008b14    0000002c     testio_pem4f.oem4f (.text:ti_sysbios_knl_Clock_doTick__I)
                  00008b40    0000002c     sysbios.lib : BIOS.obj (.text:ti_sysbios_knl_Task_allBlockedFunction__I)
                  00008b6c    0000002c     ti.uia.runtime.aem4f : LoggerStopMode.oem4f (.text:ti_uia_runtime_LoggerStopMode_Module_startup__F)
                  00008b98    0000002c                          : LoggerStopMode.oem4f (.text:ti_uia_runtime_LoggerStopMode_disable__E)
                  00008bc4    0000002c                          : LoggerStopMode.oem4f (.text:ti_uia_runtime_LoggerStopMode_enable__E)
                  00008bf0    0000002c     ti.targets.arm.rtsarm.aem4f : System.oem4f (.text:xdc_runtime_System_rtsExit__I)
                  00008c1c    0000002c                                 : Text.oem4f (.text:xdc_runtime_Text_cordText__F)
                  00008c48    00000028     EKS_LM4F232.obj (.text:EKS_LM4F232_setMaxSPIbitrate)
                  00008c70    00000028     testio_pem4f.oem4f (.text:ti_sysbios_BIOS_startFunc__I)
                  00008c98    00000028     sysbios.lib : BIOS.obj (.text:ti_sysbios_gates_GateMutex_Instance_init__F)
                  00008cc0    00000028     ti.uia.runtime.aem4f : LogSync.oem4f (.text:ti_uia_runtime_LogSync_Module_startup__F)
                  00008ce8    00000028                          : QueueDescriptor.oem4f (.text:ti_uia_runtime_QueueDescriptor_initHeader__E)
                  00008d10    00000024     ti.sysbios.fatfs.aem4f : ff.oem4f (.text:dir_remove)
                  00008d34    00000024                            : ffcio.oem4f (.text:ffcio_close)
                  00008d58    00000024     sysbios.lib : BIOS.obj (.text:ti_sysbios_BIOS_registerRTSLock__I)
                  00008d7c    00000024                 : BIOS.obj (.text:ti_sysbios_family_arm_lm3_Timer_isrStub__E)
                  00008da0    00000024                 : BIOS.obj (.text:ti_sysbios_family_arm_m3_Hwi_Instance_finalize__F)
                  00008dc4    00000024                 : BIOS.obj (.text:ti_sysbios_family_arm_m3_Hwi_doTaskRestore__I)
                  00008de8    00000024     testio_pem4f.oem4f (.text:ti_sysbios_gates_GateMutex_Object__delete__S)
                  00008e0c    00000024     testio_pem4f.oem4f (.text:ti_sysbios_knl_Semaphore_Object__delete__S)
                  00008e30    00000024     sysbios.lib : BIOS.obj (.text:ti_sysbios_knl_Swi_Module_startup__F)
                  00008e54    00000024     ti.uia.runtime.aem4f : LoggerStopMode.oem4f (.text:ti_uia_runtime_LoggerStopMode_Instance_finalize__F)
                  00008e78    00000022     testio_pem4f.oem4f (.text:xdc_runtime_SysMin_output__I)
                  00008e9a    00000002     --HOLE-- [fill = 0]
                  00008e9c    00000020     ti.sysbios.fatfs.aem4f : ffcio.oem4f (.text:ffcio_read)
                  00008ebc    00000020                            : ffcio.oem4f (.text:ffcio_write)
                  00008edc    00000020     testio_pem4f.oem4f (.text:ti_sysbios_family_arm_m3_Hwi_Object__delete__S)
                  00008efc    00000020     testio_pem4f.oem4f (.text:ti_sysbios_gates_GateHwi_Object__delete__S)
                  00008f1c    00000020     testio_pem4f.oem4f (.text:ti_sysbios_hal_Hwi_Object__delete__S)
                  00008f3c    00000020     testio_pem4f.oem4f (.text:ti_sysbios_heaps_HeapMem_Object__delete__S)
                  00008f5c    00000020     testio_pem4f.oem4f (.text:ti_sysbios_knl_Clock_Object__destruct__S)
                  00008f7c    00000020     testio_pem4f.oem4f (.text:ti_sysbios_knl_Semaphore_Object__destruct__S)
                  00008f9c    00000020     sysbios.lib : BIOS.obj (.text:ti_sysbios_knl_Task_enter__I)
                  00008fbc    00000020     testio_pem4f.oem4f (.text:ti_uia_runtime_LoggerStopMode_Object__delete__S)
                  00008fdc    00000020     ti.targets.arm.rtsarm.aem4f : Registry.oem4f (.text:xdc_runtime_Registry_findById__F)
                  00008ffc    00000020                                 : SysMin.oem4f (.text:xdc_runtime_SysMin_Module_startup__F)
                  0000901c    00000020                                 : System.oem4f (.text:xdc_runtime_System_avprintf__F)
                  0000903c    00000020                                 : System.oem4f (.text:xdc_runtime_System_putchar__I)
                  0000905c    00000020                                 : System.oem4f (.text:xdc_runtime_System_vprintf__F)
                  0000907c    0000001c     driverlib-cm4f.lib : uart.obj (.text:UARTDisable)
                  00009098    0000001c     ti.sysbios.fatfs.aem4f : diskio.oem4f (.text:disk_initialize)
                  000090b4    0000001c                            : diskio.oem4f (.text:disk_ioctl)
                  000090d0    0000001c                            : diskio.oem4f (.text:disk_read)
                  000090ec    0000001c                            : diskio.oem4f (.text:disk_status)
                  00009108    0000001c                            : diskio.oem4f (.text:disk_write)
                  00009124    0000001c                            : ff.oem4f (.text:mem_cmp)
                  00009140    0000001c     sysbios.lib : BIOS.obj (.text:rtsLock$0)
                  0000915c    0000001c     testio_pem4f.oem4f (.text:ti_sysbios_knl_Queue_Object__destruct__S)
                  00009178    0000001c     ti.targets.arm.rtsarm.aem4f : Error.oem4f (.text:xdc_runtime_Error_check__F)
                  00009194    0000001c                                 : Memory.oem4f (.text:xdc_runtime_Memory_valloc__F)
                  000091b0    0000001c                                 : SysMin.oem4f (.text:xdc_runtime_SysMin_exit__F)
                  000091cc    0000001a     testio_pem4f.oem4f (.text:ti_sysbios_gates_GateHwi_Handle__label__S)
                  000091e6    0000001a     testio_pem4f.oem4f (.text:ti_sysbios_gates_GateMutex_Handle__label__S)
                  00009200    0000001a     testio_pem4f.oem4f (.text:ti_sysbios_heaps_HeapMem_Handle__label__S)
                  0000921a    0000001a     testio_pem4f.oem4f (.text:ti_uia_runtime_LoggerStopMode_Handle__label__S)
                  00009234    0000001a     testio_pem4f.oem4f (.text:xdc_runtime_System_aprintf__E)
                  0000924e    0000001a     testio_pem4f.oem4f (.text:xdc_runtime_System_printf__E)
                  00009268    00000018     sysbios.lib : m3_TaskSupport_asm.obj (.text:_ti_sysbios_family_arm_m3_TaskSupport_swap__E)
                  00009280    00000018     ti.sysbios.fatfs.aem4f : ff.oem4f (.text:clust2sect)
                  00009298    00000018     testio_pem4f.oem4f (.text:free)
                  000092b0    00000018     rtsv7M4_T_le_v4SPD16_eabi.lib : args_main.obj (.text)
                  000092c8    00000018                                   : strcmp.obj (.text)
                  000092e0    00000018     testio_pem4f.oem4f (.text:ti_sysbios_family_arm_lm3_Timer_Module__startupDone__F)
                  000092f8    00000018     testio_pem4f.oem4f (.text:ti_sysbios_family_arm_m3_Hwi_Module__startupDone__F)
                  00009310    00000018     sysbios.lib : BIOS.obj (.text:ti_sysbios_gates_GateMutex_leave__E)
                  00009328    00000018     testio_pem4f.oem4f (.text:ti_sysbios_hal_Timer_Module__startupDone__F)
                  00009340    00000018     ti.sysbios.fatfs.aem4f : ff.oem4f (.text:unlock_fs)
                  00009358    00000018     ti.targets.arm.rtsarm.aem4f : Text.oem4f (.text:xdc_runtime_Text_ropeText__F)
                  00009370    00000016     rtsv7M4_T_le_v4SPD16_eabi.lib : strchr.obj (.text)
                  00009386    00000016     ti.uia.runtime.aem4f : LoggerStopMode.oem4f (.text:ti_uia_runtime_LoggerStopMode_getFreeSize__E)
                  0000939c    00000016                          : LoggerStopMode.oem4f (.text:ti_uia_runtime_LoggerStopMode_getUnreadSize__E)
                  000093b2    00000014     driverlib-cm4f.lib : uart.obj (.text:UARTEnable)
                  000093c6    00000002     --HOLE-- [fill = 0]
                  000093c8    00000014     rtsv7M4_T_le_v4SPD16_eabi.lib : _lock.obj (.text)
                  000093dc    00000014                                   : strlen.obj (.text)
                  000093f0    00000014     sysbios.lib : BIOS.obj (.text:ti_sysbios_family_arm_m3_Hwi_switchFromBootStack__E)
                  00009404    00000014                 : BIOS.obj (.text:ti_sysbios_gates_GateHwi_enter__E)
                  00009418    00000014     testio_pem4f.oem4f (.text:ti_sysbios_heaps_HeapMem_Object__get__S)
                  0000942c    00000014     testio_pem4f.oem4f (.text:ti_sysbios_knl_Swi_Object__get__S)
                  00009440    00000014     testio_pem4f.oem4f (.text:ti_sysbios_knl_Task_Object__first__S)
                  00009454    00000014     testio_pem4f.oem4f (.text:ti_sysbios_knl_Task_Object__get__S)
                  00009468    00000014     testio_pem4f.oem4f (.text:ti_sysbios_knl_Task_Object__next__S)
                  0000947c    00000014     ti.uia.runtime.aem4f : LoggerStopMode.oem4f (.text:ti_uia_runtime_LoggerStopMode_write2__E)
                  00009490    00000014     ti.targets.arm.rtsarm.aem4f : System.oem4f (.text:xdc_runtime_System_abort__F)
                  000094a4    00000012     driverlib-cm4f.lib : gpio.obj (.text:GPIOPinTypeGPIOInput)
                  000094b6    00000012                        : gpio.obj (.text:GPIOPinTypeGPIOOutput)
                  000094c8    00000012                        : gpio.obj (.text:GPIOPinTypeUART)
                  000094da    00000012     rtsv7M4_T_le_v4SPD16_eabi.lib : copy_zero_init.obj (.text:decompress:ZI)
                  000094ec    00000012     ti.sysbios.fatfs.aem4f : ffcio.oem4f (.text:ffcio_rename)
                  000094fe    00000012                            : ffcio.oem4f (.text:ffcio_unlink)
                  00009510    00000012     sysbios.lib : BIOS.obj (.text:ti_sysbios_hal_Hwi_Module_startup__F)
                  00009522    00000012                 : BIOS.obj (.text:ti_sysbios_hal_Timer_Module_startup__F)
                  00009534    00000012     ti.uia.runtime.aem4f : LoggerStopMode.oem4f (.text:ti_uia_runtime_LoggerStopMode_write1__E)
                  00009546    00000012     testio_pem4f.oem4f (.text:xdc_runtime_Startup_exec__I)
                  00009558    00000010     driverlib-cm4f.lib : uart.obj (.text:UARTCharGetNonBlocking)
                  00009568    00000010                        : uart.obj (.text:UARTCharPutNonBlocking)
                  00009578    00000010     sysbios.lib : m3_TaskSupport_asm.obj (.text:_ti_sysbios_family_arm_m3_TaskSupport_glue)
                  00009588    00000010     ti.sysbios.fatfs.aem4f : ff.oem4f (.text:chk_chr)
                  00009598    00000010                            : ff.oem4f (.text:f_close)
                  000095a8    00000010                            : ff.oem4f (.text:mem_cpy)
                  000095b8    00000010     rtsv7M4_T_le_v4SPD16_eabi.lib : strcpy.obj (.text)
                  000095c8    00000010     sysbios.lib : BIOS.obj (.text:ti_sysbios_BIOS_getCpuFreq__E)
                  000095d8    00000010                 : BIOS.obj (.text:ti_sysbios_BIOS_setThreadType__E)
                  000095e8    00000010                 : BIOS.obj (.text:ti_sysbios_BIOS_start__E)
                  000095f8    00000010                 : BIOS.obj (.text:ti_sysbios_family_arm_lm3_TimestampProvider_rolloverFunc__E)
                  00009608    00000010                 : BIOS.obj (.text:ti_sysbios_family_arm_m3_Hwi_excHandler__I)
                  00009618    00000010                 : BIOS.obj (.text:ti_sysbios_gates_GateMutex_Instance_finalize__F)
                  00009628    00000010     testio_pem4f.oem4f (.text:ti_sysbios_hal_Hwi_HwiProxy_Object__create__S)
                  00009638    00000010     sysbios.lib : BIOS.obj (.text:ti_sysbios_knl_Semaphore_Instance_finalize__F)
                  00009648    00000010                 : BIOS.obj (.text:ti_sysbios_knl_Swi_disable__E)
                  00009658    00000010                 : BIOS.obj (.text:ti_sysbios_knl_Task_disable__E)
                  00009668    00000010     testio_pem4f.oem4f (.text:ti_uia_runtime_LoggerStopMode_Object__get__S)
                  00009678    00000010     ti.uia.runtime.aem4f : LoggerStopMode.oem4f (.text:ti_uia_runtime_LoggerStopMode_isEmpty__E)
                  00009688    00000010                          : LoggerStopMode.oem4f (.text:ti_uia_runtime_LoggerStopMode_write0__E)
                  00009698    00000010     ti.targets.arm.rtsarm.aem4f : Gate.oem4f (.text:xdc_runtime_Gate_leaveSystem__F)
                  000096a8    00000010                                 : Memory.oem4f (.text:xdc_runtime_Memory_free__F)
                  000096b8    00000010                                 : SysMin.oem4f (.text:xdc_runtime_SysMin_ready__F)
                  000096c8    00000010     testio_pem4f.oem4f (.text:xdc_runtime_Text_visitRope__I)
                  000096d8    0000000e     rtsv7M4_T_le_v4SPD16_eabi.lib : copy_decompress_none.obj (.text:decompress:none)
                  000096e6    0000000e     ti.sysbios.fatfs.aem4f : ff.oem4f (.text:mem_set)
                  000096f4    0000000e     sysbios.lib : BIOS.obj (.text:ti_sysbios_family_arm_m3_TaskSupport_checkStack__E)
                  00009702    0000000e                 : BIOS.obj (.text:ti_sysbios_knl_Queue_empty__E)
                  00009710    0000000e     ti.targets.arm.rtsarm.aem4f : System.oem4f (.text:xdc_runtime_System_vsprintf__F)
                  0000971e    00000002     --HOLE-- [fill = 0]
                  00009720    0000000c     testio_pem4f.oem4f (.text:.bootCodeSection:ti_catalog_arm_cortexm3_lm3init_Boot_init)
                  0000972c    0000000c     sysbios.lib : BIOS.obj (.text:ti_sysbios_family_arm_lm3_TimestampProvider_startTimer__E)
                  00009738    0000000c     testio_pem4f.oem4f (.text:ti_sysbios_hal_Hwi_Params__init__S)
                  00009744    0000000c     testio_pem4f.oem4f (.text:ti_sysbios_knl_Clock_Params__init__S)
                  00009750    0000000c     testio_pem4f.oem4f (.text:ti_sysbios_knl_Queue_Object__get__S)
                  0000975c    0000000c     testio_pem4f.oem4f (.text:ti_sysbios_knl_Semaphore_Params__init__S)
                  00009768    0000000c     sysbios.lib : BIOS.obj (.text:ti_sysbios_utils_Load_taskRegHook__E)
                  00009774    0000000c     ti.targets.arm.rtsarm.aem4f : Error.oem4f (.text:xdc_runtime_Error_init__F)
                  00009780    0000000c                                 : Gate.oem4f (.text:xdc_runtime_Gate_enterSystem__F)
                  0000978c    0000000c                                 : Memory.oem4f (.text:xdc_runtime_Memory_calloc__F)
                  00009798    0000000c                                 : Memory.oem4f (.text:xdc_runtime_Memory_getMaxDefaultTypeAlign__F)
                  000097a4    0000000c                                 : System.oem4f (.text:xdc_runtime_System_exit__F)
                  000097b0    0000000c                                 : System.oem4f (.text:xdc_runtime_System_lastFxn__I)
                  000097bc    0000000a     driverlib-cm4f.lib : gpio.obj (.text:GPIOPinRead)
                  000097c6    0000000a                        : gpio.obj (.text:GPIOPinWrite)
                  000097d0    0000000a                        : uart.obj (.text:UARTCharPut)
                  000097da    0000000a                        : uart.obj (.text:UARTIntStatus)
                  000097e4    0000000a     sysbios.lib : m3_IntrinsicsSupport_asm.obj (.text:_ti_sysbios_family_arm_m3_IntrinsicsSupport_maxbit)
                  000097ee    0000000a                 : BIOS.obj (.text:ti_sysbios_hal_Hwi_Instance_finalize__F)
                  000097f8    0000000a     testio_pem4f.oem4f (.text:xdc_runtime_IHeap_alloc)
                  00009802    0000000a     testio_pem4f.oem4f (.text:xdc_runtime_IHeap_free)
                  0000980c    00000008     driverlib-cm4f.lib : uart.obj (.text:UARTIntEnable)
                  00009814    00000008     ti.sysbios.fatfs.aem4f : syncsysbios.oem4f (.text:ff_req_grant)
                  0000981c    00000008     sysbios.lib : BIOS.obj (.text:ti_sysbios_family_arm_m3_Hwi_doSwiRestore__I)
                  00009824    00000008                 : BIOS.obj (.text:ti_sysbios_family_arm_m3_Hwi_startup__E)
                  0000982c    00000008     testio_pem4f.oem4f (.text:ti_sysbios_fatfs_getFatTime)
                  00009834    00000006     Boot.aem4f : Boot.oem4f (.text)
                  0000983a    00000006     driverlib-cm4f.lib : uart.obj (.text:UARTFIFOLevelSet)
                  00009840    00000006     ti.targets.arm.rtsarm.aem4f : xdc_noinit.oem4f (.text:__xdc__init)
                  00009846    00000006     rtsv7M4_T_le_v4SPD16_eabi.lib : copy_decompress_rle.obj (.text:decompress:rle24)
                  0000984c    00000006     ti.sysbios.fatfs.aem4f : ff.oem4f (.text:lock_fs)
                  00009852    00000006     uart_stellarisware.aem4f : UART.oem4f (.text:readSemCallback)
                  00009858    00000006     sysbios.lib : BIOS.obj (.text:ti_sysbios_family_arm_lm3_TimestampProvider_Module_startup__F)
                  0000985e    00000006                 : BIOS.obj (.text:ti_sysbios_gates_GateHwi_leave__E)
                  00009864    00000006                 : BIOS.obj (.text:ti_sysbios_heaps_HeapMem_isBlocking__E)
                  0000986a    00000006                 : BIOS.obj (.text:ti_sysbios_knl_Queue_Instance_init__F)
                  00009870    00000006     ti.uia.runtime.aem4f : LoggerStopMode.oem4f (.text:ti_uia_runtime_LoggerStopMode_getPriority__E)
                  00009876    00000006                          : LoggerStopMode.oem4f (.text:ti_uia_runtime_LoggerStopMode_getTransferType__F)
                  0000987c    00000006     uart_stellarisware.aem4f : UART.oem4f (.text:writeSemCallback)
                  00009882    00000006     ti.targets.arm.rtsarm.aem4f : System.oem4f (.text:xdc_runtime_System_Module_startup__F)
                  00009888    00000004     driverlib-cm4f.lib : uart.obj (.text:UARTIntClear)
                  0000988c    00000004     ti.sysbios.fatfs.aem4f : syncsysbios.oem4f (.text:ff_rel_grant)
                  00009890    00000004     testio_pem4f.oem4f (.text:ti_sysbios_BIOS_RtsGateProxy_enter__E)
                  00009894    00000004     testio_pem4f.oem4f (.text:ti_sysbios_BIOS_RtsGateProxy_leave__E)
                  00009898    00000004     sysbios.lib : BIOS.obj (.text:ti_sysbios_family_arm_lm3_Timer_getPeriod__E)
                  0000989c    00000004     testio_pem4f.oem4f (.text:ti_sysbios_family_arm_m3_TaskSupport_Module__startupDone__S)
                  000098a0    00000004     sysbios.lib : BIOS.obj (.text:ti_sysbios_gates_GateHwi_query__F)
                  000098a4    00000004                 : BIOS.obj (.text:ti_sysbios_gates_GateMutex_query__F)
                  000098a8    00000004     testio_pem4f.oem4f (.text:ti_sysbios_hal_Hwi_HwiProxy_Module__startupDone__S)
                  000098ac    00000004     testio_pem4f.oem4f (.text:ti_sysbios_hal_Hwi_HwiProxy_Object__delete__S)
                  000098b0    00000004     testio_pem4f.oem4f (.text:ti_sysbios_hal_Timer_TimerProxy_Module__startupDone__S)
                  000098b4    00000004     testio_pem4f.oem4f (.text:ti_sysbios_hal_Timer_TimerProxy_getExpiredCounts__E)
                  000098b8    00000004     testio_pem4f.oem4f (.text:ti_sysbios_hal_Timer_TimerProxy_getPeriod__E)
                  000098bc    00000004     testio_pem4f.oem4f (.text:ti_sysbios_hal_Timer_TimerProxy_setNextTick__E)
                  000098c0    00000004     testio_pem4f.oem4f (.text:ti_sysbios_heaps_HeapMem_Module_GateProxy_enter__E)
                  000098c4    00000004     testio_pem4f.oem4f (.text:ti_sysbios_heaps_HeapMem_Module_GateProxy_leave__E)
                  000098c8    00000004     testio_pem4f.oem4f (.text:ti_sysbios_knl_Task_SupportProxy_Module__startupDone__S)
                  000098cc    00000004     testio_pem4f.oem4f (.text:ti_uia_runtime_LogSync_CpuTimestampProxy_Module__startupDone__S)
                  000098d0    00000004     testio_pem4f.oem4f (.text:ti_uia_runtime_LogSync_GlobalTimestampProxy_Module__startupDone__S)
                  000098d4    00000004     ti.uia.runtime.aem4f : LoggerStopMode.oem4f (.text:ti_uia_runtime_LoggerStopMode_getInstanceId__E)
                  000098d8    00000004                          : LoggerStopMode.oem4f (.text:ti_uia_runtime_LoggerStopMode_getMaxLength__E)
                  000098dc    00000004                          : LoggerStopMode.oem4f (.text:ti_uia_runtime_LoggerStopMode_setPriority__E)
                  000098e0    00000004     ti.targets.arm.rtsarm.aem4f : Error.oem4f (.text:xdc_runtime_Error_getSite__F)
                  000098e4    00000004     testio_pem4f.oem4f (.text:xdc_runtime_Memory_HeapProxy_alloc__E)
                  000098e8    00000004     testio_pem4f.oem4f (.text:xdc_runtime_Memory_HeapProxy_free__E)
                  000098ec    00000004     testio_pem4f.oem4f (.text:xdc_runtime_Startup_reset__I)
                  000098f0    00000004     testio_pem4f.oem4f (.text:xdc_runtime_System_Module_GateProxy_enter__E)
                  000098f4    00000004     testio_pem4f.oem4f (.text:xdc_runtime_System_Module_GateProxy_leave__E)
                  000098f8    00000004     ti.targets.arm.rtsarm.aem4f : System.oem4f (.text:xdc_runtime_System_aprintf_va__F)
                  000098fc    00000004                                 : System.oem4f (.text:xdc_runtime_System_printf_va__F)
                  00009900    00000004     testio_pem4f.oem4f (.text:xdc_runtime_System_vsprintf__E)
                  00009904    00000004     testio_pem4f.oem4f (.text:xdc_runtime_TimestampNull_Module__startupDone__S)
                  00009908    00000004     testio_pem4f.oem4f (.text:xdc_runtime_Timestamp_Module__startupDone__S)

.const     0    0000990c    000028b5     
                  0000990c    00001d83     testio_pem4f.oem4f (.const:xdc_runtime_Text_charTab__A)
                  0000b68f    00000001     --HOLE-- [fill = 0]
                  0000b690    000000fc     testio_pem4f.oem4f (.const:xdc_runtime_Text_nodeTab__A)
                  0000b78c    000000e4     EKS_LM4F232.obj (.const:gpioHWAttrs)
                  0000b870    00000078     driverlib-cm4f.lib : gpio.obj (.const:g_pulGPIOBaseAddrs)
                  0000b8e8    0000006c                        : sysctl.obj (.const:g_pulXtals)
                  0000b954    00000060     testio_pem4f.oem4f (.const:ti_uia_runtime_LoggerStopMode_Module__FXNS__C)
                  0000b9b4    0000004c     EKS_LM4F232.obj (.const)
                  0000ba00    00000047     testio_pem4f.oem4f (.const:.string)
                  0000ba47    00000001     --HOLE-- [fill = 0]
                  0000ba48    00000040     driverlib-cm4f.lib : sysctl.obj (.const)
                  0000ba88    00000038     EKS_LM4F232.obj (.const:uartHWAttrs)
                  0000bac0    00000030     testio_pem4f.oem4f (.const:ti_sysbios_knl_Task_hooks__A)
                  0000baf0    00000030     testio_pem4f.oem4f (.const:ti_uia_runtime_LoggerStopMode_Object__PARAMS__C)
                  0000bb20    00000030     testio_pem4f.oem4f (.const:xdc_runtime_Startup_sfxnTab__A)
                  0000bb50    0000002c     testio_pem4f.oem4f (.const:ti_sysbios_family_arm_m3_Hwi_Object__PARAMS__C)
                  0000bb7c    0000002c     testio_pem4f.oem4f (.const:ti_sysbios_hal_Hwi_Object__PARAMS__C)
                  0000bba8    00000028     EKS_LM4F232.obj (.const:sdspiHWAttrs)
                  0000bbd0    00000028     testio_pem4f.oem4f (.const:ti_sysbios_heaps_HeapMem_Module__FXNS__C)
                  0000bbf8    00000024     testio_pem4f.oem4f (.const:ti_sysbios_gates_GateHwi_Module__FXNS__C)
                  0000bc1c    00000024     testio_pem4f.oem4f (.const:ti_sysbios_gates_GateMutex_Module__FXNS__C)
                  0000bc40    00000024     testio_pem4f.oem4f (.const:ti_sysbios_knl_Clock_Object__PARAMS__C)
                  0000bc64    00000024     testio_pem4f.oem4f (.const:ti_sysbios_knl_Semaphore_Object__PARAMS__C)
                  0000bc88    00000020     testio_pem4f.oem4f (.const:ti_sysbios_family_arm_m3_Hwi_Object__DESC__C)
                  0000bca8    00000020     testio_pem4f.oem4f (.const:ti_sysbios_gates_GateHwi_Object__DESC__C)
                  0000bcc8    00000020     testio_pem4f.oem4f (.const:ti_sysbios_gates_GateMutex_Object__DESC__C)
                  0000bce8    00000020     testio_pem4f.oem4f (.const:ti_sysbios_hal_Hwi_Object__DESC__C)
                  0000bd08    00000020     testio_pem4f.oem4f (.const:ti_sysbios_heaps_HeapMem_Object__DESC__C)
                  0000bd28    00000020     testio_pem4f.oem4f (.const:ti_sysbios_heaps_HeapMem_Object__PARAMS__C)
                  0000bd48    00000020     testio_pem4f.oem4f (.const:ti_sysbios_knl_Clock_Object__DESC__C)
                  0000bd68    00000020     testio_pem4f.oem4f (.const:ti_sysbios_knl_Queue_Object__DESC__C)
                  0000bd88    00000020     testio_pem4f.oem4f (.const:ti_sysbios_knl_Semaphore_Object__DESC__C)
                  0000bda8    00000020     testio_pem4f.oem4f (.const:ti_uia_runtime_LoggerStopMode_Object__DESC__C)
                  0000bdc8    00000018     testio_pem4f.oem4f (.const:ti_sysbios_gates_GateHwi_Object__PARAMS__C)
                  0000bde0    00000018     testio_pem4f.oem4f (.const:ti_sysbios_gates_GateMutex_Object__PARAMS__C)
                  0000bdf8    00000018     testio_pem4f.oem4f (.const:ti_sysbios_knl_Queue_Object__PARAMS__C)
                  0000be10    00000018     testio_pem4f.oem4f (.const:xdc_runtime_Startup_sfxnRts__A)
                  0000be28    00000017     testio.obj (.const:.string)
                  0000be3f    00000001     --HOLE-- [fill = 0]
                  0000be40    00000011     ti.targets.arm.rtsarm.aem4f : System.oem4f (.const)
                  0000be51    00000003     --HOLE-- [fill = 0]
                  0000be54    00000010     testio_pem4f.oem4f (.const:xdc_runtime_Startup_firstFxns__A)
                  0000be64    00000008     testio_pem4f.oem4f (.const:ti_sysbios_knl_Idle_funcList__A)
                  0000be6c    00000008     testio_pem4f.oem4f (.const:ti_sysbios_knl_Idle_funcList__C)
                  0000be74    00000008     testio_pem4f.oem4f (.const:ti_sysbios_knl_Task_hooks__C)
                  0000be7c    00000008     testio_pem4f.oem4f (.const:xdc_runtime_Startup_firstFxns__C)
                  0000be84    00000008     testio_pem4f.oem4f (.const:xdc_runtime_Startup_lastFxns__A)
                  0000be8c    00000008     testio_pem4f.oem4f (.const:xdc_runtime_Startup_lastFxns__C)
                  0000be94    00000004     testio_pem4f.oem4f (.const:ti_sysbios_BIOS_Module__diagsEnabled__C)
                  0000be98    00000004     testio_pem4f.oem4f (.const:ti_sysbios_BIOS_Module__diagsIncluded__C)
                  0000be9c    00000004     testio_pem4f.oem4f (.const:ti_sysbios_BIOS_Module__diagsMask__C)
                  0000bea0    00000004     testio_pem4f.oem4f (.const:ti_sysbios_BIOS_installedErrorHook__C)
                  0000bea4    00000004     testio_pem4f.oem4f (.const:ti_sysbios_family_arm_lm3_Timer_WRALLOW__C)
                  0000bea8    00000004     testio_pem4f.oem4f (.const:ti_sysbios_family_arm_lm3_Timer_numTimerDevices__C)
                  0000beac    00000004     testio_pem4f.oem4f (.const:ti_sysbios_family_arm_lm3_Timer_startupNeeded__C)
                  0000beb0    00000004     testio_pem4f.oem4f (.const:ti_sysbios_family_arm_m3_Hwi_E_NMI__C)
                  0000beb4    00000004     testio_pem4f.oem4f (.const:ti_sysbios_family_arm_m3_Hwi_E_alreadyDefined__C)
                  0000beb8    00000004     testio_pem4f.oem4f (.const:ti_sysbios_family_arm_m3_Hwi_E_busFault__C)
                  0000bebc    00000004     testio_pem4f.oem4f (.const:ti_sysbios_family_arm_m3_Hwi_E_debugMon__C)
                  0000bec0    00000004     testio_pem4f.oem4f (.const:ti_sysbios_family_arm_m3_Hwi_E_hardFault__C)
                  0000bec4    00000004     testio_pem4f.oem4f (.const:ti_sysbios_family_arm_m3_Hwi_E_memFault__C)
                  0000bec8    00000004     testio_pem4f.oem4f (.const:ti_sysbios_family_arm_m3_Hwi_E_noIsr__C)
                  0000becc    00000004     testio_pem4f.oem4f (.const:ti_sysbios_family_arm_m3_Hwi_E_reserved__C)
                  0000bed0    00000004     testio_pem4f.oem4f (.const:ti_sysbios_family_arm_m3_Hwi_E_svCall__C)
                  0000bed4    00000004     testio_pem4f.oem4f (.const:ti_sysbios_family_arm_m3_Hwi_E_usageFault__C)
                  0000bed8    00000004     testio_pem4f.oem4f (.const:ti_sysbios_family_arm_m3_Hwi_LD_end__C)
                  0000bedc    00000004     testio_pem4f.oem4f (.const:ti_sysbios_family_arm_m3_Hwi_LM_begin__C)
                  0000bee0    00000004     testio_pem4f.oem4f (.const:ti_sysbios_family_arm_m3_Hwi_Module__diagsEnabled__C)
                  0000bee4    00000004     testio_pem4f.oem4f (.const:ti_sysbios_family_arm_m3_Hwi_Module__diagsIncluded__C)
                  0000bee8    00000004     testio_pem4f.oem4f (.const:ti_sysbios_family_arm_m3_Hwi_Module__diagsMask__C)
                  0000beec    00000004     testio_pem4f.oem4f (.const:ti_sysbios_family_arm_m3_Hwi_Module__loggerFxn1__C)
                  0000bef0    00000004     testio_pem4f.oem4f (.const:ti_sysbios_family_arm_m3_Hwi_Module__loggerFxn8__C)
                  0000bef4    00000004     testio_pem4f.oem4f (.const:ti_sysbios_family_arm_m3_Hwi_Module__loggerObj__C)
                  0000bef8    00000004     testio_pem4f.oem4f (.const:ti_sysbios_family_arm_m3_Hwi_NUM_INTERRUPTS__C)
                  0000befc    00000004     testio_pem4f.oem4f (.const:ti_sysbios_family_arm_m3_Hwi_ccr__C)
                  0000bf00    00000004     testio_pem4f.oem4f (.const:ti_sysbios_family_arm_m3_Hwi_disablePriority__C)
                  0000bf04    00000004     testio_pem4f.oem4f (.const:ti_sysbios_family_arm_m3_Hwi_excHandlerFunc__C)
                  0000bf08    00000004     testio_pem4f.oem4f (.const:ti_sysbios_family_arm_m3_Hwi_excHookFunc__C)
                  0000bf0c    00000004     testio_pem4f.oem4f (.const:ti_sysbios_family_arm_m3_Hwi_priGroup__C)
                  0000bf10    00000004     testio_pem4f.oem4f (.const:ti_sysbios_gates_GateMutex_A_badContext__C)
                  0000bf14    00000004     testio_pem4f.oem4f (.const:ti_sysbios_gates_GateMutex_Instance_State_sem__O)
                  0000bf18    00000004     testio_pem4f.oem4f (.const:ti_sysbios_gates_GateMutex_Module__diagsEnabled__C)
                  0000bf1c    00000004     testio_pem4f.oem4f (.const:ti_sysbios_gates_GateMutex_Module__diagsIncluded__C)
                  0000bf20    00000004     testio_pem4f.oem4f (.const:ti_sysbios_gates_GateMutex_Module__diagsMask__C)
                  0000bf24    00000004     testio_pem4f.oem4f (.const:ti_sysbios_hal_Hwi_E_stackOverflow__C)
                  0000bf28    00000004     testio_pem4f.oem4f (.const:ti_sysbios_heaps_HeapMem_A_align__C)
                  0000bf2c    00000004     testio_pem4f.oem4f (.const:ti_sysbios_heaps_HeapMem_A_heapSize__C)
                  0000bf30    00000004     testio_pem4f.oem4f (.const:ti_sysbios_heaps_HeapMem_A_invalidFree__C)
                  0000bf34    00000004     testio_pem4f.oem4f (.const:ti_sysbios_heaps_HeapMem_A_zeroBlock__C)
                  0000bf38    00000004     testio_pem4f.oem4f (.const:ti_sysbios_heaps_HeapMem_E_memory__C)
                  0000bf3c    00000004     testio_pem4f.oem4f (.const:ti_sysbios_heaps_HeapMem_Module__diagsEnabled__C)
                  0000bf40    00000004     testio_pem4f.oem4f (.const:ti_sysbios_heaps_HeapMem_Module__diagsIncluded__C)
                  0000bf44    00000004     testio_pem4f.oem4f (.const:ti_sysbios_heaps_HeapMem_Module__diagsMask__C)
                  0000bf48    00000004     testio_pem4f.oem4f (.const:ti_sysbios_heaps_HeapMem_Module__gateObj__C)
                  0000bf4c    00000004     testio_pem4f.oem4f (.const:ti_sysbios_heaps_HeapMem_Object__count__C)
                  0000bf50    00000004     testio_pem4f.oem4f (.const:ti_sysbios_heaps_HeapMem_reqAlignMask__C)
                  0000bf54    00000004     testio_pem4f.oem4f (.const:ti_sysbios_heaps_HeapMem_reqAlign__C)
                  0000bf58    00000004     testio_pem4f.oem4f (.const:ti_sysbios_knl_Clock_A_badThreadType__C)
                  0000bf5c    00000004     testio_pem4f.oem4f (.const:ti_sysbios_knl_Clock_LM_begin__C)
                  0000bf60    00000004     testio_pem4f.oem4f (.const:ti_sysbios_knl_Clock_LM_tick__C)
                  0000bf64    00000004     testio_pem4f.oem4f (.const:ti_sysbios_knl_Clock_LW_delayed__C)
                  0000bf68    00000004     testio_pem4f.oem4f (.const:ti_sysbios_knl_Clock_Module_State_clockQ__O)
                  0000bf6c    00000004     testio_pem4f.oem4f (.const:ti_sysbios_knl_Clock_Module__diagsEnabled__C)
                  0000bf70    00000004     testio_pem4f.oem4f (.const:ti_sysbios_knl_Clock_Module__diagsIncluded__C)
                  0000bf74    00000004     testio_pem4f.oem4f (.const:ti_sysbios_knl_Clock_Module__diagsMask__C)
                  0000bf78    00000004     testio_pem4f.oem4f (.const:ti_sysbios_knl_Clock_Module__loggerFxn1__C)
                  0000bf7c    00000004     testio_pem4f.oem4f (.const:ti_sysbios_knl_Clock_Module__loggerFxn2__C)
                  0000bf80    00000004     testio_pem4f.oem4f (.const:ti_sysbios_knl_Clock_Module__loggerObj__C)
                  0000bf84    00000004     testio_pem4f.oem4f (.const:ti_sysbios_knl_Semaphore_A_badContext__C)
                  0000bf88    00000004     testio_pem4f.oem4f (.const:ti_sysbios_knl_Semaphore_A_noEvents__C)
                  0000bf8c    00000004     testio_pem4f.oem4f (.const:ti_sysbios_knl_Semaphore_Instance_State_pendQ__O)
                  0000bf90    00000004     testio_pem4f.oem4f (.const:ti_sysbios_knl_Semaphore_LM_pend__C)
                  0000bf94    00000004     testio_pem4f.oem4f (.const:ti_sysbios_knl_Semaphore_LM_post__C)
                  0000bf98    00000004     testio_pem4f.oem4f (.const:ti_sysbios_knl_Semaphore_Module__diagsEnabled__C)
                  0000bf9c    00000004     testio_pem4f.oem4f (.const:ti_sysbios_knl_Semaphore_Module__diagsIncluded__C)
                  0000bfa0    00000004     testio_pem4f.oem4f (.const:ti_sysbios_knl_Semaphore_Module__diagsMask__C)
                  0000bfa4    00000004     testio_pem4f.oem4f (.const:ti_sysbios_knl_Semaphore_Module__loggerFxn2__C)
                  0000bfa8    00000004     testio_pem4f.oem4f (.const:ti_sysbios_knl_Semaphore_Module__loggerFxn4__C)
                  0000bfac    00000004     testio_pem4f.oem4f (.const:ti_sysbios_knl_Semaphore_Module__loggerObj__C)
                  0000bfb0    00000004     testio_pem4f.oem4f (.const:ti_sysbios_knl_Swi_LD_end__C)
                  0000bfb4    00000004     testio_pem4f.oem4f (.const:ti_sysbios_knl_Swi_LM_begin__C)
                  0000bfb8    00000004     testio_pem4f.oem4f (.const:ti_sysbios_knl_Swi_LM_post__C)
                  0000bfbc    00000004     testio_pem4f.oem4f (.const:ti_sysbios_knl_Swi_Module__diagsEnabled__C)
                  0000bfc0    00000004     testio_pem4f.oem4f (.const:ti_sysbios_knl_Swi_Module__diagsIncluded__C)
                  0000bfc4    00000004     testio_pem4f.oem4f (.const:ti_sysbios_knl_Swi_Module__diagsMask__C)
                  0000bfc8    00000004     testio_pem4f.oem4f (.const:ti_sysbios_knl_Swi_Module__loggerFxn1__C)
                  0000bfcc    00000004     testio_pem4f.oem4f (.const:ti_sysbios_knl_Swi_Module__loggerFxn4__C)
                  0000bfd0    00000004     testio_pem4f.oem4f (.const:ti_sysbios_knl_Swi_Module__loggerObj__C)
                  0000bfd4    00000004     testio_pem4f.oem4f (.const:ti_sysbios_knl_Swi_Object__count__C)
                  0000bfd8    00000004     testio_pem4f.oem4f (.const:ti_sysbios_knl_Task_E_spOutOfBounds__C)
                  0000bfdc    00000004     testio_pem4f.oem4f (.const:ti_sysbios_knl_Task_E_stackOverflow__C)
                  0000bfe0    00000004     testio_pem4f.oem4f (.const:ti_sysbios_knl_Task_LD_block__C)
                  0000bfe4    00000004     testio_pem4f.oem4f (.const:ti_sysbios_knl_Task_LD_exit__C)
                  0000bfe8    00000004     testio_pem4f.oem4f (.const:ti_sysbios_knl_Task_LD_ready__C)
                  0000bfec    00000004     testio_pem4f.oem4f (.const:ti_sysbios_knl_Task_LM_switch__C)
                  0000bff0    00000004     testio_pem4f.oem4f (.const:ti_sysbios_knl_Task_Module_State_inactiveQ__O)
                  0000bff4    00000004     testio_pem4f.oem4f (.const:ti_sysbios_knl_Task_Module_State_terminatedQ__O)
                  0000bff8    00000004     testio_pem4f.oem4f (.const:ti_sysbios_knl_Task_Module__diagsEnabled__C)
                  0000bffc    00000004     testio_pem4f.oem4f (.const:ti_sysbios_knl_Task_Module__diagsIncluded__C)
                  0000c000    00000004     testio_pem4f.oem4f (.const:ti_sysbios_knl_Task_Module__diagsMask__C)
                  0000c004    00000004     testio_pem4f.oem4f (.const:ti_sysbios_knl_Task_Module__loggerFxn2__C)
                  0000c008    00000004     testio_pem4f.oem4f (.const:ti_sysbios_knl_Task_Module__loggerFxn4__C)
                  0000c00c    00000004     testio_pem4f.oem4f (.const:ti_sysbios_knl_Task_Module__loggerObj__C)
                  0000c010    00000004     testio_pem4f.oem4f (.const:ti_sysbios_knl_Task_Object__count__C)
                  0000c014    00000004     testio_pem4f.oem4f (.const:ti_sysbios_knl_Task_Object__heap__C)
                  0000c018    00000004     testio_pem4f.oem4f (.const:ti_sysbios_knl_Task_allBlockedFunc__C)
                  0000c01c    00000004     testio_pem4f.oem4f (.const:ti_sysbios_knl_Task_numConstructedTasks__C)
                  0000c020    00000004     testio_pem4f.oem4f (.const:ti_sysbios_utils_Load_LS_cpuLoad__C)
                  0000c024    00000004     testio_pem4f.oem4f (.const:ti_sysbios_utils_Load_LS_hwiLoad__C)
                  0000c028    00000004     testio_pem4f.oem4f (.const:ti_sysbios_utils_Load_LS_swiLoad__C)
                  0000c02c    00000004     testio_pem4f.oem4f (.const:ti_sysbios_utils_Load_LS_taskLoad__C)
                  0000c030    00000004     testio_pem4f.oem4f (.const:ti_sysbios_utils_Load_Module_State_gate__O)
                  0000c034    00000004     testio_pem4f.oem4f (.const:ti_sysbios_utils_Load_Module_State_taskList__O)
                  0000c038    00000004     testio_pem4f.oem4f (.const:ti_sysbios_utils_Load_Module__diagsEnabled__C)
                  0000c03c    00000004     testio_pem4f.oem4f (.const:ti_sysbios_utils_Load_Module__diagsIncluded__C)
                  0000c040    00000004     testio_pem4f.oem4f (.const:ti_sysbios_utils_Load_Module__diagsMask__C)
                  0000c044    00000004     testio_pem4f.oem4f (.const:ti_sysbios_utils_Load_Module__loggerFxn1__C)
                  0000c048    00000004     testio_pem4f.oem4f (.const:ti_sysbios_utils_Load_Module__loggerFxn2__C)
                  0000c04c    00000004     testio_pem4f.oem4f (.const:ti_sysbios_utils_Load_Module__loggerFxn4__C)
                  0000c050    00000004     testio_pem4f.oem4f (.const:ti_sysbios_utils_Load_Module__loggerObj__C)
                  0000c054    00000004     testio_pem4f.oem4f (.const:ti_sysbios_utils_Load_postUpdate__C)
                  0000c058    00000004     testio_pem4f.oem4f (.const:ti_sysbios_utils_Load_windowInMs__C)
                  0000c05c    00000004     testio_pem4f.oem4f (.const:ti_uia_runtime_ILoggerSnapshot_Interface__BASE__C)
                  0000c060    00000004     testio_pem4f.oem4f (.const:ti_uia_runtime_IUIATransfer_Interface__BASE__C)
                  0000c064    00000004     testio_pem4f.oem4f (.const:ti_uia_runtime_LoggerStopMode_E_badLevel__C)
                  0000c068    00000004     testio_pem4f.oem4f (.const:ti_uia_runtime_LoggerStopMode_Object__count__C)
                  0000c06c    00000004     testio_pem4f.oem4f (.const:ti_uia_runtime_LoggerStopMode_overflowLogger__C)
                  0000c070    00000004     testio_pem4f.oem4f (.const:ti_uia_runtime_LoggerStopMode_statusLogger__C)
                  0000c074    00000004     testio_pem4f.oem4f (.const:xdc_runtime_Assert_E_assertFailed__C)
                  0000c078    00000004     testio_pem4f.oem4f (.const:xdc_runtime_Core_A_initializedParams__C)
                  0000c07c    00000004     testio_pem4f.oem4f (.const:xdc_runtime_Core_Module__diagsEnabled__C)
                  0000c080    00000004     testio_pem4f.oem4f (.const:xdc_runtime_Core_Module__diagsIncluded__C)
                  0000c084    00000004     testio_pem4f.oem4f (.const:xdc_runtime_Core_Module__diagsMask__C)
                  0000c088    00000004     testio_pem4f.oem4f (.const:xdc_runtime_Error_E_generic__C)
                  0000c08c    00000004     testio_pem4f.oem4f (.const:xdc_runtime_Error_E_memory__C)
                  0000c090    00000004     testio_pem4f.oem4f (.const:xdc_runtime_Error_Module__diagsEnabled__C)
                  0000c094    00000004     testio_pem4f.oem4f (.const:xdc_runtime_Error_Module__diagsIncluded__C)
                  0000c098    00000004     testio_pem4f.oem4f (.const:xdc_runtime_Error_Module__diagsMask__C)
                  0000c09c    00000004     testio_pem4f.oem4f (.const:xdc_runtime_Error_Module__loggerFxn8__C)
                  0000c0a0    00000004     testio_pem4f.oem4f (.const:xdc_runtime_Error_Module__loggerObj__C)
                  0000c0a4    00000004     testio_pem4f.oem4f (.const:xdc_runtime_Error_raiseHook__C)
                  0000c0a8    00000004     testio_pem4f.oem4f (.const:xdc_runtime_IFilterLogger_Interface__BASE__C)
                  0000c0ac    00000004     testio_pem4f.oem4f (.const:xdc_runtime_IGateProvider_Interface__BASE__C)
                  0000c0b0    00000004     testio_pem4f.oem4f (.const:xdc_runtime_IHeap_Interface__BASE__C)
                  0000c0b4    00000004     testio_pem4f.oem4f (.const:xdc_runtime_ILogger_Interface__BASE__C)
                  0000c0b8    00000004     testio_pem4f.oem4f (.const:xdc_runtime_IModule_Interface__BASE__C)
                  0000c0bc    00000004     testio_pem4f.oem4f (.const:xdc_runtime_Log_L_error__C)
                  0000c0c0    00000004     testio_pem4f.oem4f (.const:xdc_runtime_Log_L_warning__C)
                  0000c0c4    00000004     testio_pem4f.oem4f (.const:xdc_runtime_Main_Module__diagsEnabled__C)
                  0000c0c8    00000004     testio_pem4f.oem4f (.const:xdc_runtime_Main_Module__diagsIncluded__C)
                  0000c0cc    00000004     testio_pem4f.oem4f (.const:xdc_runtime_Main_Module__diagsMask__C)
                  0000c0d0    00000004     testio_pem4f.oem4f (.const:xdc_runtime_Main_Module__loggerFxn1__C)
                  0000c0d4    00000004     testio_pem4f.oem4f (.const:xdc_runtime_Main_Module__loggerFxn2__C)
                  0000c0d8    00000004     testio_pem4f.oem4f (.const:xdc_runtime_Main_Module__loggerFxn4__C)
                  0000c0dc    00000004     testio_pem4f.oem4f (.const:xdc_runtime_Main_Module__loggerObj__C)
                  0000c0e0    00000004     testio_pem4f.oem4f (.const:xdc_runtime_Memory_defaultHeapInstance__C)
                  0000c0e4    00000004     testio_pem4f.oem4f (.const:xdc_runtime_Startup_execImpl__C)
                  0000c0e8    00000004     testio_pem4f.oem4f (.const:xdc_runtime_Startup_maxPasses__C)
                  0000c0ec    00000004     testio_pem4f.oem4f (.const:xdc_runtime_Startup_sfxnRts__C)
                  0000c0f0    00000004     testio_pem4f.oem4f (.const:xdc_runtime_Startup_sfxnTab__C)
                  0000c0f4    00000004     testio_pem4f.oem4f (.const:xdc_runtime_SysMin_bufSize__C)
                  0000c0f8    00000004     testio_pem4f.oem4f (.const:xdc_runtime_SysMin_outputFunc__C)
                  0000c0fc    00000004     testio_pem4f.oem4f (.const:xdc_runtime_System_Module__gateObj__C)
                  0000c100    00000004     testio_pem4f.oem4f (.const:xdc_runtime_System_extendFxn__C)
                  0000c104    00000004     testio_pem4f.oem4f (.const:xdc_runtime_System_maxAtexitHandlers__C)
                  0000c108    00000004     testio_pem4f.oem4f (.const:xdc_runtime_Text_charTab__C)
                  0000c10c    00000004     testio_pem4f.oem4f (.const:xdc_runtime_Text_nameEmpty__C)
                  0000c110    00000004     testio_pem4f.oem4f (.const:xdc_runtime_Text_nameStatic__C)
                  0000c114    00000004     testio_pem4f.oem4f (.const:xdc_runtime_Text_nameUnknown__C)
                  0000c118    00000004     testio_pem4f.oem4f (.const:xdc_runtime_Text_nodeTab__C)
                  0000c11c    00000004     testio_pem4f.oem4f (.const:xdc_runtime_Text_visitRopeFxn__C)
                  0000c120    00000002     testio_pem4f.oem4f (.const:ti_sysbios_BIOS_Module__id__C)
                  0000c122    00000002     --HOLE-- [fill = 0]
                  0000c124    00000002     testio_pem4f.oem4f (.const:ti_sysbios_family_arm_lm3_TimestampProvider_useClockTimer__C)
                  0000c126    00000002     --HOLE-- [fill = 0]
                  0000c128    00000002     testio_pem4f.oem4f (.const:ti_sysbios_family_arm_m3_Hwi_Module__id__C)
                  0000c12a    00000002     --HOLE-- [fill = 0]
                  0000c12c    00000002     testio_pem4f.oem4f (.const:ti_sysbios_family_arm_m3_Hwi_Module__loggerDefined__C)
                  0000c12e    00000002     --HOLE-- [fill = 0]
                  0000c130    00000002     testio_pem4f.oem4f (.const:ti_sysbios_gates_GateMutex_Module__id__C)
                  0000c132    00000002     --HOLE-- [fill = 0]
                  0000c134    00000002     testio_pem4f.oem4f (.const:ti_sysbios_hal_Hwi_Module__id__C)
                  0000c136    00000002     --HOLE-- [fill = 0]
                  0000c138    00000002     testio_pem4f.oem4f (.const:ti_sysbios_heaps_HeapMem_Module__id__C)
                  0000c13a    00000002     --HOLE-- [fill = 0]
                  0000c13c    00000002     testio_pem4f.oem4f (.const:ti_sysbios_knl_Clock_Module__id__C)
                  0000c13e    00000002     --HOLE-- [fill = 0]
                  0000c140    00000002     testio_pem4f.oem4f (.const:ti_sysbios_knl_Clock_Module__loggerDefined__C)
                  0000c142    00000002     --HOLE-- [fill = 0]
                  0000c144    00000002     testio_pem4f.oem4f (.const:ti_sysbios_knl_Semaphore_Module__id__C)
                  0000c146    00000002     --HOLE-- [fill = 0]
                  0000c148    00000002     testio_pem4f.oem4f (.const:ti_sysbios_knl_Semaphore_Module__loggerDefined__C)
                  0000c14a    00000002     --HOLE-- [fill = 0]
                  0000c14c    00000002     testio_pem4f.oem4f (.const:ti_sysbios_knl_Swi_Module__id__C)
                  0000c14e    00000002     --HOLE-- [fill = 0]
                  0000c150    00000002     testio_pem4f.oem4f (.const:ti_sysbios_knl_Swi_Module__loggerDefined__C)
                  0000c152    00000002     --HOLE-- [fill = 0]
                  0000c154    00000002     testio_pem4f.oem4f (.const:ti_sysbios_knl_Task_Module__id__C)
                  0000c156    00000002     --HOLE-- [fill = 0]
                  0000c158    00000002     testio_pem4f.oem4f (.const:ti_sysbios_knl_Task_Module__loggerDefined__C)
                  0000c15a    00000002     --HOLE-- [fill = 0]
                  0000c15c    00000002     testio_pem4f.oem4f (.const:ti_sysbios_knl_Task_deleteTerminatedTasks__C)
                  0000c15e    00000002     --HOLE-- [fill = 0]
                  0000c160    00000002     testio_pem4f.oem4f (.const:ti_sysbios_knl_Task_initStackFlag__C)
                  0000c162    00000002     --HOLE-- [fill = 0]
                  0000c164    00000002     testio_pem4f.oem4f (.const:ti_sysbios_utils_Load_Module__id__C)
                  0000c166    00000002     --HOLE-- [fill = 0]
                  0000c168    00000002     testio_pem4f.oem4f (.const:ti_sysbios_utils_Load_Module__loggerDefined__C)
                  0000c16a    00000002     --HOLE-- [fill = 0]
                  0000c16c    00000002     testio_pem4f.oem4f (.const:ti_sysbios_utils_Load_autoAddTasks__C)
                  0000c16e    00000002     --HOLE-- [fill = 0]
                  0000c170    00000002     testio_pem4f.oem4f (.const:ti_sysbios_utils_Load_hwiEnabled__C)
                  0000c172    00000002     --HOLE-- [fill = 0]
                  0000c174    00000002     testio_pem4f.oem4f (.const:ti_sysbios_utils_Load_swiEnabled__C)
                  0000c176    00000002     --HOLE-- [fill = 0]
                  0000c178    00000002     testio_pem4f.oem4f (.const:ti_sysbios_utils_Load_taskEnabled__C)
                  0000c17a    00000002     --HOLE-- [fill = 0]
                  0000c17c    00000002     testio_pem4f.oem4f (.const:ti_sysbios_utils_Load_updateInIdle__C)
                  0000c17e    00000002     --HOLE-- [fill = 0]
                  0000c180    00000002     testio_pem4f.oem4f (.const:ti_uia_runtime_LoggerStopMode_Module__id__C)
                  0000c182    00000002     --HOLE-- [fill = 0]
                  0000c184    00000002     testio_pem4f.oem4f (.const:ti_uia_runtime_LoggerStopMode_filterByLevel__C)
                  0000c186    00000002     --HOLE-- [fill = 0]
                  0000c188    00000002     testio_pem4f.oem4f (.const:ti_uia_runtime_LoggerStopMode_isTimestampEnabled__C)
                  0000c18a    00000002     --HOLE-- [fill = 0]
                  0000c18c    00000002     testio_pem4f.oem4f (.const:xdc_runtime_Core_Module__id__C)
                  0000c18e    00000002     --HOLE-- [fill = 0]
                  0000c190    00000002     testio_pem4f.oem4f (.const:xdc_runtime_Error_Module__loggerDefined__C)
                  0000c192    00000002     --HOLE-- [fill = 0]
                  0000c194    00000002     testio_pem4f.oem4f (.const:xdc_runtime_Error_maxDepth__C)
                  0000c196    00000002     --HOLE-- [fill = 0]
                  0000c198    00000002     testio_pem4f.oem4f (.const:xdc_runtime_Main_Module__id__C)
                  0000c19a    00000002     --HOLE-- [fill = 0]
                  0000c19c    00000002     testio_pem4f.oem4f (.const:xdc_runtime_Main_Module__loggerDefined__C)
                  0000c19e    00000002     --HOLE-- [fill = 0]
                  0000c1a0    00000002     testio_pem4f.oem4f (.const:xdc_runtime_Memory_Module__id__C)
                  0000c1a2    00000002     --HOLE-- [fill = 0]
                  0000c1a4    00000002     testio_pem4f.oem4f (.const:xdc_runtime_SysMin_flushAtExit__C)
                  0000c1a6    00000002     --HOLE-- [fill = 0]
                  0000c1a8    00000002     testio_pem4f.oem4f (.const:xdc_runtime_Text_charCnt__C)
                  0000c1aa    00000002     --HOLE-- [fill = 0]
                  0000c1ac    00000002     testio_pem4f.oem4f (.const:xdc_runtime_Text_isLoaded__C)
                  0000c1ae    00000002     --HOLE-- [fill = 0]
                  0000c1b0    00000002     testio_pem4f.oem4f (.const:xdc_runtime_Text_registryModsLastId__C)
                  0000c1b2    00000002     --HOLE-- [fill = 0]
                  0000c1b4    00000002     testio_pem4f.oem4f (.const:xdc_runtime_Text_unnamedModsLastId__C)
                  0000c1b6    00000002     --HOLE-- [fill = 0]
                  0000c1b8    00000001     testio_pem4f.oem4f (.const:ti_sysbios_knl_Clock_tickMode__C)
                  0000c1b9    00000003     --HOLE-- [fill = 0]
                  0000c1bc    00000001     testio_pem4f.oem4f (.const:ti_sysbios_knl_Clock_tickSource__C)
                  0000c1bd    00000003     --HOLE-- [fill = 0]
                  0000c1c0    00000001     testio_pem4f.oem4f (.const:xdc_runtime_Error_policy__C)

.cinit     0    0000c1c8    00000568     
                  0000c1c8    0000052f     (.cinit..data.load) [load image, compression = rle]
                  0000c6f7    00000001     --HOLE-- [fill = 0]
                  0000c6f8    0000000c     (__TI_handler_table)
                  0000c704    00000004     --HOLE-- [fill = 0]
                  0000c708    00000008     (.cinit..bss.load) [load image, compression = zero_init]
                  0000c710    00000008     (.cinit..vecs.load) [load image, compression = zero_init]
                  0000c718    00000018     (__TI_cinit_table)

.vecs      0    20000000    00000354     UNINITIALIZED
                  20000000    00000354     testio_pem4f.oem4f (.vecs)

.bss       0    20000358    00003380     UNINITIALIZED
                  20000358    00001000     testio_pem4f.oem4f (.bss:taskStackSection)
                  20001358    00001000     testio_pem4f.oem4f (.bss:ti_sysbios_heaps_HeapMem_Instance_State_0_buf__A)
                  20002358    00000480     testio_pem4f.oem4f (.bss:ti_uia_runtime_LoggerStopMode_Instance_State_1_bufferArray__A)
                  200027d8    00000480     testio_pem4f.oem4f (.bss:ti_uia_runtime_LoggerStopMode_Instance_State_2_bufferArray__A)
                  20002c58    00000400     testio_pem4f.oem4f (.bss:xdc_runtime_SysMin_Module_State_0_outbuf__A)
                  20003058    00000280     testio_pem4f.oem4f (.bss:ti_uia_runtime_LoggerStopMode_Instance_State_0_bufferArray__A)
                  200032d8    00000214     EKS_LM4F232.obj (.bss:uartObjects)
                  200034ec    00000120     rtsv7M4_T_le_v4SPD16_eabi.lib : trgmsg.obj (.bss:__CIOBUF_)
                  2000360c    00000070     EKS_LM4F232.obj (.bss:I2CObjects)
                  2000367c    00000028     ti.sysbios.fatfs.aem4f : ffcio.oem4f (.bss:filTable)
                  200036a4    00000014     EKS_LM4F232.obj (.bss)
                  200036b8    00000010     testio_pem4f.oem4f (.bss)
                  200036c8    00000008     rtsv7M4_T_le_v4SPD16_eabi.lib : trgdrv.obj (.bss)
                  200036d0    00000008     testio.obj (.bss)

.stack     0    200036d8    00001000     UNINITIALIZED
                  200036d8    00001000     --HOLE--

.data      0    200046d8    00000c12     
                  200046d8    00000354     testio_pem4f.oem4f (.data:ti_sysbios_family_arm_m3_Hwi_Module_State_0_dispatchTable__A)
                  20004a2c    000001b4     testio_pem4f.oem4f (.data)
                  20004be0    00000108     testio_pem4f.oem4f (.data:ti_uia_runtime_LoggerStopMode_Object__table__V)
                  20004ce8    000000d5     testio_pem4f.oem4f (.data:ti_sysbios_family_arm_m3_Hwi_Module_State_0_priorities__A)
                  20004dbd    00000003     --HOLE--
                  20004dc0    000000cc     rtsv7M4_T_le_v4SPD16_eabi.lib : lowlev.obj (.data)
                  20004e8c    00000098     testio_pem4f.oem4f (.data:ti_sysbios_utils_Load_Module__state__V)
                  20004f24    00000090     testio_pem4f.oem4f (.data:ti_sysbios_knl_Task_Object__table__V)
                  20004fb4    00000080     testio_pem4f.oem4f (.data:ti_sysbios_knl_Swi_Module_State_0_readyQ__A)
                  20005034    00000080     testio_pem4f.oem4f (.data:ti_sysbios_knl_Task_Module_State_0_readyQ__A)
                  200050b4    00000060     testio_pem4f.oem4f (.data:ti_sysbios_family_arm_lm3_Timer_Object__table__V)
                  20005114    00000050     ti.sysbios.fatfs.aem4f : diskio.oem4f (.data:drive_fxn_table)
[...]
00009825   ti_sysbios_family_arm_m3_Hwi_startup__E
00009825   ti_sysbios_hal_Hwi_HwiProxy_startup__E
00009825   ti_sysbios_hal_Hwi_startup__E
0000982d   get_fattime
0000982d   ti_sysbios_fatfs_getFatTime
00009835   ti_catalog_arm_cortexm3_lm3init_Boot_sysCtlDelay
0000983b   UARTFIFOLevelSet
00009841   __xdc__init
00009847   __TI_decompress_rle24
00009859   ti_sysbios_family_arm_lm3_TimestampProvider_Module_startup__E
00009859   ti_sysbios_family_arm_lm3_TimestampProvider_Module_startup__F
0000985f   ti_sysbios_gates_GateHwi_leave__E
00009865   ti_sysbios_heaps_HeapMem_isBlocking__E
0000986b   ti_sysbios_knl_Queue_Instance_init__F
00009871   ti_uia_runtime_LoggerStopMode_getPriority__E
00009877   ti_uia_runtime_LoggerStopMode_getTransferType__E
00009877   ti_uia_runtime_LoggerStopMode_getTransferType__F
00009883   xdc_runtime_System_Module_startup__E
00009883   xdc_runtime_System_Module_startup__F
00009889   UARTIntClear
0000988d   ff_rel_grant
00009891   ti_sysbios_BIOS_RtsGateProxy_enter__E
00009895   ti_sysbios_BIOS_RtsGateProxy_leave__E
00009899   ti_sysbios_family_arm_lm3_Timer_getPeriod__E
0000989d   ti_sysbios_family_arm_m3_TaskSupport_Module__startupDone__S
000098a1   ti_sysbios_gates_GateHwi_query__E
000098a1   ti_sysbios_gates_GateHwi_query__F
000098a1   xdc_runtime_Main_Module_GateProxy_query__E
000098a1   xdc_runtime_System_Module_GateProxy_query__E
000098a5   ti_sysbios_BIOS_RtsGateProxy_query__E
000098a5   ti_sysbios_gates_GateMutex_query__E
000098a5   ti_sysbios_gates_GateMutex_query__F
000098a5   ti_sysbios_heaps_HeapMem_Module_GateProxy_query__E
000098a9   ti_sysbios_hal_Hwi_HwiProxy_Module__startupDone__S
000098ad   ti_sysbios_hal_Hwi_HwiProxy_Object__delete__S
000098b1   ti_sysbios_hal_Timer_TimerProxy_Module__startupDone__S
000098b5   ti_sysbios_hal_Timer_TimerProxy_getExpiredCounts__E
000098b9   ti_sysbios_hal_Timer_TimerProxy_getPeriod__E
000098bd   ti_sysbios_hal_Timer_TimerProxy_setNextTick__E
000098c1   ti_sysbios_heaps_HeapMem_Module_GateProxy_enter__E
000098c5   ti_sysbios_heaps_HeapMem_Module_GateProxy_leave__E
000098c9   ti_sysbios_knl_Task_SupportProxy_Module__startupDone__S
000098cd   ti_uia_runtime_LogSync_CpuTimestampProxy_Module__startupDone__S
000098d1   ti_uia_runtime_LogSync_GlobalTimestampProxy_Module__startupDone__S
000098d5   ti_uia_runtime_LoggerStopMode_getInstanceId__E
000098d9   ti_uia_runtime_LoggerStopMode_getMaxLength__E
000098dd   ti_uia_runtime_LoggerStopMode_setPriority__E
000098e1   xdc_runtime_Error_getSite__E
000098e1   xdc_runtime_Error_getSite__F
000098e5   xdc_runtime_Memory_HeapProxy_alloc__E
000098e9   xdc_runtime_Memory_HeapProxy_free__E
000098ed   xdc_runtime_Startup_reset__I
000098f1   xdc_runtime_System_Module_GateProxy_enter__E
000098f5   xdc_runtime_System_Module_GateProxy_leave__E
000098f9   xdc_runtime_System_aprintf_va__F
000098fd   xdc_runtime_System_printf_va__F
00009901   xdc_runtime_System_vsprintf__E
00009905   xdc_runtime_TimestampNull_Module__startupDone__S
00009909   xdc_runtime_Timestamp_Module__startupDone__S
0000990c   xdc_runtime_Text_charTab__A
0000b690   xdc_runtime_Text_nodeTab__A
0000b78c   gpioHWAttrs
0000b954   ti_uia_runtime_LoggerStopMode_Module__FXNS__C
0000b9b4   GPIO_config
0000b9bc   UART_config
0000b9c8   SDSPI_config
0000b9d4   USBMSCHFatFsHWAttrs
0000b9d8   USBMSCHFatFs_config
0000b9e4   I2CHWAttrs
0000b9f4   I2C_config
0000ba88   uartHWAttrs
0000bac0   ti_sysbios_knl_Task_hooks__A
0000baf0   ti_uia_runtime_LoggerStopMode_Object__PARAMS__C
0000bb20   xdc_runtime_Startup_sfxnTab__A
0000bb50   ti_sysbios_family_arm_m3_Hwi_Object__PARAMS__C
0000bb7c   ti_sysbios_hal_Hwi_Object__PARAMS__C
0000bba8   sdspiHWAttrs
0000bbd0   ti_sysbios_heaps_HeapMem_Module__FXNS__C
0000bbf8   ti_sysbios_gates_GateHwi_Module__FXNS__C
0000bc1c   ti_sysbios_gates_GateMutex_Module__FXNS__C
0000bc40   ti_sysbios_knl_Clock_Object__PARAMS__C
0000bc64   ti_sysbios_knl_Semaphore_Object__PARAMS__C
0000bc88   ti_sysbios_family_arm_m3_Hwi_Object__DESC__C
0000bca8   ti_sysbios_gates_GateHwi_Object__DESC__C
0000bcc8   ti_sysbios_gates_GateMutex_Object__DESC__C
0000bce8   ti_sysbios_hal_Hwi_Object__DESC__C
0000bd08   ti_sysbios_heaps_HeapMem_Object__DESC__C
0000bd28   ti_sysbios_heaps_HeapMem_Object__PARAMS__C
0000bd48   ti_sysbios_knl_Clock_Object__DESC__C
0000bd68   ti_sysbios_knl_Queue_Object__DESC__C
0000bd88   ti_sysbios_knl_Semaphore_Object__DESC__C
0000bda8   ti_uia_runtime_LoggerStopMode_Object__DESC__C
0000bdc8   ti_sysbios_gates_GateHwi_Object__PARAMS__C
0000bde0   ti_sysbios_gates_GateMutex_Object__PARAMS__C
0000bdf8   ti_sysbios_knl_Queue_Object__PARAMS__C
0000be10   xdc_runtime_Startup_sfxnRts__A
0000be54   xdc_runtime_Startup_firstFxns__A
0000be64   ti_sysbios_knl_Idle_funcList__A
0000be6c   ti_sysbios_knl_Idle_funcList__C
0000be74   ti_sysbios_knl_Task_hooks__C
0000be7c   xdc_runtime_Startup_firstFxns__C
0000be84   xdc_runtime_Startup_lastFxns__A
0000be8c   xdc_runtime_Startup_lastFxns__C
0000be94   ti_sysbios_BIOS_Module__diagsEnabled__C
0000be98   ti_sysbios_BIOS_Module__diagsIncluded__C
0000be9c   ti_sysbios_BIOS_Module__diagsMask__C
0000bea0   ti_sysbios_BIOS_installedErrorHook__C
0000bea4   ti_sysbios_family_arm_lm3_Timer_WRALLOW__C
0000bea8   ti_sysbios_family_arm_lm3_Timer_numTimerDevices__C
0000beac   ti_sysbios_family_arm_lm3_Timer_startupNeeded__C
0000beb0   ti_sysbios_family_arm_m3_Hwi_E_NMI__C
0000beb4   ti_sysbios_family_arm_m3_Hwi_E_alreadyDefined__C
0000beb8   ti_sysbios_family_arm_m3_Hwi_E_busFault__C
0000bebc   ti_sysbios_family_arm_m3_Hwi_E_debugMon__C
0000bec0   ti_sysbios_family_arm_m3_Hwi_E_hardFault__C
0000bec4   ti_sysbios_family_arm_m3_Hwi_E_memFault__C
0000bec8   ti_sysbios_family_arm_m3_Hwi_E_noIsr__C
0000becc   ti_sysbios_family_arm_m3_Hwi_E_reserved__C
0000bed0   ti_sysbios_family_arm_m3_Hwi_E_svCall__C
0000bed4   ti_sysbios_family_arm_m3_Hwi_E_usageFault__C
0000bed8   ti_sysbios_family_arm_m3_Hwi_LD_end__C
0000bedc   ti_sysbios_family_arm_m3_Hwi_LM_begin__C
0000bee0   ti_sysbios_family_arm_m3_Hwi_Module__diagsEnabled__C
0000bee4   ti_sysbios_family_arm_m3_Hwi_Module__diagsIncluded__C
0000bee8   ti_sysbios_family_arm_m3_Hwi_Module__diagsMask__C
0000beec   ti_sysbios_family_arm_m3_Hwi_Module__loggerFxn1__C
0000bef0   ti_sysbios_family_arm_m3_Hwi_Module__loggerFxn8__C
0000bef4   ti_sysbios_family_arm_m3_Hwi_Module__loggerObj__C
0000bef8   ti_sysbios_family_arm_m3_Hwi_NUM_INTERRUPTS__C
0000befc   ti_sysbios_family_arm_m3_Hwi_ccr__C
0000bf00   ti_sysbios_family_arm_m3_Hwi_disablePriority__C
0000bf04   ti_sysbios_family_arm_m3_Hwi_excHandlerFunc__C
0000bf08   ti_sysbios_family_arm_m3_Hwi_excHookFunc__C
0000bf0c   ti_sysbios_family_arm_m3_Hwi_priGroup__C
0000bf10   ti_sysbios_gates_GateMutex_A_badContext__C
0000bf14   ti_sysbios_gates_GateMutex_Instance_State_sem__O
0000bf18   ti_sysbios_gates_GateMutex_Module__diagsEnabled__C
0000bf1c   ti_sysbios_gates_GateMutex_Module__diagsIncluded__C
0000bf20   ti_sysbios_gates_GateMutex_Module__diagsMask__C
0000bf24   ti_sysbios_hal_Hwi_E_stackOverflow__C
0000bf28   ti_sysbios_heaps_HeapMem_A_align__C
0000bf2c   ti_sysbios_heaps_HeapMem_A_heapSize__C
0000bf30   ti_sysbios_heaps_HeapMem_A_invalidFree__C
0000bf34   ti_sysbios_heaps_HeapMem_A_zeroBlock__C
0000bf38   ti_sysbios_heaps_HeapMem_E_memory__C
0000bf3c   ti_sysbios_heaps_HeapMem_Module__diagsEnabled__C
0000bf40   ti_sysbios_heaps_HeapMem_Module__diagsIncluded__C
0000bf44   ti_sysbios_heaps_HeapMem_Module__diagsMask__C
0000bf48   ti_sysbios_heaps_HeapMem_Module__gateObj__C
0000bf4c   ti_sysbios_heaps_HeapMem_Object__count__C
0000bf50   ti_sysbios_heaps_HeapMem_reqAlignMask__C
0000bf54   ti_sysbios_heaps_HeapMem_reqAlign__C
0000bf58   ti_sysbios_knl_Clock_A_badThreadType__C
0000bf5c   ti_sysbios_knl_Clock_LM_begin__C
0000bf60   ti_sysbios_knl_Clock_LM_tick__C
0000bf64   ti_sysbios_knl_Clock_LW_delayed__C
0000bf68   ti_sysbios_knl_Clock_Module_State_clockQ__O
0000bf6c   ti_sysbios_knl_Clock_Module__diagsEnabled__C
0000bf70   ti_sysbios_knl_Clock_Module__diagsIncluded__C
0000bf74   ti_sysbios_knl_Clock_Module__diagsMask__C
0000bf78   ti_sysbios_knl_Clock_Module__loggerFxn1__C
0000bf7c   ti_sysbios_knl_Clock_Module__loggerFxn2__C
0000bf80   ti_sysbios_knl_Clock_Module__loggerObj__C
0000bf84   ti_sysbios_knl_Semaphore_A_badContext__C
0000bf88   ti_sysbios_knl_Semaphore_A_noEvents__C
0000bf8c   ti_sysbios_knl_Semaphore_Instance_State_pendQ__O
0000bf90   ti_sysbios_knl_Semaphore_LM_pend__C
0000bf94   ti_sysbios_knl_Semaphore_LM_post__C
0000bf98   ti_sysbios_knl_Semaphore_Module__diagsEnabled__C
0000bf9c   ti_sysbios_knl_Semaphore_Module__diagsIncluded__C
0000bfa0   ti_sysbios_knl_Semaphore_Module__diagsMask__C
0000bfa4   ti_sysbios_knl_Semaphore_Module__loggerFxn2__C
0000bfa8   ti_sysbios_knl_Semaphore_Module__loggerFxn4__C
0000bfac   ti_sysbios_knl_Semaphore_Module__loggerObj__C
0000bfb0   ti_sysbios_knl_Swi_LD_end__C
0000bfb4   ti_sysbios_knl_Swi_LM_begin__C
0000bfb8   ti_sysbios_knl_Swi_LM_post__C
0000bfbc   ti_sysbios_knl_Swi_Module__diagsEnabled__C
0000bfc0   ti_sysbios_knl_Swi_Module__diagsIncluded__C
0000bfc4   ti_sysbios_knl_Swi_Module__diagsMask__C
0000bfc8   ti_sysbios_knl_Swi_Module__loggerFxn1__C
0000bfcc   ti_sysbios_knl_Swi_Module__loggerFxn4__C
0000bfd0   ti_sysbios_knl_Swi_Module__loggerObj__C
0000bfd4   ti_sysbios_knl_Swi_Object__count__C
0000bfd8   ti_sysbios_knl_Task_E_spOutOfBounds__C
0000bfdc   ti_sysbios_knl_Task_E_stackOverflow__C
0000bfe0   ti_sysbios_knl_Task_LD_block__C
0000bfe4   ti_sysbios_knl_Task_LD_exit__C
0000bfe8   ti_sysbios_knl_Task_LD_ready__C
0000bfec   ti_sysbios_knl_Task_LM_switch__C
0000bff0   ti_sysbios_knl_Task_Module_State_inactiveQ__O
0000bff4   ti_sysbios_knl_Task_Module_State_terminatedQ__O
0000bff8   ti_sysbios_knl_Task_Module__diagsEnabled__C
0000bffc   ti_sysbios_knl_Task_Module__diagsIncluded__C
0000c000   ti_sysbios_knl_Task_Module__diagsMask__C
0000c004   ti_sysbios_knl_Task_Module__loggerFxn2__C
0000c008   ti_sysbios_knl_Task_Module__loggerFxn4__C
0000c00c   ti_sysbios_knl_Task_Module__loggerObj__C
0000c010   ti_sysbios_knl_Task_Object__count__C
0000c014   ti_sysbios_knl_Task_Object__heap__C
0000c018   ti_sysbios_knl_Task_allBlockedFunc__C
0000c01c   ti_sysbios_knl_Task_numConstructedTasks__C
0000c020   ti_sysbios_utils_Load_LS_cpuLoad__C
0000c024   ti_sysbios_utils_Load_LS_hwiLoad__C
0000c028   ti_sysbios_utils_Load_LS_swiLoad__C
0000c02c   ti_sysbios_utils_Load_LS_taskLoad__C
0000c030   ti_sysbios_utils_Load_Module_State_gate__O
0000c034   ti_sysbios_utils_Load_Module_State_taskList__O
0000c038   ti_sysbios_utils_Load_Module__diagsEnabled__C
0000c03c   ti_sysbios_utils_Load_Module__diagsIncluded__C
0000c040   ti_sysbios_utils_Load_Module__diagsMask__C
0000c044   ti_sysbios_utils_Load_Module__loggerFxn1__C
0000c048   ti_sysbios_utils_Load_Module__loggerFxn2__C
0000c04c   ti_sysbios_utils_Load_Module__loggerFxn4__C
0000c050   ti_sysbios_utils_Load_Module__loggerObj__C
0000c054   ti_sysbios_utils_Load_postUpdate__C
0000c058   ti_sysbios_utils_Load_windowInMs__C
0000c05c   ti_uia_runtime_ILoggerSnapshot_Interface__BASE__C
0000c060   ti_uia_runtime_IUIATransfer_Interface__BASE__C
0000c064   ti_uia_runtime_LoggerStopMode_E_badLevel__C
0000c068   ti_uia_runtime_LoggerStopMode_Object__count__C
0000c06c   ti_uia_runtime_LoggerStopMode_overflowLogger__C
0000c070   ti_uia_runtime_LoggerStopMode_statusLogger__C
0000c074   xdc_runtime_Assert_E_assertFailed__C
0000c078   xdc_runtime_Core_A_initializedParams__C
0000c07c   xdc_runtime_Core_Module__diagsEnabled__C
0000c080   xdc_runtime_Core_Module__diagsIncluded__C
0000c084   xdc_runtime_Core_Module__diagsMask__C
0000c088   xdc_runtime_Error_E_generic__C
0000c08c   xdc_runtime_Error_E_memory__C
0000c090   xdc_runtime_Error_Module__diagsEnabled__C
0000c094   xdc_runtime_Error_Module__diagsIncluded__C
0000c098   xdc_runtime_Error_Module__diagsMask__C
0000c09c   xdc_runtime_Error_Module__loggerFxn8__C
0000c0a0   xdc_runtime_Error_Module__loggerObj__C
0000c0a4   xdc_runtime_Error_raiseHook__C
0000c0a8   xdc_runtime_IFilterLogger_Interface__BASE__C
0000c0ac   xdc_runtime_IGateProvider_Interface__BASE__C
0000c0b0   xdc_runtime_IHeap_Interface__BASE__C
0000c0b4   xdc_runtime_ILogger_Interface__BASE__C
0000c0b8   xdc_runtime_IModule_Interface__BASE__C
0000c0bc   xdc_runtime_Log_L_error__C
0000c0c0   xdc_runtime_Log_L_warning__C
0000c0c4   xdc_runtime_Main_Module__diagsEnabled__C
0000c0c8   xdc_runtime_Main_Module__diagsIncluded__C
0000c0cc   xdc_runtime_Main_Module__diagsMask__C
0000c0d0   xdc_runtime_Main_Module__loggerFxn1__C
0000c0d4   xdc_runtime_Main_Module__loggerFxn2__C
0000c0d8   xdc_runtime_Main_Module__loggerFxn4__C
0000c0dc   xdc_runtime_Main_Module__loggerObj__C
0000c0e0   xdc_runtime_Memory_defaultHeapInstance__C
0000c0e4   xdc_runtime_Startup_execImpl__C
0000c0e8   xdc_runtime_Startup_maxPasses__C
0000c0ec   xdc_runtime_Startup_sfxnRts__C
0000c0f0   xdc_runtime_Startup_sfxnTab__C
0000c0f4   xdc_runtime_SysMin_bufSize__C
0000c0f8   xdc_runtime_SysMin_outputFunc__C
0000c0fc   xdc_runtime_System_Module__gateObj__C
0000c100   xdc_runtime_System_extendFxn__C
0000c104   xdc_runtime_System_maxAtexitHandlers__C
0000c108   xdc_runtime_Text_charTab__C
0000c10c   xdc_runtime_Text_nameEmpty__C
0000c110   xdc_runtime_Text_nameStatic__C
0000c114   xdc_runtime_Text_nameUnknown__C
0000c118   xdc_runtime_Text_nodeTab__C
0000c11c   xdc_runtime_Text_visitRopeFxn__C
0000c120   ti_sysbios_BIOS_Module__id__C
0000c124   ti_sysbios_family_arm_lm3_TimestampProvider_useClockTimer__C
0000c128   ti_sysbios_family_arm_m3_Hwi_Module__id__C
0000c12c   ti_sysbios_family_arm_m3_Hwi_Module__loggerDefined__C
0000c130   ti_sysbios_gates_GateMutex_Module__id__C
0000c134   ti_sysbios_hal_Hwi_Module__id__C
0000c138   ti_sysbios_heaps_HeapMem_Module__id__C
0000c13c   ti_sysbios_knl_Clock_Module__id__C
0000c140   ti_sysbios_knl_Clock_Module__loggerDefined__C
0000c144   ti_sysbios_knl_Semaphore_Module__id__C
0000c148   ti_sysbios_knl_Semaphore_Module__loggerDefined__C
0000c14c   ti_sysbios_knl_Swi_Module__id__C
0000c150   ti_sysbios_knl_Swi_Module__loggerDefined__C
0000c154   ti_sysbios_knl_Task_Module__id__C
0000c158   ti_sysbios_knl_Task_Module__loggerDefined__C
0000c15c   ti_sysbios_knl_Task_deleteTerminatedTasks__C
0000c160   ti_sysbios_knl_Task_initStackFlag__C
0000c164   ti_sysbios_utils_Load_Module__id__C
0000c168   ti_sysbios_utils_Load_Module__loggerDefined__C
0000c16c   ti_sysbios_utils_Load_autoAddTasks__C
0000c170   ti_sysbios_utils_Load_hwiEnabled__C
0000c174   ti_sysbios_utils_Load_swiEnabled__C
0000c178   ti_sysbios_utils_Load_taskEnabled__C
0000c17c   ti_sysbios_utils_Load_updateInIdle__C
0000c180   ti_uia_runtime_LoggerStopMode_Module__id__C
0000c184   ti_uia_runtime_LoggerStopMode_filterByLevel__C
0000c188   ti_uia_runtime_LoggerStopMode_isTimestampEnabled__C
0000c18c   xdc_runtime_Core_Module__id__C
0000c190   xdc_runtime_Error_Module__loggerDefined__C
0000c194   xdc_runtime_Error_maxDepth__C
0000c198   xdc_runtime_Main_Module__id__C
0000c19c   xdc_runtime_Main_Module__loggerDefined__C
0000c1a0   xdc_runtime_Memory_Module__id__C
0000c1a4   xdc_runtime_SysMin_flushAtExit__C
0000c1a8   xdc_runtime_Text_charCnt__C
0000c1ac   xdc_runtime_Text_isLoaded__C
0000c1b0   xdc_runtime_Text_registryModsLastId__C
0000c1b4   xdc_runtime_Text_unnamedModsLastId__C
0000c1b8   ti_sysbios_knl_Clock_tickMode__C
0000c1bc   ti_sysbios_knl_Clock_tickSource__C
0000c1c0   xdc_runtime_Error_policy__C
0000c6f8   __TI_Handler_Table_Base
0000c704   __TI_Handler_Table_Limit
0000c718   __TI_CINIT_Base
0000c730   __TI_CINIT_Limit
20000000   ti_sysbios_family_arm_m3_Hwi_ramVectors
20000358   ti_sysbios_knl_Task_Instance_State_0_stack__A
20000b58   ti_sysbios_knl_Task_Instance_State_1_stack__A
20001358   ti_sysbios_heaps_HeapMem_Instance_State_0_buf__A
20002358   ti_uia_runtime_LoggerStopMode_Instance_State_1_bufferArray__A
200027d8   ti_uia_runtime_LoggerStopMode_Instance_State_2_bufferArray__A
20002c58   xdc_runtime_SysMin_Module_State_0_outbuf__A
20003058   ti_uia_runtime_LoggerStopMode_Instance_State_0_bufferArray__A
200032d8   uartObjects
200034ec   __CIOBUF_
2000360c   I2CObjects
200036a4   sdspiObjects
200036b0   USBMSCHFatFsObjects
200036b8   ti_sysbios_knl_Task_Instance_State_0_hookEnv__A
200036c0   ti_sysbios_knl_Task_Instance_State_1_hookEnv__A
200036d0   Ledindex
200036d4   Internal_timer
200036d8   __stack
200037d8   __STACK_TOP
200046d8   __STACK_END
200046d8   ti_sysbios_family_arm_m3_Hwi_Module_State_0_dispatchTable__A
20004a2c   ti_sysbios_BIOS_Module__state__V
20004a48   ti_sysbios_family_arm_lm3_Timer_Module__root__V
20004a50   ti_sysbios_family_arm_lm3_Timer_Module_State_0_device__A
20004a70   ti_sysbios_family_arm_lm3_Timer_Module_State_0_handles__A
20004a80   ti_sysbios_family_arm_lm3_Timer_Module__state__V
20004a8c   ti_sysbios_family_arm_lm3_TimestampProvider_Module__state__V
20004a94   ti_sysbios_family_arm_m3_Hwi_Module__root__V
20004a9c   ti_sysbios_gates_GateHwi_Module__root__V
20004aa4   ti_sysbios_gates_GateHwi_Object__table__V
20004aa8   ti_sysbios_gates_GateMutex_Module__root__V
20004ab0   ti_sysbios_hal_Hwi_Module__root__V
20004ab8   ti_sysbios_hal_Timer_Module__root__V
20004ac0   ti_sysbios_hal_Timer_Object__table__V
20004ac8   ti_sysbios_heaps_HeapMem_Module__root__V
20004ad0   ti_sysbios_heaps_HeapMem_Object__table__V
20004ae4   ti_sysbios_knl_Clock_Module__root__V
20004aec   ti_sysbios_knl_Clock_Object__table__V
20004b0c   ti_sysbios_knl_Event_Module__root__V
20004b18   ti_sysbios_knl_Queue_Module__root__V
20004b20   ti_sysbios_knl_Semaphore_Module__root__V
20004b2c   ti_sysbios_knl_Swi_Module__root__V
20004b34   ti_sysbios_knl_Swi_Module__state__V
20004b50   ti_sysbios_knl_Task_Module__root__V
20004b5c   ti_sysbios_utils_Load_Module__root__V
20004b60   ti_uia_runtime_LogSync_Module__root__V
20004b68   ti_uia_runtime_LogSync_Module__state__V
20004b74   ti_uia_runtime_LoggerStopMode_Module__root__V
20004b7c   ti_uia_runtime_LoggerStopMode_Module__state__V
20004b84   xdc_runtime_Error_Module__state__V
20004b86   xdc_runtime_Main_Module__root__V
20004b88   xdc_runtime_Memory_Module__state__V
20004b8c   xdc_runtime_Registry_Module__state__V
20004b94   xdc_runtime_Startup_Module__state__V
20004b9c   xdc_runtime_SysMin_Module__state__V
20004ba8   xdc_runtime_System_Module_State_0_atexitHandlers__A
20004bc8   xdc_runtime_System_Module__state__V
20004bd4   xdc_runtime_Text_Module__state__V
20004bdc   __xdc__init__addr
20004be0   ti_uia_runtime_LoggerStopMode_Object__table__V
20004ce8   ti_sysbios_family_arm_m3_Hwi_Module_State_0_priorities__A
20004e8c   ti_sysbios_utils_Load_Module__state__V
20004f24   ti_sysbios_knl_Task_Object__table__V
20004f6c   TSK_idle
20004fb4   ti_sysbios_knl_Swi_Module_State_0_readyQ__A
20005034   ti_sysbios_knl_Task_Module_State_0_readyQ__A
200050b4   ti_sysbios_family_arm_lm3_Timer_Object__table__V
20005164   ti_sysbios_family_arm_m3_Hwi_Module__state__V
200051b4   ti_sysbios_gates_GateMutex_Object__table__V
200051ec   ti_sysbios_knl_Task_Module__state__V
20005220   ti_sysbios_family_arm_m3_Hwi_Object__table__V
20005250   ti_sysbios_knl_Swi_Object__table__V
20005280   ti_sysbios_knl_Clock_Module__state__V
200052c0   _lock
200052c4   _unlock
200052c8   _cleanup_ptr
200052cc   _dtors_ptr
200052d0   ti_uia_runtime_QueueDescriptor_gPtrToFirstDescriptor
200052d4   ti_uia_runtime_QueueDescriptor_gUpdateCount
200052dc   main_func_sp
e000e000   ti_sysbios_family_arm_m3_Hwi_nvic
ffffffff   __binit__
ffffffff   __c_args__
ffffffff   binit
UNDEFED    SHT$$INIT_ARRAY$$Base
UNDEFED    SHT$$INIT_ARRAY$$Limit

[829 symbols]
