******************************************************************************
                  TI ARM Linker PC v5.0.1                      
******************************************************************************
>> Linked Sat Feb 02 16:09:11 2013

OUTPUT FILE NAME:   <szimetestio.out>
ENTRY POINT SYMBOL: "_c_int00"  address: 00007ab5


MEMORY CONFIGURATION

         name            origin    length      used     unused   attr    fill
----------------------  --------  ---------  --------  --------  ----  --------
  FLASH                 00000000   00040000  0000c721  000338df  R  X
  SRAM                  20000000   00008000  00005162  00002e9e  RW X


SEGMENT ALLOCATION MAP

run origin  load origin   length   init length attrs members
----------  ----------- ---------- ----------- ----- -------
00000000    00000000    0000c728   0000c728    r-x
  00000000    00000000    00000354   00000354    r-- .resetVecs
  00000354    00000354    00009614   00009614    r-x .text
  00009968    00009968    00002851   00002851    r-- .const
  0000c1c0    0000c1c0    00000568   00000568    r-- .cinit
20000000    20000000    00004554   00000000    rw-
  20000000    20000000    00000354   00000000    rw- .vecs
  20000358    20000358    000031fc   00000000    rw- .bss
  20003554    20003554    00001000   00000000    rw- .stack
20004554    20004554    00000c12   00000c12    rw-
  20004554    20004554    00000c12   00000c12    rw- .data


SECTION ALLOCATION MAP

 output                                  attributes/
section   page    origin      length       input sections
--------  ----  ----------  ----------   ----------------
.bootVecs 
*          0    00000000    00000008     DSECT
                  00000000    00000008     boot.aem4f : boot.oem4f (.bootVecs)

.resetVecs 
*          0    00000000    00000354     
                  00000000    00000354     testio_pem4f.oem4f (.resetVecs)

xdc.meta   0    00000000    000000e8     COPY SECTION
                  00000000    000000e8     testio_pem4f.oem4f (xdc.meta)

.text      0    00000354    00009614     
                  00000354    0000043c     uart_stellarisware.aem4f : UART.oem4f (.text:UART_hwiIntFxn)
                  00000790    0000042c                              : UART.oem4f (.text:UART_open)
                  00000bbc    000003d8     sysbios.lib : BIOS.obj (.text:ti_sysbios_family_arm_m3_Hwi_excDumpRegs__I)
                  00000f94    00000378     rtsv7M4_T_le_v4SPD16_eabi.lib : lowlev.obj (.text)
                  0000130c    00000370     uart_stellarisware.aem4f : UART.oem4f (.text:UART_write)
                  0000167c    00000334                              : UART.oem4f (.text:UART_read)
                  000019b0    00000314     ti.targets.arm.rtsarm.aem4f : System.oem4f (.text:xdc_runtime_System_doPrint__I)
                  00001cc4    000002ec     ti.sysbios.fatfs.aem4f : ff.oem4f (.text:chk_mounted)
                  00001fb0    000002e4     rtsv7M4_T_le_v4SPD16_eabi.lib : trgdrv.obj (.text)
                  00002294    00000250     sysbios.lib : BIOS.obj (.text:ti_sysbios_heaps_HeapMem_free__E)
                  000024e4    0000023c                 : BIOS.obj (.text:ti_sysbios_utils_Load_update__E)
                  00002720    00000238                 : BIOS.obj (.text:ti_sysbios_heaps_HeapMem_alloc__E)
                  00002958    000001de     ti.sysbios.fatfs.aem4f : ff.oem4f (.text:f_write)
                  00002b36    00000002     sysbios.lib : BIOS.obj (.text:nullFunc$0)
                  00002b38    000001d8     driverlib-cm4f.lib : sysctl.obj (.text:SysCtlClockGet)
                  00002d10    000001d8     sysbios.lib : BIOS.obj (.text:ti_sysbios_utils_Load_logLoads__I)
                  00002ee8    000001c8                 : BIOS.obj (.text:ti_sysbios_knl_Semaphore_pend__E)
                  000030b0    000001a4     ti.sysbios.fatfs.aem4f : ff.oem4f (.text:f_read)
                  00003254    000001a4     ti.uia.runtime.aem4f : LoggerStopMode.oem4f (.text:ti_uia_runtime_LoggerStopMode_write8__E)
                  000033f8    00000190     sysbios.lib : BIOS.obj (.text:ti_sysbios_family_arm_m3_Hwi_excHandlerMax__I)
                  00003588    0000018a     ti.sysbios.fatfs.aem4f : ff.oem4f (.text:f_lseek)
                  00003712    00000002     sysbios.lib : BIOS.obj (.text:ti_sysbios_family_arm_lm3_Timer_setNextTick__E)
                  00003714    0000015c     ti.uia.runtime.aem4f : LoggerStopMode.oem4f (.text:ti_uia_runtime_LoggerStopMode_writeMemoryRange__E)
                  00003870    00000152     ti.sysbios.fatfs.aem4f : ff.oem4f (.text:f_open)
                  000039c2    00000002     sysbios.lib : BIOS.obj (.text:ti_sysbios_gates_GateHwi_Instance_init__F)
                  000039c4    00000150     ti.targets.arm.rtsarm.aem4f : Core-mem.oem4f (.text:xdc_runtime_Core_createObject__I)
                  00003b14    00000148     ti.uia.runtime.aem4f : LoggerStopMode.oem4f (.text:ti_uia_runtime_LoggerStopMode_write4__E)
                  00003c5c    0000013c     ti.targets.arm.rtsarm.aem4f : Error.oem4f (.text:xdc_runtime_Error_raiseX__F)
                  00003d98    00000134     sysbios.lib : m3_Hwi_asm.obj (.text:ti_sysbios_family_arm_m3_Hwi_dispatch__I)
                  00003ecc    00000130                 : BIOS.obj (.text:ti_sysbios_knl_Task_exit__E)
                  00003ffc    0000012c                 : BIOS.obj (.text:ti_sysbios_family_arm_m3_Hwi_dispatchC__I)
                  00004128    0000012c                 : BIOS.obj (.text:ti_sysbios_knl_Clock_workFunc__E)
                  00004254    00000126     ti.sysbios.fatfs.aem4f : ff.oem4f (.text:f_rename)
                  0000437a    00000002     --HOLE-- [fill = 0]
                  0000437c    00000124     sysbios.lib : BIOS.obj (.text:ti_sysbios_knl_Clock_Instance_init__F)
                  000044a0    00000120                 : BIOS.obj (.text:ti_sysbios_family_arm_m3_Hwi_Module_startup__F)
                  000045c0    0000011c     EKS_LM4F232.obj (.text:EKS_LM4F232_initGPIO)
                  000046dc    0000011c     gpio_stellarisware.aem4f : GPIO.oem4f (.text:GPIO_toggle)
                  000047f8    00000118     sysbios.lib : BIOS.obj (.text:ti_sysbios_knl_Task_schedule__I)
                  00004910    00000114     Boot.aem4f : Boot.oem4f (.text:.bootCodeSection)
                  00004a24    00000114     sysbios.lib : BIOS.obj (.text:ti_sysbios_knl_Swi_run__I)
                  00004b38    00000113     ti.sysbios.fatfs.aem4f : ff.oem4f (.text:create_name)
                  00004c4b    00000001     --HOLE-- [fill = 0]
                  00004c4c    0000010c     gpio_stellarisware.aem4f : GPIO.oem4f (.text:GPIO_write)
                  00004d58    000000fc     ti.targets.arm.rtsarm.aem4f : Startup.oem4f (.text:xdc_runtime_Startup_startMods__I)
                  00004e54    000000f8     sysbios.lib : BIOS.obj (.text:ti_sysbios_knl_Task_postInit__I)
                  00004f4c    000000f8                 : BIOS.obj (.text:ti_sysbios_knl_Task_startup__E)
                  00005044    000000f2     ti.sysbios.fatfs.aem4f : ff.oem4f (.text:dir_next)
                  00005136    000000ee                            : ff.oem4f (.text:put_fat)
                  00005224    000000ee     testio_pem4f.oem4f (.text:xdc_runtime_System_printfExtend__I)
                  00005312    00000002     --HOLE-- [fill = 0]
                  00005314    000000ec     rtsv7M4_T_le_v4SPD16_eabi.lib : dtor_list.obj (.text)
                  00005400    000000dc     sysbios.lib : BIOS.obj (.text:ti_sysbios_family_arm_lm3_Timer_enableTimers__I)
                  000054dc    000000d0                 : BIOS.obj (.text:ti_sysbios_family_arm_m3_Hwi_excUsageFault__I)
                  000055ac    000000ce     ti.sysbios.fatfs.aem4f : ff.oem4f (.text:get_fat)
                  0000567a    000000c8     driverlib-cm4f.lib : gpio.obj (.text:GPIOPadConfigSet)
                  00005742    00000002     --HOLE-- [fill = 0]
                  00005744    000000c4     sysbios.lib : BIOS.obj (.text:ti_sysbios_family_arm_lm3_Timer_startup__E)
                  00005808    000000c0     ti.sysbios.fatfs.aem4f : ff.oem4f (.text:sync)
                  000058c8    000000c0     sysbios.lib : BIOS.obj (.text:ti_sysbios_heaps_HeapMem_Instance_init__F)
                  00005988    000000c0                 : BIOS.obj (.text:ti_sysbios_knl_Semaphore_post__E)
                  00005a48    000000be     ti.sysbios.fatfs.aem4f : ff.oem4f (.text:f_sync)
                  00005b06    000000be                            : ff.oem4f (.text:f_unlink)
                  00005bc4    000000bc     sysbios.lib : BIOS.obj (.text:ti_sysbios_knl_Task_unblockI__E)
                  00005c80    000000b8                 : BIOS.obj (.text:ti_sysbios_family_arm_m3_Hwi_excBusFault__I)
                  00005d38    000000b8                 : BIOS.obj (.text:ti_sysbios_utils_Load_idleFxn__E)
                  00005df0    000000b4                 : BIOS.obj (.text:ti_sysbios_family_arm_m3_Hwi_excHardFault__I)
                  00005ea4    000000b4                 : BIOS.obj (.text:ti_sysbios_gates_GateMutex_enter__E)
                  00005f58    000000b0     testio.obj (.text:UartTask)
                  00006008    000000b0     sysbios.lib : BIOS.obj (.text:ti_sysbios_family_arm_m3_Hwi_excDebugMon__I)
                  000060b8    000000ac     ti.sysbios.fatfs.aem4f : ffcio.oem4f (.text:ffcio_open)
                  00006164    000000ac     testio.obj (.text:main)
                  00006210    000000ac     sysbios.lib : BIOS.obj (.text:ti_sysbios_knl_Clock_Instance_finalize__F)
                  000062bc    000000ac                 : BIOS.obj (.text:ti_sysbios_knl_Swi_post__E)
                  00006368    000000ac                 : BIOS.obj (.text:ti_sysbios_knl_Task_checkStacks__E)
                  00006414    000000a8                 : BIOS.obj (.text:ti_sysbios_knl_Semaphore_Instance_init__F)
                  000064bc    000000a8                 : BIOS.obj (.text:ti_sysbios_knl_Swi_schedule__I)
                  00006564    000000a8                 : BIOS.obj (.text:ti_sysbios_utils_Load_addTask__E)
                  0000660c    000000a4                 : BIOS.obj (.text:ti_sysbios_family_arm_lm3_TimestampProvider_get64__E)
                  000066b0    000000a4                 : BIOS.obj (.text:ti_sysbios_family_arm_m3_Hwi_excMemFault__I)
                  00006754    000000a0     auto_init.aem4f : auto_init.oem4f (.text)
                  000067f4    000000a0     sysbios.lib : BIOS.obj (.text:ti_sysbios_knl_Task_blockI__E)
                  00006894    0000009c     rtsv7M4_T_le_v4SPD16_eabi.lib : memcpy_t2.obj (.text)
                  00006930    00000096     ti.sysbios.fatfs.aem4f : ff.oem4f (.text:create_chain)
                  000069c6    00000002     --HOLE-- [fill = 0]
                  000069c8    00000094     sysbios.lib : BIOS.obj (.text:ti_sysbios_family_arm_m3_Hwi_Instance_init__F)
                  00006a5c    00000092     ti.targets.arm.rtsarm.aem4f : Text.oem4f (.text:xdc_runtime_Text_putSite__F)
                  00006aee    00000002     --HOLE-- [fill = 0]
                  00006af0    00000090     EKS_LM4F232.obj (.text:EKS_LM4F232_initGeneral)
                  00006b80    00000090     ti.targets.arm.rtsarm.aem4f : Text.oem4f (.text:xdc_runtime_Text_putMod__F)
                  00006c10    0000008c     sysbios.lib : m3_TaskSupport_asm.obj (.text:_ti_sysbios_family_arm_m3_TaskSupport_buildTaskStack)
                  00006c9c    0000008c                 : BIOS.obj (.text:ti_sysbios_utils_Load_taskCreateHook__E)
                  00006d28    00000084                 : BIOS.obj (.text:ti_sysbios_family_arm_lm3_Timer_Module_startup__F)
                  00006dac    00000082     ti.sysbios.fatfs.aem4f : ff.oem4f (.text:dir_sdi)
                  00006e2e    00000002     --HOLE-- [fill = 0]
                  00006e30    00000080     sysbios.lib : BIOS.obj (.text:ti_sysbios_family_arm_lm3_Timer_start__E)
                  00006eb0    00000080                 : BIOS.obj (.text:ti_sysbios_family_arm_m3_Hwi_reconfig__E)
                  00006f30    00000080                 : BIOS.obj (.text:ti_sysbios_knl_Task_Module_startup__F)
                  00006fb0    00000080     ti.uia.runtime.aem4f : LoggerStopMode.oem4f (.text:ti_uia_runtime_LoggerStopMode_getContents__E)
                  00007030    00000080                          : LoggerStopMode.oem4f (.text:ti_uia_runtime_LoggerStopMode_setFilterLevel__E)
                  000070b0    00000078     ti.sysbios.fatfs.aem4f : ff.oem4f (.text:follow_path)
                  00007128    00000078     rtsv7M4_T_le_v4SPD16_eabi.lib : memset_t2.obj (.text)
                  000071a0    00000078     sysbios.lib : BIOS.obj (.text:ti_sysbios_utils_Load_taskDeleteHook__E)
                  00007218    00000074     ti.uia.runtime.aem4f : LoggerStopMode.oem4f (.text:ti_uia_runtime_LoggerStopMode_getFilterLevel__E)
                  0000728c    00000070     ti.sysbios.fatfs.aem4f : ff.oem4f (.text:check_fs)
                  000072fc    00000070     sysbios.lib : BIOS.obj (.text:rtsUnlock$0)
                  0000736c    00000070                 : BIOS.obj (.text:ti_sysbios_family_arm_lm3_TimestampProvider_get32__E)
                  000073dc    00000070                 : BIOS.obj (.text:ti_sysbios_utils_Load_removeTask__E)
                  0000744c    00000070     ti.targets.arm.rtsarm.aem4f : Memory.oem4f (.text:xdc_runtime_Memory_alloc__F)
                  000074bc    0000006c     ti.sysbios.fatfs.aem4f : ff.oem4f (.text:move_window)
                  00007528    0000006c     testio_pem4f.oem4f (.text:ti_sysbios_family_arm_m3_Hwi_Object__create__S)
                  00007594    0000006c     testio_pem4f.oem4f (.text:ti_sysbios_hal_Hwi_Object__create__S)
                  00007600    0000006c     sysbios.lib : BIOS.obj (.text:ti_sysbios_knl_Clock_start__E)
                  0000766c    0000006c     ti.uia.runtime.aem4f : LoggerStopMode.oem4f (.text:ti_uia_runtime_LoggerStopMode_writeBlockOfMemory__I)
                  000076d8    0000006c     ti.targets.arm.rtsarm.aem4f : Error.oem4f (.text:xdc_runtime_Error_print__F)
                  00007744    00000066                                 : Core-mem.oem4f (.text:xdc_runtime_Core_deleteObject__I)
                  000077aa    00000064     ti.sysbios.fatfs.aem4f : ff.oem4f (.text:remove_chain)
                  0000780e    00000002     --HOLE-- [fill = 0]
                  00007810    00000064     sysbios.lib : BIOS.obj (.text:ti_sysbios_knl_Clock_startI__E)
                  00007874    00000062     ti.sysbios.fatfs.aem4f : ff.oem4f (.text:dir_register)
                  000078d6    00000002     --HOLE-- [fill = 0]
                  000078d8    00000060     rtsv7M4_T_le_v4SPD16_eabi.lib : trgmsg.obj (.text)
                  00007938    00000060     sysbios.lib : BIOS.obj (.text:ti_sysbios_knl_Clock_logTick__E)
                  00007998    00000060     testio_pem4f.oem4f (.text:ti_uia_runtime_LoggerStopMode_Object__create__S)
                  000079f8    0000005e     rtsv7M4_T_le_v4SPD16_eabi.lib : copy_decompress_rle.obj (.text)
                  00007a56    0000005e     ti.uia.runtime.aem4f : LoggerStopMode.oem4f (.text:ti_uia_runtime_LoggerStopMode_readBlockOfMemory__I)
                  00007ab4    00000058     boot.aem4f : boot.oem4f (.text)
                  00007b0c    00000058     driverlib-cm4f.lib : sysctl.obj (.text:SysCtlPeripheralEnable)
                  00007b64    00000057     ti.targets.arm.rtsarm.aem4f : Text.oem4f (.text:xdc_runtime_Text_putLab__F)
                  00007bbb    00000001     --HOLE-- [fill = 0]
                  00007bbc    00000054     sysbios.lib : BIOS.obj (.text:ti_sysbios_knl_Swi_restoreHwi__E)
                  00007c10    00000050     EKS_LM4F232.obj (.text:EKS_LM4F232_initUART)
                  00007c60    00000050     sysbios.lib : BIOS.obj (.text:ti_sysbios_utils_Load_taskSwitchHook__E)
                  00007cb0    00000050     ti.targets.arm.rtsarm.aem4f : Startup.oem4f (.text:xdc_runtime_Startup_exec__F)
                  00007d00    00000050                                 : System.oem4f (.text:xdc_runtime_System_formatNum__I)
                  00007d50    00000050                                 : Text.oem4f (.text:xdc_runtime_Text_visitRope2__I)
                  00007da0    0000004c     sysbios.lib : m3_Hwi_asm_switch.obj (.text:_ti_sysbios_family_xxx_Hwi_switchToIsrStack)
                  00007dec    0000004c     testio_pem4f.oem4f (.text:ti_sysbios_fatfs_startup)
                  00007e38    0000004c     sysbios.lib : BIOS.obj (.text:ti_sysbios_knl_Clock_getTicks__E)
                  00007e84    0000004c     ti.uia.runtime.aem4f : LoggerStopMode.oem4f (.text:ti_uia_runtime_LoggerStopMode_filterOutEvent__I)
                  00007ed0    0000004c                          : QueueDescriptor.oem4f (.text:ti_uia_runtime_QueueDescriptor_removeFromList__E)
                  00007f1c    00000048     driverlib-cm4f.lib : gpio.obj (.text:GPIOPinConfigure)
                  00007f64    00000048     sysbios.lib : BIOS.obj (.text:ti_sysbios_family_arm_m3_Hwi_excReserved__I)
                  00007fac    00000048                 : BIOS.obj (.text:ti_sysbios_heaps_HeapMem_getStats__E)
                  00007ff4    00000048     ti.targets.arm.rtsarm.aem4f : Assert.oem4f (.text:xdc_runtime_Assert_raise__I)
                  0000803c    00000048                                 : Core-params.oem4f (.text:xdc_runtime_Core_assignParams__I)
                  00008084    00000046     ti.uia.runtime.aem4f : LoggerStopMode.oem4f (.text:ti_uia_runtime_LoggerStopMode_Instance_init__F)
                  000080ca    00000044     driverlib-cm4f.lib : ssi.obj (.text:SSIConfigSetExpClk)
                  0000810e    00000002     --HOLE-- [fill = 0]
                  00008110    00000044     uart_stellarisware.aem4f : UART.oem4f (.text:UART_init)
                  00008154    00000044     ti.sysbios.fatfs.aem4f : ff.oem4f (.text:dir_find)
                  00008198    00000044     rtsv7M4_T_le_v4SPD16_eabi.lib : cpy_tbl.obj (.text)
                  000081dc    00000044     sysbios.lib : BIOS.obj (.text:ti_sysbios_BIOS_errorRaiseHook__I)
                  00008220    00000044     ti.uia.runtime.aem4f : LoggerStopMode.oem4f (.text:ti_uia_runtime_LoggerStopMode_reset__F)
                  00008264    00000044                          : QueueDescriptor.oem4f (.text:ti_uia_runtime_QueueDescriptor_addToList__E)
                  000082a8    00000044     ti.targets.arm.rtsarm.aem4f : SysMin.oem4f (.text:xdc_runtime_SysMin_flush__F)
                  000082ec    00000042     driverlib-cm4f.lib : uart.obj (.text:UARTConfigSetExpClk)
                  0000832e    00000040     ti.sysbios.fatfs.aem4f : ff.oem4f (.text:dir_read)
                  0000836e    00000002     --HOLE-- [fill = 0]
                  00008370    00000040     rtsv7M4_T_le_v4SPD16_eabi.lib : exit.obj (.text)
                  000083b0    00000040     sysbios.lib : BIOS.obj (.text:ti_sysbios_knl_Idle_loop__E)
                  000083f0    00000040                 : BIOS.obj (.text:ti_sysbios_knl_Swi_startup__E)
                  00008430    00000040     ti.targets.arm.rtsarm.aem4f : System.oem4f (.text:xdc_runtime_System_atexit__F)
                  00008470    0000003c     testio_pem4f.oem4f (.text:ti_sysbios_family_arm_m3_Hwi_disableInterrupt__E)
                  000084ac    0000003c     testio_pem4f.oem4f (.text:ti_sysbios_family_arm_m3_Hwi_enableInterrupt__E)
                  000084e8    0000003c     sysbios.lib : BIOS.obj (.text:ti_sysbios_family_arm_m3_Hwi_excSvCall__I)
                  00008524    0000003c                 : BIOS.obj (.text:ti_sysbios_heaps_HeapMem_init__I)
                  00008560    0000003c     testio_pem4f.oem4f (.text:ti_sysbios_knl_Clock_Object__create__S)
                  0000859c    00000038     sysbios.lib : BIOS.obj (.text:ti_sysbios_family_arm_m3_Hwi_excNoIsr__I)
                  000085d4    00000038                 : BIOS.obj (.text:ti_sysbios_family_arm_m3_Hwi_initVTOR__I)
                  0000860c    00000038                 : BIOS.obj (.text:ti_sysbios_family_arm_m3_TaskSupport_start__E)
                  00008644    00000038     testio_pem4f.oem4f (.text:ti_sysbios_knl_Semaphore_Object__create__S)
                  0000867c    00000038     sysbios.lib : BIOS.obj (.text:ti_sysbios_knl_Semaphore_pendTimeout__I)
                  000086b4    00000038     ti.targets.arm.rtsarm.aem4f : SysMin.oem4f (.text:xdc_runtime_SysMin_putch__F)
                  000086ec    00000034     ti.sysbios.fatfs.aem4f : ffcio.oem4f (.text:ffcio_lseek)
                  00008720    00000034     sysbios.lib : BIOS.obj (.text:ti_sysbios_family_arm_m3_Hwi_excNmi__I)
                  00008754    00000034     testio_pem4f.oem4f (.text:ti_sysbios_gates_GateHwi_Object__create__S)
                  00008788    00000034     testio_pem4f.oem4f (.text:ti_sysbios_gates_GateMutex_Object__create__S)
                  000087bc    00000034     testio_pem4f.oem4f (.text:ti_sysbios_heaps_HeapMem_Object__create__S)
                  000087f0    00000034     testio_pem4f.oem4f (.text:ti_sysbios_knl_Queue_Object__create__S)
                  00008824    00000034     sysbios.lib : BIOS.obj (.text:ti_sysbios_knl_Task_restore__E)
                  00008858    00000032                 : BIOS.obj (.text:ti_sysbios_hal_Hwi_Instance_init__F)
                  0000888a    00000032     ti.sysbios.fatfs.aem4f : ff.oem4f (.text:validate)
                  000088bc    00000031     ti.targets.arm.rtsarm.aem4f : Text.oem4f (.text:xdc_runtime_Text_printVisFxn__I)
                  000088ed    00000001     --HOLE-- [fill = 0]
                  000088ee    00000030     rtsv7M4_T_le_v4SPD16_eabi.lib : strncpy.obj (.text)
                  0000891e    00000002     --HOLE-- [fill = 0]
                  00008920    00000030     testio_pem4f.oem4f (.text:ti_sysbios_BIOS_exitFunc__I)
                  00008950    00000030     sysbios.lib : BIOS.obj (.text:ti_sysbios_family_arm_lm3_Timer_getExpiredCounts__E)
                  00008980    00000030                 : BIOS.obj (.text:ti_sysbios_hal_Hwi_checkStack:ti_sysbios_hal_Hwi_checkStack)
                  000089b0    00000030                 : BIOS.obj (.text:ti_sysbios_knl_Clock_Module_startup__F)
                  000089e0    00000030     ti.targets.arm.rtsarm.aem4f : Core-label.oem4f (.text:xdc_runtime_Core_assignLabel__I)
                  00008a10    00000030                                 : SysMin.oem4f (.text:xdc_runtime_SysMin_abort__F)
                  00008a40    00000030                                 : Text.oem4f (.text:xdc_runtime_Text_xprintf__I)
                  00008a70    0000002e     driverlib-cm4f.lib : gpio.obj (.text:GPIODirModeSet)
                  00008a9e    0000002e     testio_pem4f.oem4f (.text:malloc)
                  00008acc    0000002c     gpio_stellarisware.aem4f : GPIO.oem4f (.text:GPIO_init)
                  00008af8    0000002c     uart_stellarisware.aem4f : UART.oem4f (.text:UART_Params_init)
                  00008b24    0000002c     sysbios.lib : BIOS.obj (.text:ti_sysbios_hal_Hwi_initStack:ti_sysbios_hal_Hwi_initStack)
                  00008b50    0000002c     testio_pem4f.oem4f (.text:ti_sysbios_knl_Clock_doTick__I)
                  00008b7c    0000002c     sysbios.lib : BIOS.obj (.text:ti_sysbios_knl_Task_allBlockedFunction__I)
                  00008ba8    0000002c     ti.uia.runtime.aem4f : LoggerStopMode.oem4f (.text:ti_uia_runtime_LoggerStopMode_Module_startup__F)
                  00008bd4    0000002c                          : LoggerStopMode.oem4f (.text:ti_uia_runtime_LoggerStopMode_disable__E)
                  00008c00    0000002c                          : LoggerStopMode.oem4f (.text:ti_uia_runtime_LoggerStopMode_enable__E)
                  00008c2c    0000002c     ti.targets.arm.rtsarm.aem4f : System.oem4f (.text:xdc_runtime_System_rtsExit__I)
                  00008c58    0000002c                                 : Text.oem4f (.text:xdc_runtime_Text_cordText__F)
                  00008c84    00000028     EKS_LM4F232.obj (.text:EKS_LM4F232_setMaxSPIbitrate)
                  00008cac    00000028     testio_pem4f.oem4f (.text:ti_sysbios_BIOS_startFunc__I)
                  00008cd4    00000028     sysbios.lib : BIOS.obj (.text:ti_sysbios_gates_GateMutex_Instance_init__F)
                  00008cfc    00000028     ti.uia.runtime.aem4f : LogSync.oem4f (.text:ti_uia_runtime_LogSync_Module_startup__F)
                  00008d24    00000028                          : QueueDescriptor.oem4f (.text:ti_uia_runtime_QueueDescriptor_initHeader__E)
                  00008d4c    00000024     ti.sysbios.fatfs.aem4f : ff.oem4f (.text:dir_remove)
                  00008d70    00000024                            : ffcio.oem4f (.text:ffcio_close)
                  00008d94    00000024     sysbios.lib : BIOS.obj (.text:ti_sysbios_BIOS_registerRTSLock__I)
                  00008db8    00000024                 : BIOS.obj (.text:ti_sysbios_family_arm_lm3_Timer_isrStub__E)
                  00008ddc    00000024                 : BIOS.obj (.text:ti_sysbios_family_arm_m3_Hwi_Instance_finalize__F)
                  00008e00    00000024                 : BIOS.obj (.text:ti_sysbios_family_arm_m3_Hwi_doTaskRestore__I)
                  00008e24    00000024     testio_pem4f.oem4f (.text:ti_sysbios_gates_GateMutex_Object__delete__S)
                  00008e48    00000024     testio_pem4f.oem4f (.text:ti_sysbios_knl_Semaphore_Object__delete__S)
                  00008e6c    00000024     sysbios.lib : BIOS.obj (.text:ti_sysbios_knl_Swi_Module_startup__F)
                  00008e90    00000024     ti.uia.runtime.aem4f : LoggerStopMode.oem4f (.text:ti_uia_runtime_LoggerStopMode_Instance_finalize__F)
                  00008eb4    00000022     testio.obj (.text:GPIOTicker)
                  00008ed6    00000022     testio_pem4f.oem4f (.text:xdc_runtime_SysMin_output__I)
                  00008ef8    00000020     ti.sysbios.fatfs.aem4f : ffcio.oem4f (.text:ffcio_read)
                  00008f18    00000020                            : ffcio.oem4f (.text:ffcio_write)
                  00008f38    00000020     testio_pem4f.oem4f (.text:ti_sysbios_family_arm_m3_Hwi_Object__delete__S)
                  00008f58    00000020     testio_pem4f.oem4f (.text:ti_sysbios_gates_GateHwi_Object__delete__S)
                  00008f78    00000020     testio_pem4f.oem4f (.text:ti_sysbios_hal_Hwi_Object__delete__S)
                  00008f98    00000020     testio_pem4f.oem4f (.text:ti_sysbios_heaps_HeapMem_Object__delete__S)
                  00008fb8    00000020     testio_pem4f.oem4f (.text:ti_sysbios_knl_Clock_Object__destruct__S)
                  00008fd8    00000020     testio_pem4f.oem4f (.text:ti_sysbios_knl_Semaphore_Object__destruct__S)
                  00008ff8    00000020     sysbios.lib : BIOS.obj (.text:ti_sysbios_knl_Task_enter__I)
                  00009018    00000020     testio_pem4f.oem4f (.text:ti_uia_runtime_LoggerStopMode_Object__delete__S)
                  00009038    00000020     ti.targets.arm.rtsarm.aem4f : Registry.oem4f (.text:xdc_runtime_Registry_findById__F)
                  00009058    00000020                                 : SysMin.oem4f (.text:xdc_runtime_SysMin_Module_startup__F)
                  00009078    00000020                                 : System.oem4f (.text:xdc_runtime_System_avprintf__F)
                  00009098    00000020                                 : System.oem4f (.text:xdc_runtime_System_putchar__I)
                  000090b8    00000020                                 : System.oem4f (.text:xdc_runtime_System_vprintf__F)
                  000090d8    0000001c     driverlib-cm4f.lib : uart.obj (.text:UARTDisable)
                  000090f4    0000001c     ti.sysbios.fatfs.aem4f : diskio.oem4f (.text:disk_initialize)
                  00009110    0000001c                            : diskio.oem4f (.text:disk_ioctl)
                  0000912c    0000001c                            : diskio.oem4f (.text:disk_read)
                  00009148    0000001c                            : diskio.oem4f (.text:disk_status)
                  00009164    0000001c                            : diskio.oem4f (.text:disk_write)
                  00009180    0000001c                            : ff.oem4f (.text:mem_cmp)
                  0000919c    0000001c     sysbios.lib : BIOS.obj (.text:rtsLock$0)
                  000091b8    0000001c     testio_pem4f.oem4f (.text:ti_sysbios_knl_Queue_Object__destruct__S)
                  000091d4    0000001c     ti.targets.arm.rtsarm.aem4f : Error.oem4f (.text:xdc_runtime_Error_check__F)
                  000091f0    0000001c                                 : Memory.oem4f (.text:xdc_runtime_Memory_valloc__F)
                  0000920c    0000001c                                 : SysMin.oem4f (.text:xdc_runtime_SysMin_exit__F)
                  00009228    0000001a     testio_pem4f.oem4f (.text:ti_sysbios_gates_GateHwi_Handle__label__S)
                  00009242    0000001a     testio_pem4f.oem4f (.text:ti_sysbios_gates_GateMutex_Handle__label__S)
                  0000925c    0000001a     testio_pem4f.oem4f (.text:ti_sysbios_heaps_HeapMem_Handle__label__S)
                  00009276    0000001a     testio_pem4f.oem4f (.text:ti_uia_runtime_LoggerStopMode_Handle__label__S)
                  00009290    0000001a     testio_pem4f.oem4f (.text:xdc_runtime_System_aprintf__E)
                  000092aa    0000001a     testio_pem4f.oem4f (.text:xdc_runtime_System_printf__E)
                  000092c4    00000018     sysbios.lib : m3_TaskSupport_asm.obj (.text:_ti_sysbios_family_arm_m3_TaskSupport_swap__E)
                  000092dc    00000018     ti.sysbios.fatfs.aem4f : ff.oem4f (.text:clust2sect)
                  000092f4    00000018     testio_pem4f.oem4f (.text:free)
                  0000930c    00000018     rtsv7M4_T_le_v4SPD16_eabi.lib : args_main.obj (.text)
                  00009324    00000018                                   : strcmp.obj (.text)
                  0000933c    00000018     testio_pem4f.oem4f (.text:ti_sysbios_family_arm_lm3_Timer_Module__startupDone__F)
                  00009354    00000018     testio_pem4f.oem4f (.text:ti_sysbios_family_arm_m3_Hwi_Module__startupDone__F)
                  0000936c    00000018     sysbios.lib : BIOS.obj (.text:ti_sysbios_gates_GateMutex_leave__E)
                  00009384    00000018     testio_pem4f.oem4f (.text:ti_sysbios_hal_Timer_Module__startupDone__F)
                  0000939c    00000018     ti.sysbios.fatfs.aem4f : ff.oem4f (.text:unlock_fs)
                  000093b4    00000018     ti.targets.arm.rtsarm.aem4f : Text.oem4f (.text:xdc_runtime_Text_ropeText__F)
                  000093cc    00000016     rtsv7M4_T_le_v4SPD16_eabi.lib : strchr.obj (.text)
                  000093e2    00000016     ti.uia.runtime.aem4f : LoggerStopMode.oem4f (.text:ti_uia_runtime_LoggerStopMode_getFreeSize__E)
                  000093f8    00000016                          : LoggerStopMode.oem4f (.text:ti_uia_runtime_LoggerStopMode_getUnreadSize__E)
                  0000940e    00000014     driverlib-cm4f.lib : uart.obj (.text:UARTEnable)
                  00009422    00000002     --HOLE-- [fill = 0]
                  00009424    00000014     rtsv7M4_T_le_v4SPD16_eabi.lib : _lock.obj (.text)
                  00009438    00000014                                   : strlen.obj (.text)
                  0000944c    00000014     sysbios.lib : BIOS.obj (.text:ti_sysbios_family_arm_m3_Hwi_switchFromBootStack__E)
                  00009460    00000014                 : BIOS.obj (.text:ti_sysbios_gates_GateHwi_enter__E)
                  00009474    00000014     testio_pem4f.oem4f (.text:ti_sysbios_heaps_HeapMem_Object__get__S)
                  00009488    00000014     testio_pem4f.oem4f (.text:ti_sysbios_knl_Swi_Object__get__S)
                  0000949c    00000014     testio_pem4f.oem4f (.text:ti_sysbios_knl_Task_Object__first__S)
                  000094b0    00000014     testio_pem4f.oem4f (.text:ti_sysbios_knl_Task_Object__get__S)
                  000094c4    00000014     testio_pem4f.oem4f (.text:ti_sysbios_knl_Task_Object__next__S)
                  000094d8    00000014     ti.uia.runtime.aem4f : LoggerStopMode.oem4f (.text:ti_uia_runtime_LoggerStopMode_write2__E)
                  000094ec    00000014     ti.targets.arm.rtsarm.aem4f : System.oem4f (.text:xdc_runtime_System_abort__F)
                  00009500    00000012     driverlib-cm4f.lib : gpio.obj (.text:GPIOPinTypeGPIOInput)
                  00009512    00000012                        : gpio.obj (.text:GPIOPinTypeGPIOOutput)
                  00009524    00000012                        : gpio.obj (.text:GPIOPinTypeUART)
                  00009536    00000012     rtsv7M4_T_le_v4SPD16_eabi.lib : copy_zero_init.obj (.text:decompress:ZI)
                  00009548    00000012     ti.sysbios.fatfs.aem4f : ffcio.oem4f (.text:ffcio_rename)
                  0000955a    00000012                            : ffcio.oem4f (.text:ffcio_unlink)
                  0000956c    00000012     sysbios.lib : BIOS.obj (.text:ti_sysbios_hal_Hwi_Module_startup__F)
                  0000957e    00000012                 : BIOS.obj (.text:ti_sysbios_hal_Timer_Module_startup__F)
                  00009590    00000012     ti.uia.runtime.aem4f : LoggerStopMode.oem4f (.text:ti_uia_runtime_LoggerStopMode_write1__E)
                  000095a2    00000012     testio_pem4f.oem4f (.text:xdc_runtime_Startup_exec__I)
                  000095b4    00000010     driverlib-cm4f.lib : uart.obj (.text:UARTCharGetNonBlocking)
                  000095c4    00000010                        : uart.obj (.text:UARTCharPutNonBlocking)
                  000095d4    00000010     sysbios.lib : m3_TaskSupport_asm.obj (.text:_ti_sysbios_family_arm_m3_TaskSupport_glue)
                  000095e4    00000010     ti.sysbios.fatfs.aem4f : ff.oem4f (.text:chk_chr)
                  000095f4    00000010                            : ff.oem4f (.text:f_close)
                  00009604    00000010                            : ff.oem4f (.text:mem_cpy)
                  00009614    00000010     rtsv7M4_T_le_v4SPD16_eabi.lib : strcpy.obj (.text)
                  00009624    00000010     sysbios.lib : BIOS.obj (.text:ti_sysbios_BIOS_getCpuFreq__E)
                  00009634    00000010                 : BIOS.obj (.text:ti_sysbios_BIOS_setThreadType__E)
                  00009644    00000010                 : BIOS.obj (.text:ti_sysbios_BIOS_start__E)
                  00009654    00000010                 : BIOS.obj (.text:ti_sysbios_family_arm_lm3_TimestampProvider_rolloverFunc__E)
                  00009664    00000010                 : BIOS.obj (.text:ti_sysbios_family_arm_m3_Hwi_excHandler__I)
                  00009674    00000010                 : BIOS.obj (.text:ti_sysbios_gates_GateMutex_Instance_finalize__F)
                  00009684    00000010     testio_pem4f.oem4f (.text:ti_sysbios_hal_Hwi_HwiProxy_Object__create__S)
                  00009694    00000010     sysbios.lib : BIOS.obj (.text:ti_sysbios_knl_Semaphore_Instance_finalize__F)
                  000096a4    00000010                 : BIOS.obj (.text:ti_sysbios_knl_Swi_disable__E)
                  000096b4    00000010                 : BIOS.obj (.text:ti_sysbios_knl_Task_disable__E)
                  000096c4    00000010     testio_pem4f.oem4f (.text:ti_uia_runtime_LoggerStopMode_Object__get__S)
                  000096d4    00000010     ti.uia.runtime.aem4f : LoggerStopMode.oem4f (.text:ti_uia_runtime_LoggerStopMode_isEmpty__E)
                  000096e4    00000010                          : LoggerStopMode.oem4f (.text:ti_uia_runtime_LoggerStopMode_write0__E)
                  000096f4    00000010     ti.targets.arm.rtsarm.aem4f : Gate.oem4f (.text:xdc_runtime_Gate_leaveSystem__F)
                  00009704    00000010                                 : Memory.oem4f (.text:xdc_runtime_Memory_free__F)
                  00009714    00000010                                 : SysMin.oem4f (.text:xdc_runtime_SysMin_ready__F)
                  00009724    00000010     testio_pem4f.oem4f (.text:xdc_runtime_Text_visitRope__I)
                  00009734    0000000e     rtsv7M4_T_le_v4SPD16_eabi.lib : copy_decompress_none.obj (.text:decompress:none)
                  00009742    0000000e     ti.sysbios.fatfs.aem4f : ff.oem4f (.text:mem_set)
                  00009750    0000000e     sysbios.lib : BIOS.obj (.text:ti_sysbios_family_arm_m3_TaskSupport_checkStack__E)
                  0000975e    0000000e                 : BIOS.obj (.text:ti_sysbios_knl_Queue_empty__E)
                  0000976c    0000000e     ti.targets.arm.rtsarm.aem4f : System.oem4f (.text:xdc_runtime_System_vsprintf__F)
                  0000977a    00000002     --HOLE-- [fill = 0]
                  0000977c    0000000c     testio_pem4f.oem4f (.text:.bootCodeSection:ti_catalog_arm_cortexm3_lm3init_Boot_init)
                  00009788    0000000c     sysbios.lib : BIOS.obj (.text:ti_sysbios_family_arm_lm3_TimestampProvider_startTimer__E)
                  00009794    0000000c     testio_pem4f.oem4f (.text:ti_sysbios_hal_Hwi_Params__init__S)
                  000097a0    0000000c     testio_pem4f.oem4f (.text:ti_sysbios_knl_Clock_Params__init__S)
                  000097ac    0000000c     testio_pem4f.oem4f (.text:ti_sysbios_knl_Queue_Object__get__S)
                  000097b8    0000000c     testio_pem4f.oem4f (.text:ti_sysbios_knl_Semaphore_Params__init__S)
                  000097c4    0000000c     sysbios.lib : BIOS.obj (.text:ti_sysbios_utils_Load_taskRegHook__E)
                  000097d0    0000000c     ti.targets.arm.rtsarm.aem4f : Error.oem4f (.text:xdc_runtime_Error_init__F)
                  000097dc    0000000c                                 : Gate.oem4f (.text:xdc_runtime_Gate_enterSystem__F)
                  000097e8    0000000c                                 : Memory.oem4f (.text:xdc_runtime_Memory_calloc__F)
                  000097f4    0000000c                                 : Memory.oem4f (.text:xdc_runtime_Memory_getMaxDefaultTypeAlign__F)
                  00009800    0000000c                                 : System.oem4f (.text:xdc_runtime_System_exit__F)
                  0000980c    0000000c                                 : System.oem4f (.text:xdc_runtime_System_lastFxn__I)
                  00009818    0000000a     driverlib-cm4f.lib : gpio.obj (.text:GPIOPinRead)
                  00009822    0000000a                        : gpio.obj (.text:GPIOPinWrite)
                  0000982c    0000000a                        : uart.obj (.text:UARTCharPut)
                  00009836    0000000a                        : uart.obj (.text:UARTIntStatus)
                  00009840    0000000a     sysbios.lib : m3_IntrinsicsSupport_asm.obj (.text:_ti_sysbios_family_arm_m3_IntrinsicsSupport_maxbit)
                  0000984a    0000000a                 : BIOS.obj (.text:ti_sysbios_hal_Hwi_Instance_finalize__F)
                  00009854    0000000a     testio_pem4f.oem4f (.text:xdc_runtime_IHeap_alloc)
                  0000985e    0000000a     testio_pem4f.oem4f (.text:xdc_runtime_IHeap_free)
                  00009868    00000008     driverlib-cm4f.lib : uart.obj (.text:UARTIntEnable)
                  00009870    00000008     ti.sysbios.fatfs.aem4f : syncsysbios.oem4f (.text:ff_req_grant)
                  00009878    00000008     sysbios.lib : BIOS.obj (.text:ti_sysbios_family_arm_m3_Hwi_doSwiRestore__I)
                  00009880    00000008                 : BIOS.obj (.text:ti_sysbios_family_arm_m3_Hwi_startup__E)
                  00009888    00000008     testio_pem4f.oem4f (.text:ti_sysbios_fatfs_getFatTime)
                  00009890    00000006     Boot.aem4f : Boot.oem4f (.text)
                  00009896    00000006     driverlib-cm4f.lib : uart.obj (.text:UARTFIFOLevelSet)
                  0000989c    00000006     ti.targets.arm.rtsarm.aem4f : xdc_noinit.oem4f (.text:__xdc__init)
                  000098a2    00000006     rtsv7M4_T_le_v4SPD16_eabi.lib : copy_decompress_rle.obj (.text:decompress:rle24)
                  000098a8    00000006     ti.sysbios.fatfs.aem4f : ff.oem4f (.text:lock_fs)
                  000098ae    00000006     uart_stellarisware.aem4f : UART.oem4f (.text:readSemCallback)
                  000098b4    00000006     sysbios.lib : BIOS.obj (.text:ti_sysbios_family_arm_lm3_TimestampProvider_Module_startup__F)
                  000098ba    00000006                 : BIOS.obj (.text:ti_sysbios_gates_GateHwi_leave__E)
                  000098c0    00000006                 : BIOS.obj (.text:ti_sysbios_heaps_HeapMem_isBlocking__E)
                  000098c6    00000006                 : BIOS.obj (.text:ti_sysbios_knl_Queue_Instance_init__F)
                  000098cc    00000006     ti.uia.runtime.aem4f : LoggerStopMode.oem4f (.text:ti_uia_runtime_LoggerStopMode_getPriority__E)
                  000098d2    00000006                          : LoggerStopMode.oem4f (.text:ti_uia_runtime_LoggerStopMode_getTransferType__F)
                  000098d8    00000006     uart_stellarisware.aem4f : UART.oem4f (.text:writeSemCallback)
                  000098de    00000006     ti.targets.arm.rtsarm.aem4f : System.oem4f (.text:xdc_runtime_System_Module_startup__F)
                  000098e4    00000004     driverlib-cm4f.lib : uart.obj (.text:UARTIntClear)
                  000098e8    00000004     ti.sysbios.fatfs.aem4f : syncsysbios.oem4f (.text:ff_rel_grant)
                  000098ec    00000004     testio_pem4f.oem4f (.text:ti_sysbios_BIOS_RtsGateProxy_enter__E)
                  000098f0    00000004     testio_pem4f.oem4f (.text:ti_sysbios_BIOS_RtsGateProxy_leave__E)
                  000098f4    00000004     sysbios.lib : BIOS.obj (.text:ti_sysbios_family_arm_lm3_Timer_getPeriod__E)
                  000098f8    00000004     testio_pem4f.oem4f (.text:ti_sysbios_family_arm_m3_TaskSupport_Module__startupDone__S)
                  000098fc    00000004     sysbios.lib : BIOS.obj (.text:ti_sysbios_gates_GateHwi_query__F)
                  00009900    00000004                 : BIOS.obj (.text:ti_sysbios_gates_GateMutex_query__F)
                  00009904    00000004     testio_pem4f.oem4f (.text:ti_sysbios_hal_Hwi_HwiProxy_Module__startupDone__S)
                  00009908    00000004     testio_pem4f.oem4f (.text:ti_sysbios_hal_Hwi_HwiProxy_Object__delete__S)
                  0000990c    00000004     testio_pem4f.oem4f (.text:ti_sysbios_hal_Timer_TimerProxy_Module__startupDone__S)
                  00009910    00000004     testio_pem4f.oem4f (.text:ti_sysbios_hal_Timer_TimerProxy_getExpiredCounts__E)
                  00009914    00000004     testio_pem4f.oem4f (.text:ti_sysbios_hal_Timer_TimerProxy_getPeriod__E)
                  00009918    00000004     testio_pem4f.oem4f (.text:ti_sysbios_hal_Timer_TimerProxy_setNextTick__E)
                  0000991c    00000004     testio_pem4f.oem4f (.text:ti_sysbios_heaps_HeapMem_Module_GateProxy_enter__E)
                  00009920    00000004     testio_pem4f.oem4f (.text:ti_sysbios_heaps_HeapMem_Module_GateProxy_leave__E)
                  00009924    00000004     testio_pem4f.oem4f (.text:ti_sysbios_knl_Task_SupportProxy_Module__startupDone__S)
                  00009928    00000004     testio_pem4f.oem4f (.text:ti_uia_runtime_LogSync_CpuTimestampProxy_Module__startupDone__S)
                  0000992c    00000004     testio_pem4f.oem4f (.text:ti_uia_runtime_LogSync_GlobalTimestampProxy_Module__startupDone__S)
                  00009930    00000004     ti.uia.runtime.aem4f : LoggerStopMode.oem4f (.text:ti_uia_runtime_LoggerStopMode_getInstanceId__E)
                  00009934    00000004                          : LoggerStopMode.oem4f (.text:ti_uia_runtime_LoggerStopMode_getMaxLength__E)
                  00009938    00000004                          : LoggerStopMode.oem4f (.text:ti_uia_runtime_LoggerStopMode_setPriority__E)
                  0000993c    00000004     ti.targets.arm.rtsarm.aem4f : Error.oem4f (.text:xdc_runtime_Error_getSite__F)
                  00009940    00000004     testio_pem4f.oem4f (.text:xdc_runtime_Memory_HeapProxy_alloc__E)
                  00009944    00000004     testio_pem4f.oem4f (.text:xdc_runtime_Memory_HeapProxy_free__E)
                  00009948    00000004     testio_pem4f.oem4f (.text:xdc_runtime_Startup_reset__I)
                  0000994c    00000004     testio_pem4f.oem4f (.text:xdc_runtime_System_Module_GateProxy_enter__E)
                  00009950    00000004     testio_pem4f.oem4f (.text:xdc_runtime_System_Module_GateProxy_leave__E)
                  00009954    00000004     ti.targets.arm.rtsarm.aem4f : System.oem4f (.text:xdc_runtime_System_aprintf_va__F)
                  00009958    00000004                                 : System.oem4f (.text:xdc_runtime_System_printf_va__F)
                  0000995c    00000004     testio_pem4f.oem4f (.text:xdc_runtime_System_vsprintf__E)
                  00009960    00000004     testio_pem4f.oem4f (.text:xdc_runtime_TimestampNull_Module__startupDone__S)
                  00009964    00000004     testio_pem4f.oem4f (.text:xdc_runtime_Timestamp_Module__startupDone__S)

.const     0    00009968    00002851     
                  00009968    00001d83     testio_pem4f.oem4f (.const:xdc_runtime_Text_charTab__A)
                  0000b6eb    00000001     --HOLE-- [fill = 0]
                  0000b6ec    000000fc     testio_pem4f.oem4f (.const:xdc_runtime_Text_nodeTab__A)
                  0000b7e8    000000a8     EKS_LM4F232.obj (.const:gpioHWAttrs)
                  0000b890    00000078     driverlib-cm4f.lib : gpio.obj (.const:g_pulGPIOBaseAddrs)
                  0000b908    0000006c                        : sysctl.obj (.const:g_pulXtals)
                  0000b974    00000060     testio_pem4f.oem4f (.const:ti_uia_runtime_LoggerStopMode_Module__FXNS__C)
                  0000b9d4    0000005c     EKS_LM4F232.obj (.const)
                  0000ba30    00000047     testio_pem4f.oem4f (.const:.string)
                  0000ba77    00000001     --HOLE-- [fill = 0]
                  0000ba78    00000040     driverlib-cm4f.lib : sysctl.obj (.const)
                  0000bab8    00000030     testio_pem4f.oem4f (.const:ti_sysbios_knl_Task_hooks__A)
                  0000bae8    00000030     testio_pem4f.oem4f (.const:ti_uia_runtime_LoggerStopMode_Object__PARAMS__C)
                  0000bb18    00000030     testio_pem4f.oem4f (.const:xdc_runtime_Startup_sfxnTab__A)
                  0000bb48    0000002c     testio_pem4f.oem4f (.const:ti_sysbios_family_arm_m3_Hwi_Object__PARAMS__C)
                  0000bb74    0000002c     testio_pem4f.oem4f (.const:ti_sysbios_hal_Hwi_Object__PARAMS__C)
                  0000bba0    00000028     EKS_LM4F232.obj (.const:sdspiHWAttrs)
                  0000bbc8    00000028     testio_pem4f.oem4f (.const:ti_sysbios_heaps_HeapMem_Module__FXNS__C)
                  0000bbf0    00000024     testio_pem4f.oem4f (.const:ti_sysbios_gates_GateHwi_Module__FXNS__C)
                  0000bc14    00000024     testio_pem4f.oem4f (.const:ti_sysbios_gates_GateMutex_Module__FXNS__C)
                  0000bc38    00000024     testio_pem4f.oem4f (.const:ti_sysbios_knl_Clock_Object__PARAMS__C)
                  0000bc5c    00000024     testio_pem4f.oem4f (.const:ti_sysbios_knl_Semaphore_Object__PARAMS__C)
                  0000bc80    00000020     testio_pem4f.oem4f (.const:ti_sysbios_family_arm_m3_Hwi_Object__DESC__C)
                  0000bca0    00000020     testio_pem4f.oem4f (.const:ti_sysbios_gates_GateHwi_Object__DESC__C)
                  0000bcc0    00000020     testio_pem4f.oem4f (.const:ti_sysbios_gates_GateMutex_Object__DESC__C)
                  0000bce0    00000020     testio_pem4f.oem4f (.const:ti_sysbios_hal_Hwi_Object__DESC__C)
                  0000bd00    00000020     testio_pem4f.oem4f (.const:ti_sysbios_heaps_HeapMem_Object__DESC__C)
                  0000bd20    00000020     testio_pem4f.oem4f (.const:ti_sysbios_heaps_HeapMem_Object__PARAMS__C)
                  0000bd40    00000020     testio_pem4f.oem4f (.const:ti_sysbios_knl_Clock_Object__DESC__C)
                  0000bd60    00000020     testio_pem4f.oem4f (.const:ti_sysbios_knl_Queue_Object__DESC__C)
                  0000bd80    00000020     testio_pem4f.oem4f (.const:ti_sysbios_knl_Semaphore_Object__DESC__C)
                  0000bda0    00000020     testio_pem4f.oem4f (.const:ti_uia_runtime_LoggerStopMode_Object__DESC__C)
                  0000bdc0    00000018     testio_pem4f.oem4f (.const:ti_sysbios_gates_GateHwi_Object__PARAMS__C)
                  0000bdd8    00000018     testio_pem4f.oem4f (.const:ti_sysbios_gates_GateMutex_Object__PARAMS__C)
                  0000bdf0    00000018     testio_pem4f.oem4f (.const:ti_sysbios_knl_Queue_Object__PARAMS__C)
                  0000be08    00000018     testio_pem4f.oem4f (.const:xdc_runtime_Startup_sfxnRts__A)
                  0000be20    00000017     testio.obj (.const:.string)
                  0000be37    00000001     --HOLE-- [fill = 0]
                  0000be38    00000011     ti.targets.arm.rtsarm.aem4f : System.oem4f (.const)
                  0000be49    00000003     --HOLE-- [fill = 0]
                  0000be4c    00000010     testio_pem4f.oem4f (.const:xdc_runtime_Startup_firstFxns__A)
                  0000be5c    00000008     testio_pem4f.oem4f (.const:ti_sysbios_knl_Idle_funcList__A)
                  0000be64    00000008     testio_pem4f.oem4f (.const:ti_sysbios_knl_Idle_funcList__C)
                  0000be6c    00000008     testio_pem4f.oem4f (.const:ti_sysbios_knl_Task_hooks__C)
                  0000be74    00000008     testio_pem4f.oem4f (.const:xdc_runtime_Startup_firstFxns__C)
                  0000be7c    00000008     testio_pem4f.oem4f (.const:xdc_runtime_Startup_lastFxns__A)
                  0000be84    00000008     testio_pem4f.oem4f (.const:xdc_runtime_Startup_lastFxns__C)
                  0000be8c    00000004     testio_pem4f.oem4f (.const:ti_sysbios_BIOS_Module__diagsEnabled__C)
                  0000be90    00000004     testio_pem4f.oem4f (.const:ti_sysbios_BIOS_Module__diagsIncluded__C)
                  0000be94    00000004     testio_pem4f.oem4f (.const:ti_sysbios_BIOS_Module__diagsMask__C)
                  0000be98    00000004     testio_pem4f.oem4f (.const:ti_sysbios_BIOS_installedErrorHook__C)
                  0000be9c    00000004     testio_pem4f.oem4f (.const:ti_sysbios_family_arm_lm3_Timer_WRALLOW__C)
                  0000bea0    00000004     testio_pem4f.oem4f (.const:ti_sysbios_family_arm_lm3_Timer_numTimerDevices__C)
                  0000bea4    00000004     testio_pem4f.oem4f (.const:ti_sysbios_family_arm_lm3_Timer_startupNeeded__C)
                  0000bea8    00000004     testio_pem4f.oem4f (.const:ti_sysbios_family_arm_m3_Hwi_E_NMI__C)
                  0000beac    00000004     testio_pem4f.oem4f (.const:ti_sysbios_family_arm_m3_Hwi_E_alreadyDefined__C)
                  0000beb0    00000004     testio_pem4f.oem4f (.const:ti_sysbios_family_arm_m3_Hwi_E_busFault__C)
                  0000beb4    00000004     testio_pem4f.oem4f (.const:ti_sysbios_family_arm_m3_Hwi_E_debugMon__C)
                  0000beb8    00000004     testio_pem4f.oem4f (.const:ti_sysbios_family_arm_m3_Hwi_E_hardFault__C)
                  0000bebc    00000004     testio_pem4f.oem4f (.const:ti_sysbios_family_arm_m3_Hwi_E_memFault__C)
                  0000bec0    00000004     testio_pem4f.oem4f (.const:ti_sysbios_family_arm_m3_Hwi_E_noIsr__C)
                  0000bec4    00000004     testio_pem4f.oem4f (.const:ti_sysbios_family_arm_m3_Hwi_E_reserved__C)
                  0000bec8    00000004     testio_pem4f.oem4f (.const:ti_sysbios_family_arm_m3_Hwi_E_svCall__C)
                  0000becc    00000004     testio_pem4f.oem4f (.const:ti_sysbios_family_arm_m3_Hwi_E_usageFault__C)
                  0000bed0    00000004     testio_pem4f.oem4f (.const:ti_sysbios_family_arm_m3_Hwi_LD_end__C)
                  0000bed4    00000004     testio_pem4f.oem4f (.const:ti_sysbios_family_arm_m3_Hwi_LM_begin__C)
                  0000bed8    00000004     testio_pem4f.oem4f (.const:ti_sysbios_family_arm_m3_Hwi_Module__diagsEnabled__C)
                  0000bedc    00000004     testio_pem4f.oem4f (.const:ti_sysbios_family_arm_m3_Hwi_Module__diagsIncluded__C)
                  0000bee0    00000004     testio_pem4f.oem4f (.const:ti_sysbios_family_arm_m3_Hwi_Module__diagsMask__C)
                  0000bee4    00000004     testio_pem4f.oem4f (.const:ti_sysbios_family_arm_m3_Hwi_Module__loggerFxn1__C)
                  0000bee8    00000004     testio_pem4f.oem4f (.const:ti_sysbios_family_arm_m3_Hwi_Module__loggerFxn8__C)
                  0000beec    00000004     testio_pem4f.oem4f (.const:ti_sysbios_family_arm_m3_Hwi_Module__loggerObj__C)
                  0000bef0    00000004     testio_pem4f.oem4f (.const:ti_sysbios_family_arm_m3_Hwi_NUM_INTERRUPTS__C)
                  0000bef4    00000004     testio_pem4f.oem4f (.const:ti_sysbios_family_arm_m3_Hwi_ccr__C)
                  0000bef8    00000004     testio_pem4f.oem4f (.const:ti_sysbios_family_arm_m3_Hwi_disablePriority__C)
                  0000befc    00000004     testio_pem4f.oem4f (.const:ti_sysbios_family_arm_m3_Hwi_excHandlerFunc__C)
                  0000bf00    00000004     testio_pem4f.oem4f (.const:ti_sysbios_family_arm_m3_Hwi_excHookFunc__C)
                  0000bf04    00000004     testio_pem4f.oem4f (.const:ti_sysbios_family_arm_m3_Hwi_priGroup__C)
                  0000bf08    00000004     testio_pem4f.oem4f (.const:ti_sysbios_gates_GateMutex_A_badContext__C)
                  0000bf0c    00000004     testio_pem4f.oem4f (.const:ti_sysbios_gates_GateMutex_Instance_State_sem__O)
                  0000bf10    00000004     testio_pem4f.oem4f (.const:ti_sysbios_gates_GateMutex_Module__diagsEnabled__C)
                  0000bf14    00000004     testio_pem4f.oem4f (.const:ti_sysbios_gates_GateMutex_Module__diagsIncluded__C)
                  0000bf18    00000004     testio_pem4f.oem4f (.const:ti_sysbios_gates_GateMutex_Module__diagsMask__C)
                  0000bf1c    00000004     testio_pem4f.oem4f (.const:ti_sysbios_hal_Hwi_E_stackOverflow__C)
                  0000bf20    00000004     testio_pem4f.oem4f (.const:ti_sysbios_heaps_HeapMem_A_align__C)
                  0000bf24    00000004     testio_pem4f.oem4f (.const:ti_sysbios_heaps_HeapMem_A_heapSize__C)
                  0000bf28    00000004     testio_pem4f.oem4f (.const:ti_sysbios_heaps_HeapMem_A_invalidFree__C)
                  0000bf2c    00000004     testio_pem4f.oem4f (.const:ti_sysbios_heaps_HeapMem_A_zeroBlock__C)
                  0000bf30    00000004     testio_pem4f.oem4f (.const:ti_sysbios_heaps_HeapMem_E_memory__C)
                  0000bf34    00000004     testio_pem4f.oem4f (.const:ti_sysbios_heaps_HeapMem_Module__diagsEnabled__C)
                  0000bf38    00000004     testio_pem4f.oem4f (.const:ti_sysbios_heaps_HeapMem_Module__diagsIncluded__C)
                  0000bf3c    00000004     testio_pem4f.oem4f (.const:ti_sysbios_heaps_HeapMem_Module__diagsMask__C)
                  0000bf40    00000004     testio_pem4f.oem4f (.const:ti_sysbios_heaps_HeapMem_Module__gateObj__C)
                  0000bf44    00000004     testio_pem4f.oem4f (.const:ti_sysbios_heaps_HeapMem_Object__count__C)
                  0000bf48    00000004     testio_pem4f.oem4f (.const:ti_sysbios_heaps_HeapMem_reqAlignMask__C)
                  0000bf4c    00000004     testio_pem4f.oem4f (.const:ti_sysbios_heaps_HeapMem_reqAlign__C)
                  0000bf50    00000004     testio_pem4f.oem4f (.const:ti_sysbios_knl_Clock_A_badThreadType__C)
                  0000bf54    00000004     testio_pem4f.oem4f (.const:ti_sysbios_knl_Clock_LM_begin__C)
                  0000bf58    00000004     testio_pem4f.oem4f (.const:ti_sysbios_knl_Clock_LM_tick__C)
                  0000bf5c    00000004     testio_pem4f.oem4f (.const:ti_sysbios_knl_Clock_LW_delayed__C)
                  0000bf60    00000004     testio_pem4f.oem4f (.const:ti_sysbios_knl_Clock_Module_State_clockQ__O)
                  0000bf64    00000004     testio_pem4f.oem4f (.const:ti_sysbios_knl_Clock_Module__diagsEnabled__C)
                  0000bf68    00000004     testio_pem4f.oem4f (.const:ti_sysbios_knl_Clock_Module__diagsIncluded__C)
                  0000bf6c    00000004     testio_pem4f.oem4f (.const:ti_sysbios_knl_Clock_Module__diagsMask__C)
                  0000bf70    00000004     testio_pem4f.oem4f (.const:ti_sysbios_knl_Clock_Module__loggerFxn1__C)
                  0000bf74    00000004     testio_pem4f.oem4f (.const:ti_sysbios_knl_Clock_Module__loggerFxn2__C)
                  0000bf78    00000004     testio_pem4f.oem4f (.const:ti_sysbios_knl_Clock_Module__loggerObj__C)
                  0000bf7c    00000004     testio_pem4f.oem4f (.const:ti_sysbios_knl_Semaphore_A_badContext__C)
                  0000bf80    00000004     testio_pem4f.oem4f (.const:ti_sysbios_knl_Semaphore_A_noEvents__C)
                  0000bf84    00000004     testio_pem4f.oem4f (.const:ti_sysbios_knl_Semaphore_Instance_State_pendQ__O)
                  0000bf88    00000004     testio_pem4f.oem4f (.const:ti_sysbios_knl_Semaphore_LM_pend__C)
                  0000bf8c    00000004     testio_pem4f.oem4f (.const:ti_sysbios_knl_Semaphore_LM_post__C)
                  0000bf90    00000004     testio_pem4f.oem4f (.const:ti_sysbios_knl_Semaphore_Module__diagsEnabled__C)
                  0000bf94    00000004     testio_pem4f.oem4f (.const:ti_sysbios_knl_Semaphore_Module__diagsIncluded__C)
                  0000bf98    00000004     testio_pem4f.oem4f (.const:ti_sysbios_knl_Semaphore_Module__diagsMask__C)
                  0000bf9c    00000004     testio_pem4f.oem4f (.const:ti_sysbios_knl_Semaphore_Module__loggerFxn2__C)
                  0000bfa0    00000004     testio_pem4f.oem4f (.const:ti_sysbios_knl_Semaphore_Module__loggerFxn4__C)
                  0000bfa4    00000004     testio_pem4f.oem4f (.const:ti_sysbios_knl_Semaphore_Module__loggerObj__C)
                  0000bfa8    00000004     testio_pem4f.oem4f (.const:ti_sysbios_knl_Swi_LD_end__C)
                  0000bfac    00000004     testio_pem4f.oem4f (.const:ti_sysbios_knl_Swi_LM_begin__C)
                  0000bfb0    00000004     testio_pem4f.oem4f (.const:ti_sysbios_knl_Swi_LM_post__C)
                  0000bfb4    00000004     testio_pem4f.oem4f (.const:ti_sysbios_knl_Swi_Module__diagsEnabled__C)
                  0000bfb8    00000004     testio_pem4f.oem4f (.const:ti_sysbios_knl_Swi_Module__diagsIncluded__C)
                  0000bfbc    00000004     testio_pem4f.oem4f (.const:ti_sysbios_knl_Swi_Module__diagsMask__C)
                  0000bfc0    00000004     testio_pem4f.oem4f (.const:ti_sysbios_knl_Swi_Module__loggerFxn1__C)
                  0000bfc4    00000004     testio_pem4f.oem4f (.const:ti_sysbios_knl_Swi_Module__loggerFxn4__C)
                  0000bfc8    00000004     testio_pem4f.oem4f (.const:ti_sysbios_knl_Swi_Module__loggerObj__C)
                  0000bfcc    00000004     testio_pem4f.oem4f (.const:ti_sysbios_knl_Swi_Object__count__C)
                  0000bfd0    00000004     testio_pem4f.oem4f (.const:ti_sysbios_knl_Task_E_spOutOfBounds__C)
                  0000bfd4    00000004     testio_pem4f.oem4f (.const:ti_sysbios_knl_Task_E_stackOverflow__C)
                  0000bfd8    00000004     testio_pem4f.oem4f (.const:ti_sysbios_knl_Task_LD_block__C)
                  0000bfdc    00000004     testio_pem4f.oem4f (.const:ti_sysbios_knl_Task_LD_exit__C)
                  0000bfe0    00000004     testio_pem4f.oem4f (.const:ti_sysbios_knl_Task_LD_ready__C)
                  0000bfe4    00000004     testio_pem4f.oem4f (.const:ti_sysbios_knl_Task_LM_switch__C)
                  0000bfe8    00000004     testio_pem4f.oem4f (.const:ti_sysbios_knl_Task_Module_State_inactiveQ__O)
                  0000bfec    00000004     testio_pem4f.oem4f (.const:ti_sysbios_knl_Task_Module_State_terminatedQ__O)
                  0000bff0    00000004     testio_pem4f.oem4f (.const:ti_sysbios_knl_Task_Module__diagsEnabled__C)
                  0000bff4    00000004     testio_pem4f.oem4f (.const:ti_sysbios_knl_Task_Module__diagsIncluded__C)
                  0000bff8    00000004     testio_pem4f.oem4f (.const:ti_sysbios_knl_Task_Module__diagsMask__C)
                  0000bffc    00000004     testio_pem4f.oem4f (.const:ti_sysbios_knl_Task_Module__loggerFxn2__C)
                  0000c000    00000004     testio_pem4f.oem4f (.const:ti_sysbios_knl_Task_Module__loggerFxn4__C)
                  0000c004    00000004     testio_pem4f.oem4f (.const:ti_sysbios_knl_Task_Module__loggerObj__C)
                  0000c008    00000004     testio_pem4f.oem4f (.const:ti_sysbios_knl_Task_Object__count__C)
                  0000c00c    00000004     testio_pem4f.oem4f (.const:ti_sysbios_knl_Task_Object__heap__C)
                  0000c010    00000004     testio_pem4f.oem4f (.const:ti_sysbios_knl_Task_allBlockedFunc__C)
                  0000c014    00000004     testio_pem4f.oem4f (.const:ti_sysbios_knl_Task_numConstructedTasks__C)
                  0000c018    00000004     testio_pem4f.oem4f (.const:ti_sysbios_utils_Load_LS_cpuLoad__C)
                  0000c01c    00000004     testio_pem4f.oem4f (.const:ti_sysbios_utils_Load_LS_hwiLoad__C)
                  0000c020    00000004     testio_pem4f.oem4f (.const:ti_sysbios_utils_Load_LS_swiLoad__C)
                  0000c024    00000004     testio_pem4f.oem4f (.const:ti_sysbios_utils_Load_LS_taskLoad__C)
                  0000c028    00000004     testio_pem4f.oem4f (.const:ti_sysbios_utils_Load_Module_State_gate__O)
                  0000c02c    00000004     testio_pem4f.oem4f (.const:ti_sysbios_utils_Load_Module_State_taskList__O)
                  0000c030    00000004     testio_pem4f.oem4f (.const:ti_sysbios_utils_Load_Module__diagsEnabled__C)
                  0000c034    00000004     testio_pem4f.oem4f (.const:ti_sysbios_utils_Load_Module__diagsIncluded__C)
                  0000c038    00000004     testio_pem4f.oem4f (.const:ti_sysbios_utils_Load_Module__diagsMask__C)
                  0000c03c    00000004     testio_pem4f.oem4f (.const:ti_sysbios_utils_Load_Module__loggerFxn1__C)
                  0000c040    00000004     testio_pem4f.oem4f (.const:ti_sysbios_utils_Load_Module__loggerFxn2__C)
                  0000c044    00000004     testio_pem4f.oem4f (.const:ti_sysbios_utils_Load_Module__loggerFxn4__C)
                  0000c048    00000004     testio_pem4f.oem4f (.const:ti_sysbios_utils_Load_Module__loggerObj__C)
                  0000c04c    00000004     testio_pem4f.oem4f (.const:ti_sysbios_utils_Load_postUpdate__C)
                  0000c050    00000004     testio_pem4f.oem4f (.const:ti_sysbios_utils_Load_windowInMs__C)
                  0000c054    00000004     testio_pem4f.oem4f (.const:ti_uia_runtime_ILoggerSnapshot_Interface__BASE__C)
                  0000c058    00000004     testio_pem4f.oem4f (.const:ti_uia_runtime_IUIATransfer_Interface__BASE__C)
                  0000c05c    00000004     testio_pem4f.oem4f (.const:ti_uia_runtime_LoggerStopMode_E_badLevel__C)
                  0000c060    00000004     testio_pem4f.oem4f (.const:ti_uia_runtime_LoggerStopMode_Object__count__C)
                  0000c064    00000004     testio_pem4f.oem4f (.const:ti_uia_runtime_LoggerStopMode_overflowLogger__C)
                  0000c068    00000004     testio_pem4f.oem4f (.const:ti_uia_runtime_LoggerStopMode_statusLogger__C)
                  0000c06c    00000004     testio_pem4f.oem4f (.const:xdc_runtime_Assert_E_assertFailed__C)
                  0000c070    00000004     testio_pem4f.oem4f (.const:xdc_runtime_Core_A_initializedParams__C)
                  0000c074    00000004     testio_pem4f.oem4f (.const:xdc_runtime_Core_Module__diagsEnabled__C)
                  0000c078    00000004     testio_pem4f.oem4f (.const:xdc_runtime_Core_Module__diagsIncluded__C)
                  0000c07c    00000004     testio_pem4f.oem4f (.const:xdc_runtime_Core_Module__diagsMask__C)
                  0000c080    00000004     testio_pem4f.oem4f (.const:xdc_runtime_Error_E_generic__C)
                  0000c084    00000004     testio_pem4f.oem4f (.const:xdc_runtime_Error_E_memory__C)
                  0000c088    00000004     testio_pem4f.oem4f (.const:xdc_runtime_Error_Module__diagsEnabled__C)
                  0000c08c    00000004     testio_pem4f.oem4f (.const:xdc_runtime_Error_Module__diagsIncluded__C)
                  0000c090    00000004     testio_pem4f.oem4f (.const:xdc_runtime_Error_Module__diagsMask__C)
                  0000c094    00000004     testio_pem4f.oem4f (.const:xdc_runtime_Error_Module__loggerFxn8__C)
                  0000c098    00000004     testio_pem4f.oem4f (.const:xdc_runtime_Error_Module__loggerObj__C)
                  0000c09c    00000004     testio_pem4f.oem4f (.const:xdc_runtime_Error_raiseHook__C)
                  0000c0a0    00000004     testio_pem4f.oem4f (.const:xdc_runtime_IFilterLogger_Interface__BASE__C)
                  0000c0a4    00000004     testio_pem4f.oem4f (.const:xdc_runtime_IGateProvider_Interface__BASE__C)
                  0000c0a8    00000004     testio_pem4f.oem4f (.const:xdc_runtime_IHeap_Interface__BASE__C)
                  0000c0ac    00000004     testio_pem4f.oem4f (.const:xdc_runtime_ILogger_Interface__BASE__C)
                  0000c0b0    00000004     testio_pem4f.oem4f (.const:xdc_runtime_IModule_Interface__BASE__C)
                  0000c0b4    00000004     testio_pem4f.oem4f (.const:xdc_runtime_Log_L_error__C)
                  0000c0b8    00000004     testio_pem4f.oem4f (.const:xdc_runtime_Log_L_warning__C)
                  0000c0bc    00000004     testio_pem4f.oem4f (.const:xdc_runtime_Main_Module__diagsEnabled__C)
                  0000c0c0    00000004     testio_pem4f.oem4f (.const:xdc_runtime_Main_Module__diagsIncluded__C)
                  0000c0c4    00000004     testio_pem4f.oem4f (.const:xdc_runtime_Main_Module__diagsMask__C)
                  0000c0c8    00000004     testio_pem4f.oem4f (.const:xdc_runtime_Main_Module__loggerFxn1__C)
                  0000c0cc    00000004     testio_pem4f.oem4f (.const:xdc_runtime_Main_Module__loggerFxn2__C)
                  0000c0d0    00000004     testio_pem4f.oem4f (.const:xdc_runtime_Main_Module__loggerFxn4__C)
                  0000c0d4    00000004     testio_pem4f.oem4f (.const:xdc_runtime_Main_Module__loggerObj__C)
                  0000c0d8    00000004     testio_pem4f.oem4f (.const:xdc_runtime_Memory_defaultHeapInstance__C)
                  0000c0dc    00000004     testio_pem4f.oem4f (.const:xdc_runtime_Startup_execImpl__C)
                  0000c0e0    00000004     testio_pem4f.oem4f (.const:xdc_runtime_Startup_maxPasses__C)
                  0000c0e4    00000004     testio_pem4f.oem4f (.const:xdc_runtime_Startup_sfxnRts__C)
                  0000c0e8    00000004     testio_pem4f.oem4f (.const:xdc_runtime_Startup_sfxnTab__C)
                  0000c0ec    00000004     testio_pem4f.oem4f (.const:xdc_runtime_SysMin_bufSize__C)
                  0000c0f0    00000004     testio_pem4f.oem4f (.const:xdc_runtime_SysMin_outputFunc__C)
                  0000c0f4    00000004     testio_pem4f.oem4f (.const:xdc_runtime_System_Module__gateObj__C)
                  0000c0f8    00000004     testio_pem4f.oem4f (.const:xdc_runtime_System_extendFxn__C)
                  0000c0fc    00000004     testio_pem4f.oem4f (.const:xdc_runtime_System_maxAtexitHandlers__C)
                  0000c100    00000004     testio_pem4f.oem4f (.const:xdc_runtime_Text_charTab__C)
                  0000c104    00000004     testio_pem4f.oem4f (.const:xdc_runtime_Text_nameEmpty__C)
                  0000c108    00000004     testio_pem4f.oem4f (.const:xdc_runtime_Text_nameStatic__C)
                  0000c10c    00000004     testio_pem4f.oem4f (.const:xdc_runtime_Text_nameUnknown__C)
                  0000c110    00000004     testio_pem4f.oem4f (.const:xdc_runtime_Text_nodeTab__C)
                  0000c114    00000004     testio_pem4f.oem4f (.const:xdc_runtime_Text_visitRopeFxn__C)
                  0000c118    00000002     testio_pem4f.oem4f (.const:ti_sysbios_BIOS_Module__id__C)
                  0000c11a    00000002     --HOLE-- [fill = 0]
                  0000c11c    00000002     testio_pem4f.oem4f (.const:ti_sysbios_family_arm_lm3_TimestampProvider_useClockTimer__C)
                  0000c11e    00000002     --HOLE-- [fill = 0]
                  0000c120    00000002     testio_pem4f.oem4f (.const:ti_sysbios_family_arm_m3_Hwi_Module__id__C)
                  0000c122    00000002     --HOLE-- [fill = 0]
                  0000c124    00000002     testio_pem4f.oem4f (.const:ti_sysbios_family_arm_m3_Hwi_Module__loggerDefined__C)
                  0000c126    00000002     --HOLE-- [fill = 0]
                  0000c128    00000002     testio_pem4f.oem4f (.const:ti_sysbios_gates_GateMutex_Module__id__C)
                  0000c12a    00000002     --HOLE-- [fill = 0]
                  0000c12c    00000002     testio_pem4f.oem4f (.const:ti_sysbios_hal_Hwi_Module__id__C)
                  0000c12e    00000002     --HOLE-- [fill = 0]
                  0000c130    00000002     testio_pem4f.oem4f (.const:ti_sysbios_heaps_HeapMem_Module__id__C)
                  0000c132    00000002     --HOLE-- [fill = 0]
                  0000c134    00000002     testio_pem4f.oem4f (.const:ti_sysbios_knl_Clock_Module__id__C)
                  0000c136    00000002     --HOLE-- [fill = 0]
                  0000c138    00000002     testio_pem4f.oem4f (.const:ti_sysbios_knl_Clock_Module__loggerDefined__C)
                  0000c13a    00000002     --HOLE-- [fill = 0]
                  0000c13c    00000002     testio_pem4f.oem4f (.const:ti_sysbios_knl_Semaphore_Module__id__C)
                  0000c13e    00000002     --HOLE-- [fill = 0]
                  0000c140    00000002     testio_pem4f.oem4f (.const:ti_sysbios_knl_Semaphore_Module__loggerDefined__C)
                  0000c142    00000002     --HOLE-- [fill = 0]
                  0000c144    00000002     testio_pem4f.oem4f (.const:ti_sysbios_knl_Swi_Module__id__C)
                  0000c146    00000002     --HOLE-- [fill = 0]
                  0000c148    00000002     testio_pem4f.oem4f (.const:ti_sysbios_knl_Swi_Module__loggerDefined__C)
                  0000c14a    00000002     --HOLE-- [fill = 0]
                  0000c14c    00000002     testio_pem4f.oem4f (.const:ti_sysbios_knl_Task_Module__id__C)
                  0000c14e    00000002     --HOLE-- [fill = 0]
                  0000c150    00000002     testio_pem4f.oem4f (.const:ti_sysbios_knl_Task_Module__loggerDefined__C)
                  0000c152    00000002     --HOLE-- [fill = 0]
                  0000c154    00000002     testio_pem4f.oem4f (.const:ti_sysbios_knl_Task_deleteTerminatedTasks__C)
                  0000c156    00000002     --HOLE-- [fill = 0]
                  0000c158    00000002     testio_pem4f.oem4f (.const:ti_sysbios_knl_Task_initStackFlag__C)
                  0000c15a    00000002     --HOLE-- [fill = 0]
                  0000c15c    00000002     testio_pem4f.oem4f (.const:ti_sysbios_utils_Load_Module__id__C)
                  0000c15e    00000002     --HOLE-- [fill = 0]
                  0000c160    00000002     testio_pem4f.oem4f (.const:ti_sysbios_utils_Load_Module__loggerDefined__C)
                  0000c162    00000002     --HOLE-- [fill = 0]
                  0000c164    00000002     testio_pem4f.oem4f (.const:ti_sysbios_utils_Load_autoAddTasks__C)
                  0000c166    00000002     --HOLE-- [fill = 0]
                  0000c168    00000002     testio_pem4f.oem4f (.const:ti_sysbios_utils_Load_hwiEnabled__C)
                  0000c16a    00000002     --HOLE-- [fill = 0]
                  0000c16c    00000002     testio_pem4f.oem4f (.const:ti_sysbios_utils_Load_swiEnabled__C)
                  0000c16e    00000002     --HOLE-- [fill = 0]
                  0000c170    00000002     testio_pem4f.oem4f (.const:ti_sysbios_utils_Load_taskEnabled__C)
                  0000c172    00000002     --HOLE-- [fill = 0]
                  0000c174    00000002     testio_pem4f.oem4f (.const:ti_sysbios_utils_Load_updateInIdle__C)
                  0000c176    00000002     --HOLE-- [fill = 0]
                  0000c178    00000002     testio_pem4f.oem4f (.const:ti_uia_runtime_LoggerStopMode_Module__id__C)
                  0000c17a    00000002     --HOLE-- [fill = 0]
                  0000c17c    00000002     testio_pem4f.oem4f (.const:ti_uia_runtime_LoggerStopMode_filterByLevel__C)
                  0000c17e    00000002     --HOLE-- [fill = 0]
                  0000c180    00000002     testio_pem4f.oem4f (.const:ti_uia_runtime_LoggerStopMode_isTimestampEnabled__C)
                  0000c182    00000002     --HOLE-- [fill = 0]
                  0000c184    00000002     testio_pem4f.oem4f (.const:xdc_runtime_Core_Module__id__C)
                  0000c186    00000002     --HOLE-- [fill = 0]
                  0000c188    00000002     testio_pem4f.oem4f (.const:xdc_runtime_Error_Module__loggerDefined__C)
                  0000c18a    00000002     --HOLE-- [fill = 0]
                  0000c18c    00000002     testio_pem4f.oem4f (.const:xdc_runtime_Error_maxDepth__C)
                  0000c18e    00000002     --HOLE-- [fill = 0]
                  0000c190    00000002     testio_pem4f.oem4f (.const:xdc_runtime_Main_Module__id__C)
                  0000c192    00000002     --HOLE-- [fill = 0]
                  0000c194    00000002     testio_pem4f.oem4f (.const:xdc_runtime_Main_Module__loggerDefined__C)
                  0000c196    00000002     --HOLE-- [fill = 0]
                  0000c198    00000002     testio_pem4f.oem4f (.const:xdc_runtime_Memory_Module__id__C)
                  0000c19a    00000002     --HOLE-- [fill = 0]
                  0000c19c    00000002     testio_pem4f.oem4f (.const:xdc_runtime_SysMin_flushAtExit__C)
                  0000c19e    00000002     --HOLE-- [fill = 0]
                  0000c1a0    00000002     testio_pem4f.oem4f (.const:xdc_runtime_Text_charCnt__C)
                  0000c1a2    00000002     --HOLE-- [fill = 0]
                  0000c1a4    00000002     testio_pem4f.oem4f (.const:xdc_runtime_Text_isLoaded__C)
                  0000c1a6    00000002     --HOLE-- [fill = 0]
                  0000c1a8    00000002     testio_pem4f.oem4f (.const:xdc_runtime_Text_registryModsLastId__C)
                  0000c1aa    00000002     --HOLE-- [fill = 0]
                  0000c1ac    00000002     testio_pem4f.oem4f (.const:xdc_runtime_Text_unnamedModsLastId__C)
                  0000c1ae    00000002     --HOLE-- [fill = 0]
                  0000c1b0    00000001     testio_pem4f.oem4f (.const:ti_sysbios_knl_Clock_tickMode__C)
                  0000c1b1    00000003     --HOLE-- [fill = 0]
                  0000c1b4    00000001     testio_pem4f.oem4f (.const:ti_sysbios_knl_Clock_tickSource__C)
                  0000c1b5    00000003     --HOLE-- [fill = 0]
                  0000c1b8    00000001     testio_pem4f.oem4f (.const:xdc_runtime_Error_policy__C)

.cinit     0    0000c1c0    00000568     
                  0000c1c0    00000530     (.cinit..data.load) [load image, compression = rle]
                  0000c6f0    0000000c     (__TI_handler_table)
                  0000c6fc    00000004     --HOLE-- [fill = 0]
                  0000c700    00000008     (.cinit..bss.load) [load image, compression = zero_init]
                  0000c708    00000008     (.cinit..vecs.load) [load image, compression = zero_init]
                  0000c710    00000018     (__TI_cinit_table)

.vecs      0    20000000    00000354     UNINITIALIZED
                  20000000    00000354     testio_pem4f.oem4f (.vecs)

.bss       0    20000358    000031fc     UNINITIALIZED
                  20000358    00001000     testio_pem4f.oem4f (.bss:taskStackSection)
                  20001358    00001000     testio_pem4f.oem4f (.bss:ti_sysbios_heaps_HeapMem_Instance_State_0_buf__A)
                  20002358    00000480     testio_pem4f.oem4f (.bss:ti_uia_runtime_LoggerStopMode_Instance_State_1_bufferArray__A)
                  200027d8    00000480     testio_pem4f.oem4f (.bss:ti_uia_runtime_LoggerStopMode_Instance_State_2_bufferArray__A)
                  20002c58    00000400     testio_pem4f.oem4f (.bss:xdc_runtime_SysMin_Module_State_0_outbuf__A)
                  20003058    00000280     testio_pem4f.oem4f (.bss:ti_uia_runtime_LoggerStopMode_Instance_State_0_bufferArray__A)
                  200032d8    00000120     rtsv7M4_T_le_v4SPD16_eabi.lib : trgmsg.obj (.bss:__CIOBUF_)
                  200033f8    00000098     EKS_LM4F232.obj (.bss:uartObjects)
                  20003490    00000070     EKS_LM4F232.obj (.bss:I2CObjects)
                  20003500    00000028     ti.sysbios.fatfs.aem4f : ffcio.oem4f (.bss:filTable)
                  20003528    00000014     EKS_LM4F232.obj (.bss)
                  2000353c    00000010     testio_pem4f.oem4f (.bss)
                  2000354c    00000008     rtsv7M4_T_le_v4SPD16_eabi.lib : trgdrv.obj (.bss)

.stack     0    20003554    00001000     UNINITIALIZED
                  20003554    00001000     --HOLE--

.data      0    20004554    00000c12     
                  20004554    00000354     testio_pem4f.oem4f (.data:ti_sysbios_family_arm_m3_Hwi_Module_State_0_dispatchTable__A)
                  200048a8    000001b4     testio_pem4f.oem4f (.data)
                  20004a5c    00000108     testio_pem4f.oem4f (.data:ti_uia_runtime_LoggerStopMode_Object__table__V)
                  20004b64    000000d5     testio_pem4f.oem4f (.data:ti_sysbios_family_arm_m3_Hwi_Module_State_0_priorities__A)
                  20004c39    00000003     --HOLE--
                  20004c3c    000000cc     rtsv7M4_T_le_v4SPD16_eabi.lib : lowlev.obj (.data)
                  20004d08    00000098     testio_pem4f.oem4f (.data:ti_sysbios_utils_Load_Module__state__V)
                  20004da0    00000090     testio_pem4f.oem4f (.data:ti_sysbios_knl_Task_Object__table__V)
                  20004e30    00000080     testio_pem4f.oem4f (.data:ti_sysbios_knl_Swi_Module_State_0_readyQ__A)
                  20004eb0    00000080     testio_pem4f.oem4f (.data:ti_sysbios_knl_Task_Module_State_0_readyQ__A)
                  20004f30    00000060     testio_pem4f.oem4f (.data:ti_sysbios_family_arm_lm3_Timer_Object__table__V)
                  20004f90    00000050     ti.sysbios.fatfs.aem4f : diskio.oem4f (.data:drive_fxn_table)
                  20004fe0    00000050     testio_pem4f.oem4f (.data:ti_sysbios_family_arm_m3_Hwi_Module__state__V)
                  20005030    00000038     testio_pem4f.oem4f (.data:ti_sysbios_gates_GateMutex_Object__table__V)
                  20005068    00000034     testio_pem4f.oem4f (.data:ti_sysbios_knl_Task_Module__state__V)
[...]
00009871   ff_req_grant
00009879   ti_sysbios_family_arm_m3_Hwi_doSwiRestore__I
00009881   ti_sysbios_family_arm_m3_Hwi_startup__E
00009881   ti_sysbios_hal_Hwi_HwiProxy_startup__E
00009881   ti_sysbios_hal_Hwi_startup__E
00009889   get_fattime
00009889   ti_sysbios_fatfs_getFatTime
00009891   ti_catalog_arm_cortexm3_lm3init_Boot_sysCtlDelay
00009897   UARTFIFOLevelSet
0000989d   __xdc__init
000098a3   __TI_decompress_rle24
000098b5   ti_sysbios_family_arm_lm3_TimestampProvider_Module_startup__E
000098b5   ti_sysbios_family_arm_lm3_TimestampProvider_Module_startup__F
000098bb   ti_sysbios_gates_GateHwi_leave__E
000098c1   ti_sysbios_heaps_HeapMem_isBlocking__E
000098c7   ti_sysbios_knl_Queue_Instance_init__F
000098cd   ti_uia_runtime_LoggerStopMode_getPriority__E
000098d3   ti_uia_runtime_LoggerStopMode_getTransferType__E
000098d3   ti_uia_runtime_LoggerStopMode_getTransferType__F
000098df   xdc_runtime_System_Module_startup__E
000098df   xdc_runtime_System_Module_startup__F
000098e5   UARTIntClear
000098e9   ff_rel_grant
000098ed   ti_sysbios_BIOS_RtsGateProxy_enter__E
000098f1   ti_sysbios_BIOS_RtsGateProxy_leave__E
000098f5   ti_sysbios_family_arm_lm3_Timer_getPeriod__E
000098f9   ti_sysbios_family_arm_m3_TaskSupport_Module__startupDone__S
000098fd   ti_sysbios_gates_GateHwi_query__E
000098fd   ti_sysbios_gates_GateHwi_query__F
000098fd   xdc_runtime_Main_Module_GateProxy_query__E
000098fd   xdc_runtime_System_Module_GateProxy_query__E
00009901   ti_sysbios_BIOS_RtsGateProxy_query__E
00009901   ti_sysbios_gates_GateMutex_query__E
00009901   ti_sysbios_gates_GateMutex_query__F
00009901   ti_sysbios_heaps_HeapMem_Module_GateProxy_query__E
00009905   ti_sysbios_hal_Hwi_HwiProxy_Module__startupDone__S
00009909   ti_sysbios_hal_Hwi_HwiProxy_Object__delete__S
0000990d   ti_sysbios_hal_Timer_TimerProxy_Module__startupDone__S
00009911   ti_sysbios_hal_Timer_TimerProxy_getExpiredCounts__E
00009915   ti_sysbios_hal_Timer_TimerProxy_getPeriod__E
00009919   ti_sysbios_hal_Timer_TimerProxy_setNextTick__E
0000991d   ti_sysbios_heaps_HeapMem_Module_GateProxy_enter__E
00009921   ti_sysbios_heaps_HeapMem_Module_GateProxy_leave__E
00009925   ti_sysbios_knl_Task_SupportProxy_Module__startupDone__S
00009929   ti_uia_runtime_LogSync_CpuTimestampProxy_Module__startupDone__S
0000992d   ti_uia_runtime_LogSync_GlobalTimestampProxy_Module__startupDone__S
00009931   ti_uia_runtime_LoggerStopMode_getInstanceId__E
00009935   ti_uia_runtime_LoggerStopMode_getMaxLength__E
00009939   ti_uia_runtime_LoggerStopMode_setPriority__E
0000993d   xdc_runtime_Error_getSite__E
0000993d   xdc_runtime_Error_getSite__F
00009941   xdc_runtime_Memory_HeapProxy_alloc__E
00009945   xdc_runtime_Memory_HeapProxy_free__E
00009949   xdc_runtime_Startup_reset__I
0000994d   xdc_runtime_System_Module_GateProxy_enter__E
00009951   xdc_runtime_System_Module_GateProxy_leave__E
00009955   xdc_runtime_System_aprintf_va__F
00009959   xdc_runtime_System_printf_va__F
0000995d   xdc_runtime_System_vsprintf__E
00009961   xdc_runtime_TimestampNull_Module__startupDone__S
00009965   xdc_runtime_Timestamp_Module__startupDone__S
00009968   xdc_runtime_Text_charTab__A
0000b6ec   xdc_runtime_Text_nodeTab__A
0000b7e8   gpioHWAttrs
0000b974   ti_uia_runtime_LoggerStopMode_Module__FXNS__C
0000b9d4   GPIO_config
0000b9dc   uartHWAttrs
0000b9ec   UART_config
0000b9f8   SDSPI_config
0000ba04   USBMSCHFatFsHWAttrs
0000ba08   USBMSCHFatFs_config
0000ba14   I2CHWAttrs
0000ba24   I2C_config
0000bab8   ti_sysbios_knl_Task_hooks__A
0000bae8   ti_uia_runtime_LoggerStopMode_Object__PARAMS__C
0000bb18   xdc_runtime_Startup_sfxnTab__A
0000bb48   ti_sysbios_family_arm_m3_Hwi_Object__PARAMS__C
0000bb74   ti_sysbios_hal_Hwi_Object__PARAMS__C
0000bba0   sdspiHWAttrs
0000bbc8   ti_sysbios_heaps_HeapMem_Module__FXNS__C
0000bbf0   ti_sysbios_gates_GateHwi_Module__FXNS__C
0000bc14   ti_sysbios_gates_GateMutex_Module__FXNS__C
0000bc38   ti_sysbios_knl_Clock_Object__PARAMS__C
0000bc5c   ti_sysbios_knl_Semaphore_Object__PARAMS__C
0000bc80   ti_sysbios_family_arm_m3_Hwi_Object__DESC__C
0000bca0   ti_sysbios_gates_GateHwi_Object__DESC__C
0000bcc0   ti_sysbios_gates_GateMutex_Object__DESC__C
0000bce0   ti_sysbios_hal_Hwi_Object__DESC__C
0000bd00   ti_sysbios_heaps_HeapMem_Object__DESC__C
0000bd20   ti_sysbios_heaps_HeapMem_Object__PARAMS__C
0000bd40   ti_sysbios_knl_Clock_Object__DESC__C
0000bd60   ti_sysbios_knl_Queue_Object__DESC__C
0000bd80   ti_sysbios_knl_Semaphore_Object__DESC__C
0000bda0   ti_uia_runtime_LoggerStopMode_Object__DESC__C
0000bdc0   ti_sysbios_gates_GateHwi_Object__PARAMS__C
0000bdd8   ti_sysbios_gates_GateMutex_Object__PARAMS__C
0000bdf0   ti_sysbios_knl_Queue_Object__PARAMS__C
0000be08   xdc_runtime_Startup_sfxnRts__A
0000be4c   xdc_runtime_Startup_firstFxns__A
0000be5c   ti_sysbios_knl_Idle_funcList__A
0000be64   ti_sysbios_knl_Idle_funcList__C
0000be6c   ti_sysbios_knl_Task_hooks__C
0000be74   xdc_runtime_Startup_firstFxns__C
0000be7c   xdc_runtime_Startup_lastFxns__A
0000be84   xdc_runtime_Startup_lastFxns__C
0000be8c   ti_sysbios_BIOS_Module__diagsEnabled__C
0000be90   ti_sysbios_BIOS_Module__diagsIncluded__C
0000be94   ti_sysbios_BIOS_Module__diagsMask__C
0000be98   ti_sysbios_BIOS_installedErrorHook__C
0000be9c   ti_sysbios_family_arm_lm3_Timer_WRALLOW__C
0000bea0   ti_sysbios_family_arm_lm3_Timer_numTimerDevices__C
0000bea4   ti_sysbios_family_arm_lm3_Timer_startupNeeded__C
0000bea8   ti_sysbios_family_arm_m3_Hwi_E_NMI__C
0000beac   ti_sysbios_family_arm_m3_Hwi_E_alreadyDefined__C
0000beb0   ti_sysbios_family_arm_m3_Hwi_E_busFault__C
0000beb4   ti_sysbios_family_arm_m3_Hwi_E_debugMon__C
0000beb8   ti_sysbios_family_arm_m3_Hwi_E_hardFault__C
0000bebc   ti_sysbios_family_arm_m3_Hwi_E_memFault__C
0000bec0   ti_sysbios_family_arm_m3_Hwi_E_noIsr__C
0000bec4   ti_sysbios_family_arm_m3_Hwi_E_reserved__C
0000bec8   ti_sysbios_family_arm_m3_Hwi_E_svCall__C
0000becc   ti_sysbios_family_arm_m3_Hwi_E_usageFault__C
0000bed0   ti_sysbios_family_arm_m3_Hwi_LD_end__C
0000bed4   ti_sysbios_family_arm_m3_Hwi_LM_begin__C
0000bed8   ti_sysbios_family_arm_m3_Hwi_Module__diagsEnabled__C
0000bedc   ti_sysbios_family_arm_m3_Hwi_Module__diagsIncluded__C
0000bee0   ti_sysbios_family_arm_m3_Hwi_Module__diagsMask__C
0000bee4   ti_sysbios_family_arm_m3_Hwi_Module__loggerFxn1__C
0000bee8   ti_sysbios_family_arm_m3_Hwi_Module__loggerFxn8__C
0000beec   ti_sysbios_family_arm_m3_Hwi_Module__loggerObj__C
0000bef0   ti_sysbios_family_arm_m3_Hwi_NUM_INTERRUPTS__C
0000bef4   ti_sysbios_family_arm_m3_Hwi_ccr__C
0000bef8   ti_sysbios_family_arm_m3_Hwi_disablePriority__C
0000befc   ti_sysbios_family_arm_m3_Hwi_excHandlerFunc__C
0000bf00   ti_sysbios_family_arm_m3_Hwi_excHookFunc__C
0000bf04   ti_sysbios_family_arm_m3_Hwi_priGroup__C
0000bf08   ti_sysbios_gates_GateMutex_A_badContext__C
0000bf0c   ti_sysbios_gates_GateMutex_Instance_State_sem__O
0000bf10   ti_sysbios_gates_GateMutex_Module__diagsEnabled__C
0000bf14   ti_sysbios_gates_GateMutex_Module__diagsIncluded__C
0000bf18   ti_sysbios_gates_GateMutex_Module__diagsMask__C
0000bf1c   ti_sysbios_hal_Hwi_E_stackOverflow__C
0000bf20   ti_sysbios_heaps_HeapMem_A_align__C
0000bf24   ti_sysbios_heaps_HeapMem_A_heapSize__C
0000bf28   ti_sysbios_heaps_HeapMem_A_invalidFree__C
0000bf2c   ti_sysbios_heaps_HeapMem_A_zeroBlock__C
0000bf30   ti_sysbios_heaps_HeapMem_E_memory__C
0000bf34   ti_sysbios_heaps_HeapMem_Module__diagsEnabled__C
0000bf38   ti_sysbios_heaps_HeapMem_Module__diagsIncluded__C
0000bf3c   ti_sysbios_heaps_HeapMem_Module__diagsMask__C
0000bf40   ti_sysbios_heaps_HeapMem_Module__gateObj__C
0000bf44   ti_sysbios_heaps_HeapMem_Object__count__C
0000bf48   ti_sysbios_heaps_HeapMem_reqAlignMask__C
0000bf4c   ti_sysbios_heaps_HeapMem_reqAlign__C
0000bf50   ti_sysbios_knl_Clock_A_badThreadType__C
0000bf54   ti_sysbios_knl_Clock_LM_begin__C
0000bf58   ti_sysbios_knl_Clock_LM_tick__C
0000bf5c   ti_sysbios_knl_Clock_LW_delayed__C
0000bf60   ti_sysbios_knl_Clock_Module_State_clockQ__O
0000bf64   ti_sysbios_knl_Clock_Module__diagsEnabled__C
0000bf68   ti_sysbios_knl_Clock_Module__diagsIncluded__C
0000bf6c   ti_sysbios_knl_Clock_Module__diagsMask__C
0000bf70   ti_sysbios_knl_Clock_Module__loggerFxn1__C
0000bf74   ti_sysbios_knl_Clock_Module__loggerFxn2__C
0000bf78   ti_sysbios_knl_Clock_Module__loggerObj__C
0000bf7c   ti_sysbios_knl_Semaphore_A_badContext__C
0000bf80   ti_sysbios_knl_Semaphore_A_noEvents__C
0000bf84   ti_sysbios_knl_Semaphore_Instance_State_pendQ__O
0000bf88   ti_sysbios_knl_Semaphore_LM_pend__C
0000bf8c   ti_sysbios_knl_Semaphore_LM_post__C
0000bf90   ti_sysbios_knl_Semaphore_Module__diagsEnabled__C
0000bf94   ti_sysbios_knl_Semaphore_Module__diagsIncluded__C
0000bf98   ti_sysbios_knl_Semaphore_Module__diagsMask__C
0000bf9c   ti_sysbios_knl_Semaphore_Module__loggerFxn2__C
0000bfa0   ti_sysbios_knl_Semaphore_Module__loggerFxn4__C
0000bfa4   ti_sysbios_knl_Semaphore_Module__loggerObj__C
0000bfa8   ti_sysbios_knl_Swi_LD_end__C
0000bfac   ti_sysbios_knl_Swi_LM_begin__C
0000bfb0   ti_sysbios_knl_Swi_LM_post__C
0000bfb4   ti_sysbios_knl_Swi_Module__diagsEnabled__C
0000bfb8   ti_sysbios_knl_Swi_Module__diagsIncluded__C
0000bfbc   ti_sysbios_knl_Swi_Module__diagsMask__C
0000bfc0   ti_sysbios_knl_Swi_Module__loggerFxn1__C
0000bfc4   ti_sysbios_knl_Swi_Module__loggerFxn4__C
0000bfc8   ti_sysbios_knl_Swi_Module__loggerObj__C
0000bfcc   ti_sysbios_knl_Swi_Object__count__C
0000bfd0   ti_sysbios_knl_Task_E_spOutOfBounds__C
0000bfd4   ti_sysbios_knl_Task_E_stackOverflow__C
0000bfd8   ti_sysbios_knl_Task_LD_block__C
0000bfdc   ti_sysbios_knl_Task_LD_exit__C
0000bfe0   ti_sysbios_knl_Task_LD_ready__C
0000bfe4   ti_sysbios_knl_Task_LM_switch__C
0000bfe8   ti_sysbios_knl_Task_Module_State_inactiveQ__O
0000bfec   ti_sysbios_knl_Task_Module_State_terminatedQ__O
0000bff0   ti_sysbios_knl_Task_Module__diagsEnabled__C
0000bff4   ti_sysbios_knl_Task_Module__diagsIncluded__C
0000bff8   ti_sysbios_knl_Task_Module__diagsMask__C
0000bffc   ti_sysbios_knl_Task_Module__loggerFxn2__C
0000c000   ti_sysbios_knl_Task_Module__loggerFxn4__C
0000c004   ti_sysbios_knl_Task_Module__loggerObj__C
0000c008   ti_sysbios_knl_Task_Object__count__C
0000c00c   ti_sysbios_knl_Task_Object__heap__C
0000c010   ti_sysbios_knl_Task_allBlockedFunc__C
0000c014   ti_sysbios_knl_Task_numConstructedTasks__C
0000c018   ti_sysbios_utils_Load_LS_cpuLoad__C
0000c01c   ti_sysbios_utils_Load_LS_hwiLoad__C
0000c020   ti_sysbios_utils_Load_LS_swiLoad__C
0000c024   ti_sysbios_utils_Load_LS_taskLoad__C
0000c028   ti_sysbios_utils_Load_Module_State_gate__O
0000c02c   ti_sysbios_utils_Load_Module_State_taskList__O
0000c030   ti_sysbios_utils_Load_Module__diagsEnabled__C
0000c034   ti_sysbios_utils_Load_Module__diagsIncluded__C
0000c038   ti_sysbios_utils_Load_Module__diagsMask__C
0000c03c   ti_sysbios_utils_Load_Module__loggerFxn1__C
0000c040   ti_sysbios_utils_Load_Module__loggerFxn2__C
0000c044   ti_sysbios_utils_Load_Module__loggerFxn4__C
0000c048   ti_sysbios_utils_Load_Module__loggerObj__C
0000c04c   ti_sysbios_utils_Load_postUpdate__C
0000c050   ti_sysbios_utils_Load_windowInMs__C
0000c054   ti_uia_runtime_ILoggerSnapshot_Interface__BASE__C
0000c058   ti_uia_runtime_IUIATransfer_Interface__BASE__C
0000c05c   ti_uia_runtime_LoggerStopMode_E_badLevel__C
0000c060   ti_uia_runtime_LoggerStopMode_Object__count__C
0000c064   ti_uia_runtime_LoggerStopMode_overflowLogger__C
0000c068   ti_uia_runtime_LoggerStopMode_statusLogger__C
0000c06c   xdc_runtime_Assert_E_assertFailed__C
0000c070   xdc_runtime_Core_A_initializedParams__C
0000c074   xdc_runtime_Core_Module__diagsEnabled__C
0000c078   xdc_runtime_Core_Module__diagsIncluded__C
0000c07c   xdc_runtime_Core_Module__diagsMask__C
0000c080   xdc_runtime_Error_E_generic__C
0000c084   xdc_runtime_Error_E_memory__C
0000c088   xdc_runtime_Error_Module__diagsEnabled__C
0000c08c   xdc_runtime_Error_Module__diagsIncluded__C
0000c090   xdc_runtime_Error_Module__diagsMask__C
0000c094   xdc_runtime_Error_Module__loggerFxn8__C
0000c098   xdc_runtime_Error_Module__loggerObj__C
0000c09c   xdc_runtime_Error_raiseHook__C
0000c0a0   xdc_runtime_IFilterLogger_Interface__BASE__C
0000c0a4   xdc_runtime_IGateProvider_Interface__BASE__C
0000c0a8   xdc_runtime_IHeap_Interface__BASE__C
0000c0ac   xdc_runtime_ILogger_Interface__BASE__C
0000c0b0   xdc_runtime_IModule_Interface__BASE__C
0000c0b4   xdc_runtime_Log_L_error__C
0000c0b8   xdc_runtime_Log_L_warning__C
0000c0bc   xdc_runtime_Main_Module__diagsEnabled__C
0000c0c0   xdc_runtime_Main_Module__diagsIncluded__C
0000c0c4   xdc_runtime_Main_Module__diagsMask__C
0000c0c8   xdc_runtime_Main_Module__loggerFxn1__C
0000c0cc   xdc_runtime_Main_Module__loggerFxn2__C
0000c0d0   xdc_runtime_Main_Module__loggerFxn4__C
0000c0d4   xdc_runtime_Main_Module__loggerObj__C
0000c0d8   xdc_runtime_Memory_defaultHeapInstance__C
0000c0dc   xdc_runtime_Startup_execImpl__C
0000c0e0   xdc_runtime_Startup_maxPasses__C
0000c0e4   xdc_runtime_Startup_sfxnRts__C
0000c0e8   xdc_runtime_Startup_sfxnTab__C
0000c0ec   xdc_runtime_SysMin_bufSize__C
0000c0f0   xdc_runtime_SysMin_outputFunc__C
0000c0f4   xdc_runtime_System_Module__gateObj__C
0000c0f8   xdc_runtime_System_extendFxn__C
0000c0fc   xdc_runtime_System_maxAtexitHandlers__C
0000c100   xdc_runtime_Text_charTab__C
0000c104   xdc_runtime_Text_nameEmpty__C
0000c108   xdc_runtime_Text_nameStatic__C
0000c10c   xdc_runtime_Text_nameUnknown__C
0000c110   xdc_runtime_Text_nodeTab__C
0000c114   xdc_runtime_Text_visitRopeFxn__C
0000c118   ti_sysbios_BIOS_Module__id__C
0000c11c   ti_sysbios_family_arm_lm3_TimestampProvider_useClockTimer__C
0000c120   ti_sysbios_family_arm_m3_Hwi_Module__id__C
0000c124   ti_sysbios_family_arm_m3_Hwi_Module__loggerDefined__C
0000c128   ti_sysbios_gates_GateMutex_Module__id__C
0000c12c   ti_sysbios_hal_Hwi_Module__id__C
0000c130   ti_sysbios_heaps_HeapMem_Module__id__C
0000c134   ti_sysbios_knl_Clock_Module__id__C
0000c138   ti_sysbios_knl_Clock_Module__loggerDefined__C
0000c13c   ti_sysbios_knl_Semaphore_Module__id__C
0000c140   ti_sysbios_knl_Semaphore_Module__loggerDefined__C
0000c144   ti_sysbios_knl_Swi_Module__id__C
0000c148   ti_sysbios_knl_Swi_Module__loggerDefined__C
0000c14c   ti_sysbios_knl_Task_Module__id__C
0000c150   ti_sysbios_knl_Task_Module__loggerDefined__C
0000c154   ti_sysbios_knl_Task_deleteTerminatedTasks__C
0000c158   ti_sysbios_knl_Task_initStackFlag__C
0000c15c   ti_sysbios_utils_Load_Module__id__C
0000c160   ti_sysbios_utils_Load_Module__loggerDefined__C
0000c164   ti_sysbios_utils_Load_autoAddTasks__C
0000c168   ti_sysbios_utils_Load_hwiEnabled__C
0000c16c   ti_sysbios_utils_Load_swiEnabled__C
0000c170   ti_sysbios_utils_Load_taskEnabled__C
0000c174   ti_sysbios_utils_Load_updateInIdle__C
0000c178   ti_uia_runtime_LoggerStopMode_Module__id__C
0000c17c   ti_uia_runtime_LoggerStopMode_filterByLevel__C
0000c180   ti_uia_runtime_LoggerStopMode_isTimestampEnabled__C
0000c184   xdc_runtime_Core_Module__id__C
0000c188   xdc_runtime_Error_Module__loggerDefined__C
0000c18c   xdc_runtime_Error_maxDepth__C
0000c190   xdc_runtime_Main_Module__id__C
0000c194   xdc_runtime_Main_Module__loggerDefined__C
0000c198   xdc_runtime_Memory_Module__id__C
0000c19c   xdc_runtime_SysMin_flushAtExit__C
0000c1a0   xdc_runtime_Text_charCnt__C
0000c1a4   xdc_runtime_Text_isLoaded__C
0000c1a8   xdc_runtime_Text_registryModsLastId__C
0000c1ac   xdc_runtime_Text_unnamedModsLastId__C
0000c1b0   ti_sysbios_knl_Clock_tickMode__C
0000c1b4   ti_sysbios_knl_Clock_tickSource__C
0000c1b8   xdc_runtime_Error_policy__C
0000c6f0   __TI_Handler_Table_Base
0000c6fc   __TI_Handler_Table_Limit
0000c710   __TI_CINIT_Base
0000c728   __TI_CINIT_Limit
20000000   ti_sysbios_family_arm_m3_Hwi_ramVectors
20000358   ti_sysbios_knl_Task_Instance_State_0_stack__A
20000b58   ti_sysbios_knl_Task_Instance_State_1_stack__A
20001358   ti_sysbios_heaps_HeapMem_Instance_State_0_buf__A
20002358   ti_uia_runtime_LoggerStopMode_Instance_State_1_bufferArray__A
200027d8   ti_uia_runtime_LoggerStopMode_Instance_State_2_bufferArray__A
20002c58   xdc_runtime_SysMin_Module_State_0_outbuf__A
20003058   ti_uia_runtime_LoggerStopMode_Instance_State_0_bufferArray__A
200032d8   __CIOBUF_
200033f8   uartObjects
20003490   I2CObjects
20003528   sdspiObjects
20003534   USBMSCHFatFsObjects
2000353c   ti_sysbios_knl_Task_Instance_State_0_hookEnv__A
20003544   ti_sysbios_knl_Task_Instance_State_1_hookEnv__A
20003554   __stack
20003654   __STACK_TOP
20004554   __STACK_END
20004554   ti_sysbios_family_arm_m3_Hwi_Module_State_0_dispatchTable__A
200048a8   ti_sysbios_BIOS_Module__state__V
200048c4   ti_sysbios_family_arm_lm3_Timer_Module__root__V
200048cc   ti_sysbios_family_arm_lm3_Timer_Module_State_0_device__A
200048ec   ti_sysbios_family_arm_lm3_Timer_Module_State_0_handles__A
200048fc   ti_sysbios_family_arm_lm3_Timer_Module__state__V
20004908   ti_sysbios_family_arm_lm3_TimestampProvider_Module__state__V
20004910   ti_sysbios_family_arm_m3_Hwi_Module__root__V
20004918   ti_sysbios_gates_GateHwi_Module__root__V
20004920   ti_sysbios_gates_GateHwi_Object__table__V
20004924   ti_sysbios_gates_GateMutex_Module__root__V
2000492c   ti_sysbios_hal_Hwi_Module__root__V
20004934   ti_sysbios_hal_Timer_Module__root__V
2000493c   ti_sysbios_hal_Timer_Object__table__V
20004944   ti_sysbios_heaps_HeapMem_Module__root__V
2000494c   ti_sysbios_heaps_HeapMem_Object__table__V
20004960   ti_sysbios_knl_Clock_Module__root__V
20004968   ti_sysbios_knl_Clock_Object__table__V
20004988   ti_sysbios_knl_Event_Module__root__V
20004994   ti_sysbios_knl_Queue_Module__root__V
2000499c   ti_sysbios_knl_Semaphore_Module__root__V
200049a8   ti_sysbios_knl_Swi_Module__root__V
200049b0   ti_sysbios_knl_Swi_Module__state__V
200049cc   ti_sysbios_knl_Task_Module__root__V
200049d8   ti_sysbios_utils_Load_Module__root__V
200049dc   ti_uia_runtime_LogSync_Module__root__V
200049e4   ti_uia_runtime_LogSync_Module__state__V
200049f0   ti_uia_runtime_LoggerStopMode_Module__root__V
200049f8   ti_uia_runtime_LoggerStopMode_Module__state__V
20004a00   xdc_runtime_Error_Module__state__V
20004a02   xdc_runtime_Main_Module__root__V
20004a04   xdc_runtime_Memory_Module__state__V
20004a08   xdc_runtime_Registry_Module__state__V
20004a10   xdc_runtime_Startup_Module__state__V
20004a18   xdc_runtime_SysMin_Module__state__V
20004a24   xdc_runtime_System_Module_State_0_atexitHandlers__A
20004a44   xdc_runtime_System_Module__state__V
20004a50   xdc_runtime_Text_Module__state__V
20004a58   __xdc__init__addr
20004a5c   ti_uia_runtime_LoggerStopMode_Object__table__V
20004b64   ti_sysbios_family_arm_m3_Hwi_Module_State_0_priorities__A
20004d08   ti_sysbios_utils_Load_Module__state__V
20004da0   ti_sysbios_knl_Task_Object__table__V
20004de8   TSK_idle
20004e30   ti_sysbios_knl_Swi_Module_State_0_readyQ__A
20004eb0   ti_sysbios_knl_Task_Module_State_0_readyQ__A
20004f30   ti_sysbios_family_arm_lm3_Timer_Object__table__V
20004fe0   ti_sysbios_family_arm_m3_Hwi_Module__state__V
20005030   ti_sysbios_gates_GateMutex_Object__table__V
20005068   ti_sysbios_knl_Task_Module__state__V
2000509c   ti_sysbios_family_arm_m3_Hwi_Object__table__V
200050cc   ti_sysbios_knl_Swi_Object__table__V
200050fc   ti_sysbios_knl_Clock_Module__state__V
2000513c   _lock
20005140   _unlock
20005144   _cleanup_ptr
20005148   _dtors_ptr
2000514c   ti_uia_runtime_QueueDescriptor_gPtrToFirstDescriptor
20005150   ti_uia_runtime_QueueDescriptor_gUpdateCount
20005158   main_func_sp
e000e000   ti_sysbios_family_arm_m3_Hwi_nvic
ffffffff   __binit__
ffffffff   __c_args__
ffffffff   binit
UNDEFED    SHT$$INIT_ARRAY$$Base
UNDEFED    SHT$$INIT_ARRAY$$Limit

[827 symbols]
